19:12:30 **** Build of configuration Debug for project RTC_DateTime ****
make all 
Building file: ../startup/startup_stm32l476xx.s
Invoking: MCU GCC Assembler
C:\C_Workspace\RTC_DateTime\Debug
arm-none-eabi-as -mcpu=cortex-m4 -mthumb -mfloat-abi=hard -mfpu=fpv4-sp-d16 -g -o "startup/startup_stm32l476xx.o" "../startup/startup_stm32l476xx.s"
Finished building: ../startup/startup_stm32l476xx.s
 
Building file: ../Src/it.c
Invoking: MCU GCC Compiler
C:\C_Workspace\RTC_DateTime\Debug
arm-none-eabi-gcc -mcpu=cortex-m4 -mthumb -mfloat-abi=hard -mfpu=fpv4-sp-d16 -DUSE_HAL_DRIVER -DSTM32L476xx -I"C:/C_Workspace/RTC_DateTime/Inc" -I"C:/C_Workspace/RTC_DateTime/Drivers/STM32L4xx_HAL_Driver/Inc" -I"C:/C_Workspace/RTC_DateTime/Drivers/STM32L4xx_HAL_Driver/Inc/Legacy" -I"C:/C_Workspace/RTC_DateTime/Drivers/CMSIS/Device/ST/STM32L4xx/Include" -I"C:/C_Workspace/RTC_DateTime/Drivers/CMSIS/Include"  -Og -g3 -Wall -fmessage-length=0 -ffunction-sections -c -fmessage-length=0 -MMD -MP -MF"Src/it.d" -MT"Src/it.o" -o "Src/it.o" "../Src/it.c"
Finished building: ../Src/it.c
 
Building file: ../Src/main.c
Invoking: MCU GCC Compiler
C:\C_Workspace\RTC_DateTime\Debug
arm-none-eabi-gcc -mcpu=cortex-m4 -mthumb -mfloat-abi=hard -mfpu=fpv4-sp-d16 -DUSE_HAL_DRIVER -DSTM32L476xx -I"C:/C_Workspace/RTC_DateTime/Inc" -I"C:/C_Workspace/RTC_DateTime/Drivers/STM32L4xx_HAL_Driver/Inc" -I"C:/C_Workspace/RTC_DateTime/Drivers/STM32L4xx_HAL_Driver/Inc/Legacy" -I"C:/C_Workspace/RTC_DateTime/Drivers/CMSIS/Device/ST/STM32L4xx/Include" -I"C:/C_Workspace/RTC_DateTime/Drivers/CMSIS/Include"  -Og -g3 -Wall -fmessage-length=0 -ffunction-sections -c -fmessage-length=0 -MMD -MP -MF"Src/main.d" -MT"Src/main.o" -o "Src/main.o" "../Src/main.c"
Finished building: ../Src/main.c
 
Building file: ../Src/msp.c
Invoking: MCU GCC Compiler
C:\C_Workspace\RTC_DateTime\Debug
arm-none-eabi-gcc -mcpu=cortex-m4 -mthumb -mfloat-abi=hard -mfpu=fpv4-sp-d16 -DUSE_HAL_DRIVER -DSTM32L476xx -I"C:/C_Workspace/RTC_DateTime/Inc" -I"C:/C_Workspace/RTC_DateTime/Drivers/STM32L4xx_HAL_Driver/Inc" -I"C:/C_Workspace/RTC_DateTime/Drivers/STM32L4xx_HAL_Driver/Inc/Legacy" -I"C:/C_Workspace/RTC_DateTime/Drivers/CMSIS/Device/ST/STM32L4xx/Include" -I"C:/C_Workspace/RTC_DateTime/Drivers/CMSIS/Include"  -Og -g3 -Wall -fmessage-length=0 -ffunction-sections -c -fmessage-length=0 -MMD -MP -MF"Src/msp.d" -MT"Src/msp.o" -o "Src/msp.o" "../Src/msp.c"
../Src/msp.c: In function 'HAL_RTC_MspInit':
../Src/msp.c:67:3: warning: implicit declaration of function 'Error_handler' [-Wimplicit-function-declaration]
   Error_handler();
   ^~~~~~~~~~~~~
../Src/msp.c:74:31: warning: passing argument 1 of 'HAL_RCCEx_PeriphCLKConfig' from incompatible pointer type [-Wincompatible-pointer-types]
  if(HAL_RCCEx_PeriphCLKConfig(&RCC_OscInitStruct) != HAL_OK){
                               ^
In file included from C:/C_Workspace/RTC_DateTime/Drivers/STM32L4xx_HAL_Driver/Inc/stm32l4xx_hal_rcc.h:4806:0,
                 from C:/C_Workspace/RTC_DateTime/Inc/stm32l4xx_hal_conf.h:226,
                 from C:/C_Workspace/RTC_DateTime/Drivers/STM32L4xx_HAL_Driver/Inc/stm32l4xx_hal.h:30,
                 from C:/C_Workspace/RTC_DateTime/Inc/main.h:7,
                 from ../Src/msp.c:8:
C:/C_Workspace/RTC_DateTime/Drivers/STM32L4xx_HAL_Driver/Inc/stm32l4xx_hal_rcc_ex.h:2426:19: note: expected 'RCC_PeriphCLKInitTypeDef * {aka struct <anonymous> *}' but argument is of type 'RCC_OscInitTypeDef * {aka struct <anonymous> *}'
 HAL_StatusTypeDef HAL_RCCEx_PeriphCLKConfig(RCC_PeriphCLKInitTypeDef  *PeriphClkInit);
                   ^~~~~~~~~~~~~~~~~~~~~~~~~
../Src/msp.c:61:27: warning: variable 'RCC_RTCPeriClkInit' set but not used [-Wunused-but-set-variable]
  RCC_PeriphCLKInitTypeDef RCC_RTCPeriClkInit;
                           ^~~~~~~~~~~~~~~~~~
Finished building: ../Src/msp.c
 
Building file: ../Src/system_stm32l4xx.c
Invoking: MCU GCC Compiler
C:\C_Workspace\RTC_DateTime\Debug
arm-none-eabi-gcc -mcpu=cortex-m4 -mthumb -mfloat-abi=hard -mfpu=fpv4-sp-d16 -DUSE_HAL_DRIVER -DSTM32L476xx -I"C:/C_Workspace/RTC_DateTime/Inc" -I"C:/C_Workspace/RTC_DateTime/Drivers/STM32L4xx_HAL_Driver/Inc" -I"C:/C_Workspace/RTC_DateTime/Drivers/STM32L4xx_HAL_Driver/Inc/Legacy" -I"C:/C_Workspace/RTC_DateTime/Drivers/CMSIS/Device/ST/STM32L4xx/Include" -I"C:/C_Workspace/RTC_DateTime/Drivers/CMSIS/Include"  -Og -g3 -Wall -fmessage-length=0 -ffunction-sections -c -fmessage-length=0 -MMD -MP -MF"Src/system_stm32l4xx.d" -MT"Src/system_stm32l4xx.o" -o "Src/system_stm32l4xx.o" "../Src/system_stm32l4xx.c"
Finished building: ../Src/system_stm32l4xx.c
 
Building file: ../Drivers/STM32L4xx_HAL_Driver/Src/stm32l4xx_hal.c
Invoking: MCU GCC Compiler
C:\C_Workspace\RTC_DateTime\Debug
arm-none-eabi-gcc -mcpu=cortex-m4 -mthumb -mfloat-abi=hard -mfpu=fpv4-sp-d16 -DUSE_HAL_DRIVER -DSTM32L476xx -I"C:/C_Workspace/RTC_DateTime/Inc" -I"C:/C_Workspace/RTC_DateTime/Drivers/STM32L4xx_HAL_Driver/Inc" -I"C:/C_Workspace/RTC_DateTime/Drivers/STM32L4xx_HAL_Driver/Inc/Legacy" -I"C:/C_Workspace/RTC_DateTime/Drivers/CMSIS/Device/ST/STM32L4xx/Include" -I"C:/C_Workspace/RTC_DateTime/Drivers/CMSIS/Include"  -Og -g3 -Wall -fmessage-length=0 -ffunction-sections -c -fmessage-length=0 -MMD -MP -MF"Drivers/STM32L4xx_HAL_Driver/Src/stm32l4xx_hal.d" -MT"Drivers/STM32L4xx_HAL_Driver/Src/stm32l4xx_hal.o" -o "Drivers/STM32L4xx_HAL_Driver/Src/stm32l4xx_hal.o" "../Drivers/STM32L4xx_HAL_Driver/Src/stm32l4xx_hal.c"
Finished building: ../Drivers/STM32L4xx_HAL_Driver/Src/stm32l4xx_hal.c
 
Building file: ../Drivers/STM32L4xx_HAL_Driver/Src/stm32l4xx_hal_cortex.c
Invoking: MCU GCC Compiler
C:\C_Workspace\RTC_DateTime\Debug
arm-none-eabi-gcc -mcpu=cortex-m4 -mthumb -mfloat-abi=hard -mfpu=fpv4-sp-d16 -DUSE_HAL_DRIVER -DSTM32L476xx -I"C:/C_Workspace/RTC_DateTime/Inc" -I"C:/C_Workspace/RTC_DateTime/Drivers/STM32L4xx_HAL_Driver/Inc" -I"C:/C_Workspace/RTC_DateTime/Drivers/STM32L4xx_HAL_Driver/Inc/Legacy" -I"C:/C_Workspace/RTC_DateTime/Drivers/CMSIS/Device/ST/STM32L4xx/Include" -I"C:/C_Workspace/RTC_DateTime/Drivers/CMSIS/Include"  -Og -g3 -Wall -fmessage-length=0 -ffunction-sections -c -fmessage-length=0 -MMD -MP -MF"Drivers/STM32L4xx_HAL_Driver/Src/stm32l4xx_hal_cortex.d" -MT"Drivers/STM32L4xx_HAL_Driver/Src/stm32l4xx_hal_cortex.o" -o "Drivers/STM32L4xx_HAL_Driver/Src/stm32l4xx_hal_cortex.o" "../Drivers/STM32L4xx_HAL_Driver/Src/stm32l4xx_hal_cortex.c"
Finished building: ../Drivers/STM32L4xx_HAL_Driver/Src/stm32l4xx_hal_cortex.c
 
Building file: ../Drivers/STM32L4xx_HAL_Driver/Src/stm32l4xx_hal_dma.c
Invoking: MCU GCC Compiler
C:\C_Workspace\RTC_DateTime\Debug
arm-none-eabi-gcc -mcpu=cortex-m4 -mthumb -mfloat-abi=hard -mfpu=fpv4-sp-d16 -DUSE_HAL_DRIVER -DSTM32L476xx -I"C:/C_Workspace/RTC_DateTime/Inc" -I"C:/C_Workspace/RTC_DateTime/Drivers/STM32L4xx_HAL_Driver/Inc" -I"C:/C_Workspace/RTC_DateTime/Drivers/STM32L4xx_HAL_Driver/Inc/Legacy" -I"C:/C_Workspace/RTC_DateTime/Drivers/CMSIS/Device/ST/STM32L4xx/Include" -I"C:/C_Workspace/RTC_DateTime/Drivers/CMSIS/Include"  -Og -g3 -Wall -fmessage-length=0 -ffunction-sections -c -fmessage-length=0 -MMD -MP -MF"Drivers/STM32L4xx_HAL_Driver/Src/stm32l4xx_hal_dma.d" -MT"Drivers/STM32L4xx_HAL_Driver/Src/stm32l4xx_hal_dma.o" -o "Drivers/STM32L4xx_HAL_Driver/Src/stm32l4xx_hal_dma.o" "../Drivers/STM32L4xx_HAL_Driver/Src/stm32l4xx_hal_dma.c"
Finished building: ../Drivers/STM32L4xx_HAL_Driver/Src/stm32l4xx_hal_dma.c
 
Building file: ../Drivers/STM32L4xx_HAL_Driver/Src/stm32l4xx_hal_dma_ex.c
Invoking: MCU GCC Compiler
C:\C_Workspace\RTC_DateTime\Debug
arm-none-eabi-gcc -mcpu=cortex-m4 -mthumb -mfloat-abi=hard -mfpu=fpv4-sp-d16 -DUSE_HAL_DRIVER -DSTM32L476xx -I"C:/C_Workspace/RTC_DateTime/Inc" -I"C:/C_Workspace/RTC_DateTime/Drivers/STM32L4xx_HAL_Driver/Inc" -I"C:/C_Workspace/RTC_DateTime/Drivers/STM32L4xx_HAL_Driver/Inc/Legacy" -I"C:/C_Workspace/RTC_DateTime/Drivers/CMSIS/Device/ST/STM32L4xx/Include" -I"C:/C_Workspace/RTC_DateTime/Drivers/CMSIS/Include"  -Og -g3 -Wall -fmessage-length=0 -ffunction-sections -c -fmessage-length=0 -MMD -MP -MF"Drivers/STM32L4xx_HAL_Driver/Src/stm32l4xx_hal_dma_ex.d" -MT"Drivers/STM32L4xx_HAL_Driver/Src/stm32l4xx_hal_dma_ex.o" -o "Drivers/STM32L4xx_HAL_Driver/Src/stm32l4xx_hal_dma_ex.o" "../Drivers/STM32L4xx_HAL_Driver/Src/stm32l4xx_hal_dma_ex.c"
Finished building: ../Drivers/STM32L4xx_HAL_Driver/Src/stm32l4xx_hal_dma_ex.c
 
Building file: ../Drivers/STM32L4xx_HAL_Driver/Src/stm32l4xx_hal_exti.c
Invoking: MCU GCC Compiler
C:\C_Workspace\RTC_DateTime\Debug
arm-none-eabi-gcc -mcpu=cortex-m4 -mthumb -mfloat-abi=hard -mfpu=fpv4-sp-d16 -DUSE_HAL_DRIVER -DSTM32L476xx -I"C:/C_Workspace/RTC_DateTime/Inc" -I"C:/C_Workspace/RTC_DateTime/Drivers/STM32L4xx_HAL_Driver/Inc" -I"C:/C_Workspace/RTC_DateTime/Drivers/STM32L4xx_HAL_Driver/Inc/Legacy" -I"C:/C_Workspace/RTC_DateTime/Drivers/CMSIS/Device/ST/STM32L4xx/Include" -I"C:/C_Workspace/RTC_DateTime/Drivers/CMSIS/Include"  -Og -g3 -Wall -fmessage-length=0 -ffunction-sections -c -fmessage-length=0 -MMD -MP -MF"Drivers/STM32L4xx_HAL_Driver/Src/stm32l4xx_hal_exti.d" -MT"Drivers/STM32L4xx_HAL_Driver/Src/stm32l4xx_hal_exti.o" -o "Drivers/STM32L4xx_HAL_Driver/Src/stm32l4xx_hal_exti.o" "../Drivers/STM32L4xx_HAL_Driver/Src/stm32l4xx_hal_exti.c"
Finished building: ../Drivers/STM32L4xx_HAL_Driver/Src/stm32l4xx_hal_exti.c
 
Building file: ../Drivers/STM32L4xx_HAL_Driver/Src/stm32l4xx_hal_flash.c
Invoking: MCU GCC Compiler
C:\C_Workspace\RTC_DateTime\Debug
arm-none-eabi-gcc -mcpu=cortex-m4 -mthumb -mfloat-abi=hard -mfpu=fpv4-sp-d16 -DUSE_HAL_DRIVER -DSTM32L476xx -I"C:/C_Workspace/RTC_DateTime/Inc" -I"C:/C_Workspace/RTC_DateTime/Drivers/STM32L4xx_HAL_Driver/Inc" -I"C:/C_Workspace/RTC_DateTime/Drivers/STM32L4xx_HAL_Driver/Inc/Legacy" -I"C:/C_Workspace/RTC_DateTime/Drivers/CMSIS/Device/ST/STM32L4xx/Include" -I"C:/C_Workspace/RTC_DateTime/Drivers/CMSIS/Include"  -Og -g3 -Wall -fmessage-length=0 -ffunction-sections -c -fmessage-length=0 -MMD -MP -MF"Drivers/STM32L4xx_HAL_Driver/Src/stm32l4xx_hal_flash.d" -MT"Drivers/STM32L4xx_HAL_Driver/Src/stm32l4xx_hal_flash.o" -o "Drivers/STM32L4xx_HAL_Driver/Src/stm32l4xx_hal_flash.o" "../Drivers/STM32L4xx_HAL_Driver/Src/stm32l4xx_hal_flash.c"
Finished building: ../Drivers/STM32L4xx_HAL_Driver/Src/stm32l4xx_hal_flash.c
 
Building file: ../Drivers/STM32L4xx_HAL_Driver/Src/stm32l4xx_hal_flash_ex.c
Invoking: MCU GCC Compiler
C:\C_Workspace\RTC_DateTime\Debug
arm-none-eabi-gcc -mcpu=cortex-m4 -mthumb -mfloat-abi=hard -mfpu=fpv4-sp-d16 -DUSE_HAL_DRIVER -DSTM32L476xx -I"C:/C_Workspace/RTC_DateTime/Inc" -I"C:/C_Workspace/RTC_DateTime/Drivers/STM32L4xx_HAL_Driver/Inc" -I"C:/C_Workspace/RTC_DateTime/Drivers/STM32L4xx_HAL_Driver/Inc/Legacy" -I"C:/C_Workspace/RTC_DateTime/Drivers/CMSIS/Device/ST/STM32L4xx/Include" -I"C:/C_Workspace/RTC_DateTime/Drivers/CMSIS/Include"  -Og -g3 -Wall -fmessage-length=0 -ffunction-sections -c -fmessage-length=0 -MMD -MP -MF"Drivers/STM32L4xx_HAL_Driver/Src/stm32l4xx_hal_flash_ex.d" -MT"Drivers/STM32L4xx_HAL_Driver/Src/stm32l4xx_hal_flash_ex.o" -o "Drivers/STM32L4xx_HAL_Driver/Src/stm32l4xx_hal_flash_ex.o" "../Drivers/STM32L4xx_HAL_Driver/Src/stm32l4xx_hal_flash_ex.c"
Finished building: ../Drivers/STM32L4xx_HAL_Driver/Src/stm32l4xx_hal_flash_ex.c
 
Building file: ../Drivers/STM32L4xx_HAL_Driver/Src/stm32l4xx_hal_flash_ramfunc.c
Invoking: MCU GCC Compiler
C:\C_Workspace\RTC_DateTime\Debug
arm-none-eabi-gcc -mcpu=cortex-m4 -mthumb -mfloat-abi=hard -mfpu=fpv4-sp-d16 -DUSE_HAL_DRIVER -DSTM32L476xx -I"C:/C_Workspace/RTC_DateTime/Inc" -I"C:/C_Workspace/RTC_DateTime/Drivers/STM32L4xx_HAL_Driver/Inc" -I"C:/C_Workspace/RTC_DateTime/Drivers/STM32L4xx_HAL_Driver/Inc/Legacy" -I"C:/C_Workspace/RTC_DateTime/Drivers/CMSIS/Device/ST/STM32L4xx/Include" -I"C:/C_Workspace/RTC_DateTime/Drivers/CMSIS/Include"  -Og -g3 -Wall -fmessage-length=0 -ffunction-sections -c -fmessage-length=0 -MMD -MP -MF"Drivers/STM32L4xx_HAL_Driver/Src/stm32l4xx_hal_flash_ramfunc.d" -MT"Drivers/STM32L4xx_HAL_Driver/Src/stm32l4xx_hal_flash_ramfunc.o" -o "Drivers/STM32L4xx_HAL_Driver/Src/stm32l4xx_hal_flash_ramfunc.o" "../Drivers/STM32L4xx_HAL_Driver/Src/stm32l4xx_hal_flash_ramfunc.c"
Finished building: ../Drivers/STM32L4xx_HAL_Driver/Src/stm32l4xx_hal_flash_ramfunc.c
 
Building file: ../Drivers/STM32L4xx_HAL_Driver/Src/stm32l4xx_hal_gpio.c
Invoking: MCU GCC Compiler
C:\C_Workspace\RTC_DateTime\Debug
arm-none-eabi-gcc -mcpu=cortex-m4 -mthumb -mfloat-abi=hard -mfpu=fpv4-sp-d16 -DUSE_HAL_DRIVER -DSTM32L476xx -I"C:/C_Workspace/RTC_DateTime/Inc" -I"C:/C_Workspace/RTC_DateTime/Drivers/STM32L4xx_HAL_Driver/Inc" -I"C:/C_Workspace/RTC_DateTime/Drivers/STM32L4xx_HAL_Driver/Inc/Legacy" -I"C:/C_Workspace/RTC_DateTime/Drivers/CMSIS/Device/ST/STM32L4xx/Include" -I"C:/C_Workspace/RTC_DateTime/Drivers/CMSIS/Include"  -Og -g3 -Wall -fmessage-length=0 -ffunction-sections -c -fmessage-length=0 -MMD -MP -MF"Drivers/STM32L4xx_HAL_Driver/Src/stm32l4xx_hal_gpio.d" -MT"Drivers/STM32L4xx_HAL_Driver/Src/stm32l4xx_hal_gpio.o" -o "Drivers/STM32L4xx_HAL_Driver/Src/stm32l4xx_hal_gpio.o" "../Drivers/STM32L4xx_HAL_Driver/Src/stm32l4xx_hal_gpio.c"
Finished building: ../Drivers/STM32L4xx_HAL_Driver/Src/stm32l4xx_hal_gpio.c
 
Building file: ../Drivers/STM32L4xx_HAL_Driver/Src/stm32l4xx_hal_i2c.c
Invoking: MCU GCC Compiler
C:\C_Workspace\RTC_DateTime\Debug
arm-none-eabi-gcc -mcpu=cortex-m4 -mthumb -mfloat-abi=hard -mfpu=fpv4-sp-d16 -DUSE_HAL_DRIVER -DSTM32L476xx -I"C:/C_Workspace/RTC_DateTime/Inc" -I"C:/C_Workspace/RTC_DateTime/Drivers/STM32L4xx_HAL_Driver/Inc" -I"C:/C_Workspace/RTC_DateTime/Drivers/STM32L4xx_HAL_Driver/Inc/Legacy" -I"C:/C_Workspace/RTC_DateTime/Drivers/CMSIS/Device/ST/STM32L4xx/Include" -I"C:/C_Workspace/RTC_DateTime/Drivers/CMSIS/Include"  -Og -g3 -Wall -fmessage-length=0 -ffunction-sections -c -fmessage-length=0 -MMD -MP -MF"Drivers/STM32L4xx_HAL_Driver/Src/stm32l4xx_hal_i2c.d" -MT"Drivers/STM32L4xx_HAL_Driver/Src/stm32l4xx_hal_i2c.o" -o "Drivers/STM32L4xx_HAL_Driver/Src/stm32l4xx_hal_i2c.o" "../Drivers/STM32L4xx_HAL_Driver/Src/stm32l4xx_hal_i2c.c"
Finished building: ../Drivers/STM32L4xx_HAL_Driver/Src/stm32l4xx_hal_i2c.c
 
Building file: ../Drivers/STM32L4xx_HAL_Driver/Src/stm32l4xx_hal_i2c_ex.c
Invoking: MCU GCC Compiler
C:\C_Workspace\RTC_DateTime\Debug
arm-none-eabi-gcc -mcpu=cortex-m4 -mthumb -mfloat-abi=hard -mfpu=fpv4-sp-d16 -DUSE_HAL_DRIVER -DSTM32L476xx -I"C:/C_Workspace/RTC_DateTime/Inc" -I"C:/C_Workspace/RTC_DateTime/Drivers/STM32L4xx_HAL_Driver/Inc" -I"C:/C_Workspace/RTC_DateTime/Drivers/STM32L4xx_HAL_Driver/Inc/Legacy" -I"C:/C_Workspace/RTC_DateTime/Drivers/CMSIS/Device/ST/STM32L4xx/Include" -I"C:/C_Workspace/RTC_DateTime/Drivers/CMSIS/Include"  -Og -g3 -Wall -fmessage-length=0 -ffunction-sections -c -fmessage-length=0 -MMD -MP -MF"Drivers/STM32L4xx_HAL_Driver/Src/stm32l4xx_hal_i2c_ex.d" -MT"Drivers/STM32L4xx_HAL_Driver/Src/stm32l4xx_hal_i2c_ex.o" -o "Drivers/STM32L4xx_HAL_Driver/Src/stm32l4xx_hal_i2c_ex.o" "../Drivers/STM32L4xx_HAL_Driver/Src/stm32l4xx_hal_i2c_ex.c"
Finished building: ../Drivers/STM32L4xx_HAL_Driver/Src/stm32l4xx_hal_i2c_ex.c
 
Building file: ../Drivers/STM32L4xx_HAL_Driver/Src/stm32l4xx_hal_pwr.c
Invoking: MCU GCC Compiler
C:\C_Workspace\RTC_DateTime\Debug
arm-none-eabi-gcc -mcpu=cortex-m4 -mthumb -mfloat-abi=hard -mfpu=fpv4-sp-d16 -DUSE_HAL_DRIVER -DSTM32L476xx -I"C:/C_Workspace/RTC_DateTime/Inc" -I"C:/C_Workspace/RTC_DateTime/Drivers/STM32L4xx_HAL_Driver/Inc" -I"C:/C_Workspace/RTC_DateTime/Drivers/STM32L4xx_HAL_Driver/Inc/Legacy" -I"C:/C_Workspace/RTC_DateTime/Drivers/CMSIS/Device/ST/STM32L4xx/Include" -I"C:/C_Workspace/RTC_DateTime/Drivers/CMSIS/Include"  -Og -g3 -Wall -fmessage-length=0 -ffunction-sections -c -fmessage-length=0 -MMD -MP -MF"Drivers/STM32L4xx_HAL_Driver/Src/stm32l4xx_hal_pwr.d" -MT"Drivers/STM32L4xx_HAL_Driver/Src/stm32l4xx_hal_pwr.o" -o "Drivers/STM32L4xx_HAL_Driver/Src/stm32l4xx_hal_pwr.o" "../Drivers/STM32L4xx_HAL_Driver/Src/stm32l4xx_hal_pwr.c"
Finished building: ../Drivers/STM32L4xx_HAL_Driver/Src/stm32l4xx_hal_pwr.c
 
Building file: ../Drivers/STM32L4xx_HAL_Driver/Src/stm32l4xx_hal_pwr_ex.c
Invoking: MCU GCC Compiler
C:\C_Workspace\RTC_DateTime\Debug
arm-none-eabi-gcc -mcpu=cortex-m4 -mthumb -mfloat-abi=hard -mfpu=fpv4-sp-d16 -DUSE_HAL_DRIVER -DSTM32L476xx -I"C:/C_Workspace/RTC_DateTime/Inc" -I"C:/C_Workspace/RTC_DateTime/Drivers/STM32L4xx_HAL_Driver/Inc" -I"C:/C_Workspace/RTC_DateTime/Drivers/STM32L4xx_HAL_Driver/Inc/Legacy" -I"C:/C_Workspace/RTC_DateTime/Drivers/CMSIS/Device/ST/STM32L4xx/Include" -I"C:/C_Workspace/RTC_DateTime/Drivers/CMSIS/Include"  -Og -g3 -Wall -fmessage-length=0 -ffunction-sections -c -fmessage-length=0 -MMD -MP -MF"Drivers/STM32L4xx_HAL_Driver/Src/stm32l4xx_hal_pwr_ex.d" -MT"Drivers/STM32L4xx_HAL_Driver/Src/stm32l4xx_hal_pwr_ex.o" -o "Drivers/STM32L4xx_HAL_Driver/Src/stm32l4xx_hal_pwr_ex.o" "../Drivers/STM32L4xx_HAL_Driver/Src/stm32l4xx_hal_pwr_ex.c"
Finished building: ../Drivers/STM32L4xx_HAL_Driver/Src/stm32l4xx_hal_pwr_ex.c
 
Building file: ../Drivers/STM32L4xx_HAL_Driver/Src/stm32l4xx_hal_rcc.c
Invoking: MCU GCC Compiler
C:\C_Workspace\RTC_DateTime\Debug
arm-none-eabi-gcc -mcpu=cortex-m4 -mthumb -mfloat-abi=hard -mfpu=fpv4-sp-d16 -DUSE_HAL_DRIVER -DSTM32L476xx -I"C:/C_Workspace/RTC_DateTime/Inc" -I"C:/C_Workspace/RTC_DateTime/Drivers/STM32L4xx_HAL_Driver/Inc" -I"C:/C_Workspace/RTC_DateTime/Drivers/STM32L4xx_HAL_Driver/Inc/Legacy" -I"C:/C_Workspace/RTC_DateTime/Drivers/CMSIS/Device/ST/STM32L4xx/Include" -I"C:/C_Workspace/RTC_DateTime/Drivers/CMSIS/Include"  -Og -g3 -Wall -fmessage-length=0 -ffunction-sections -c -fmessage-length=0 -MMD -MP -MF"Drivers/STM32L4xx_HAL_Driver/Src/stm32l4xx_hal_rcc.d" -MT"Drivers/STM32L4xx_HAL_Driver/Src/stm32l4xx_hal_rcc.o" -o "Drivers/STM32L4xx_HAL_Driver/Src/stm32l4xx_hal_rcc.o" "../Drivers/STM32L4xx_HAL_Driver/Src/stm32l4xx_hal_rcc.c"
Finished building: ../Drivers/STM32L4xx_HAL_Driver/Src/stm32l4xx_hal_rcc.c
 
Building file: ../Drivers/STM32L4xx_HAL_Driver/Src/stm32l4xx_hal_rcc_ex.c
Invoking: MCU GCC Compiler
C:\C_Workspace\RTC_DateTime\Debug
arm-none-eabi-gcc -mcpu=cortex-m4 -mthumb -mfloat-abi=hard -mfpu=fpv4-sp-d16 -DUSE_HAL_DRIVER -DSTM32L476xx -I"C:/C_Workspace/RTC_DateTime/Inc" -I"C:/C_Workspace/RTC_DateTime/Drivers/STM32L4xx_HAL_Driver/Inc" -I"C:/C_Workspace/RTC_DateTime/Drivers/STM32L4xx_HAL_Driver/Inc/Legacy" -I"C:/C_Workspace/RTC_DateTime/Drivers/CMSIS/Device/ST/STM32L4xx/Include" -I"C:/C_Workspace/RTC_DateTime/Drivers/CMSIS/Include"  -Og -g3 -Wall -fmessage-length=0 -ffunction-sections -c -fmessage-length=0 -MMD -MP -MF"Drivers/STM32L4xx_HAL_Driver/Src/stm32l4xx_hal_rcc_ex.d" -MT"Drivers/STM32L4xx_HAL_Driver/Src/stm32l4xx_hal_rcc_ex.o" -o "Drivers/STM32L4xx_HAL_Driver/Src/stm32l4xx_hal_rcc_ex.o" "../Drivers/STM32L4xx_HAL_Driver/Src/stm32l4xx_hal_rcc_ex.c"
Finished building: ../Drivers/STM32L4xx_HAL_Driver/Src/stm32l4xx_hal_rcc_ex.c
 
Building file: ../Drivers/STM32L4xx_HAL_Driver/Src/stm32l4xx_hal_rtc.c
Invoking: MCU GCC Compiler
C:\C_Workspace\RTC_DateTime\Debug
arm-none-eabi-gcc -mcpu=cortex-m4 -mthumb -mfloat-abi=hard -mfpu=fpv4-sp-d16 -DUSE_HAL_DRIVER -DSTM32L476xx -I"C:/C_Workspace/RTC_DateTime/Inc" -I"C:/C_Workspace/RTC_DateTime/Drivers/STM32L4xx_HAL_Driver/Inc" -I"C:/C_Workspace/RTC_DateTime/Drivers/STM32L4xx_HAL_Driver/Inc/Legacy" -I"C:/C_Workspace/RTC_DateTime/Drivers/CMSIS/Device/ST/STM32L4xx/Include" -I"C:/C_Workspace/RTC_DateTime/Drivers/CMSIS/Include"  -Og -g3 -Wall -fmessage-length=0 -ffunction-sections -c -fmessage-length=0 -MMD -MP -MF"Drivers/STM32L4xx_HAL_Driver/Src/stm32l4xx_hal_rtc.d" -MT"Drivers/STM32L4xx_HAL_Driver/Src/stm32l4xx_hal_rtc.o" -o "Drivers/STM32L4xx_HAL_Driver/Src/stm32l4xx_hal_rtc.o" "../Drivers/STM32L4xx_HAL_Driver/Src/stm32l4xx_hal_rtc.c"
Finished building: ../Drivers/STM32L4xx_HAL_Driver/Src/stm32l4xx_hal_rtc.c
 
Building file: ../Drivers/STM32L4xx_HAL_Driver/Src/stm32l4xx_hal_rtc_ex.c
Invoking: MCU GCC Compiler
C:\C_Workspace\RTC_DateTime\Debug
arm-none-eabi-gcc -mcpu=cortex-m4 -mthumb -mfloat-abi=hard -mfpu=fpv4-sp-d16 -DUSE_HAL_DRIVER -DSTM32L476xx -I"C:/C_Workspace/RTC_DateTime/Inc" -I"C:/C_Workspace/RTC_DateTime/Drivers/STM32L4xx_HAL_Driver/Inc" -I"C:/C_Workspace/RTC_DateTime/Drivers/STM32L4xx_HAL_Driver/Inc/Legacy" -I"C:/C_Workspace/RTC_DateTime/Drivers/CMSIS/Device/ST/STM32L4xx/Include" -I"C:/C_Workspace/RTC_DateTime/Drivers/CMSIS/Include"  -Og -g3 -Wall -fmessage-length=0 -ffunction-sections -c -fmessage-length=0 -MMD -MP -MF"Drivers/STM32L4xx_HAL_Driver/Src/stm32l4xx_hal_rtc_ex.d" -MT"Drivers/STM32L4xx_HAL_Driver/Src/stm32l4xx_hal_rtc_ex.o" -o "Drivers/STM32L4xx_HAL_Driver/Src/stm32l4xx_hal_rtc_ex.o" "../Drivers/STM32L4xx_HAL_Driver/Src/stm32l4xx_hal_rtc_ex.c"
Finished building: ../Drivers/STM32L4xx_HAL_Driver/Src/stm32l4xx_hal_rtc_ex.c
 
Building file: ../Drivers/STM32L4xx_HAL_Driver/Src/stm32l4xx_hal_tim.c
Invoking: MCU GCC Compiler
C:\C_Workspace\RTC_DateTime\Debug
arm-none-eabi-gcc -mcpu=cortex-m4 -mthumb -mfloat-abi=hard -mfpu=fpv4-sp-d16 -DUSE_HAL_DRIVER -DSTM32L476xx -I"C:/C_Workspace/RTC_DateTime/Inc" -I"C:/C_Workspace/RTC_DateTime/Drivers/STM32L4xx_HAL_Driver/Inc" -I"C:/C_Workspace/RTC_DateTime/Drivers/STM32L4xx_HAL_Driver/Inc/Legacy" -I"C:/C_Workspace/RTC_DateTime/Drivers/CMSIS/Device/ST/STM32L4xx/Include" -I"C:/C_Workspace/RTC_DateTime/Drivers/CMSIS/Include"  -Og -g3 -Wall -fmessage-length=0 -ffunction-sections -c -fmessage-length=0 -MMD -MP -MF"Drivers/STM32L4xx_HAL_Driver/Src/stm32l4xx_hal_tim.d" -MT"Drivers/STM32L4xx_HAL_Driver/Src/stm32l4xx_hal_tim.o" -o "Drivers/STM32L4xx_HAL_Driver/Src/stm32l4xx_hal_tim.o" "../Drivers/STM32L4xx_HAL_Driver/Src/stm32l4xx_hal_tim.c"
Finished building: ../Drivers/STM32L4xx_HAL_Driver/Src/stm32l4xx_hal_tim.c
 
Building file: ../Drivers/STM32L4xx_HAL_Driver/Src/stm32l4xx_hal_tim_ex.c
Invoking: MCU GCC Compiler
C:\C_Workspace\RTC_DateTime\Debug
arm-none-eabi-gcc -mcpu=cortex-m4 -mthumb -mfloat-abi=hard -mfpu=fpv4-sp-d16 -DUSE_HAL_DRIVER -DSTM32L476xx -I"C:/C_Workspace/RTC_DateTime/Inc" -I"C:/C_Workspace/RTC_DateTime/Drivers/STM32L4xx_HAL_Driver/Inc" -I"C:/C_Workspace/RTC_DateTime/Drivers/STM32L4xx_HAL_Driver/Inc/Legacy" -I"C:/C_Workspace/RTC_DateTime/Drivers/CMSIS/Device/ST/STM32L4xx/Include" -I"C:/C_Workspace/RTC_DateTime/Drivers/CMSIS/Include"  -Og -g3 -Wall -fmessage-length=0 -ffunction-sections -c -fmessage-length=0 -MMD -MP -MF"Drivers/STM32L4xx_HAL_Driver/Src/stm32l4xx_hal_tim_ex.d" -MT"Drivers/STM32L4xx_HAL_Driver/Src/stm32l4xx_hal_tim_ex.o" -o "Drivers/STM32L4xx_HAL_Driver/Src/stm32l4xx_hal_tim_ex.o" "../Drivers/STM32L4xx_HAL_Driver/Src/stm32l4xx_hal_tim_ex.c"
Finished building: ../Drivers/STM32L4xx_HAL_Driver/Src/stm32l4xx_hal_tim_ex.c
 
Building file: ../Drivers/STM32L4xx_HAL_Driver/Src/stm32l4xx_hal_uart.c
Invoking: MCU GCC Compiler
C:\C_Workspace\RTC_DateTime\Debug
arm-none-eabi-gcc -mcpu=cortex-m4 -mthumb -mfloat-abi=hard -mfpu=fpv4-sp-d16 -DUSE_HAL_DRIVER -DSTM32L476xx -I"C:/C_Workspace/RTC_DateTime/Inc" -I"C:/C_Workspace/RTC_DateTime/Drivers/STM32L4xx_HAL_Driver/Inc" -I"C:/C_Workspace/RTC_DateTime/Drivers/STM32L4xx_HAL_Driver/Inc/Legacy" -I"C:/C_Workspace/RTC_DateTime/Drivers/CMSIS/Device/ST/STM32L4xx/Include" -I"C:/C_Workspace/RTC_DateTime/Drivers/CMSIS/Include"  -Og -g3 -Wall -fmessage-length=0 -ffunction-sections -c -fmessage-length=0 -MMD -MP -MF"Drivers/STM32L4xx_HAL_Driver/Src/stm32l4xx_hal_uart.d" -MT"Drivers/STM32L4xx_HAL_Driver/Src/stm32l4xx_hal_uart.o" -o "Drivers/STM32L4xx_HAL_Driver/Src/stm32l4xx_hal_uart.o" "../Drivers/STM32L4xx_HAL_Driver/Src/stm32l4xx_hal_uart.c"
Finished building: ../Drivers/STM32L4xx_HAL_Driver/Src/stm32l4xx_hal_uart.c
 
Building file: ../Drivers/STM32L4xx_HAL_Driver/Src/stm32l4xx_hal_uart_ex.c
Invoking: MCU GCC Compiler
C:\C_Workspace\RTC_DateTime\Debug
arm-none-eabi-gcc -mcpu=cortex-m4 -mthumb -mfloat-abi=hard -mfpu=fpv4-sp-d16 -DUSE_HAL_DRIVER -DSTM32L476xx -I"C:/C_Workspace/RTC_DateTime/Inc" -I"C:/C_Workspace/RTC_DateTime/Drivers/STM32L4xx_HAL_Driver/Inc" -I"C:/C_Workspace/RTC_DateTime/Drivers/STM32L4xx_HAL_Driver/Inc/Legacy" -I"C:/C_Workspace/RTC_DateTime/Drivers/CMSIS/Device/ST/STM32L4xx/Include" -I"C:/C_Workspace/RTC_DateTime/Drivers/CMSIS/Include"  -Og -g3 -Wall -fmessage-length=0 -ffunction-sections -c -fmessage-length=0 -MMD -MP -MF"Drivers/STM32L4xx_HAL_Driver/Src/stm32l4xx_hal_uart_ex.d" -MT"Drivers/STM32L4xx_HAL_Driver/Src/stm32l4xx_hal_uart_ex.o" -o "Drivers/STM32L4xx_HAL_Driver/Src/stm32l4xx_hal_uart_ex.o" "../Drivers/STM32L4xx_HAL_Driver/Src/stm32l4xx_hal_uart_ex.c"
Finished building: ../Drivers/STM32L4xx_HAL_Driver/Src/stm32l4xx_hal_uart_ex.c
 
Building target: RTC_DateTime.elf
Invoking: MCU GCC Linker
arm-none-eabi-gcc -mcpu=cortex-m4 -mthumb -mfloat-abi=hard -mfpu=fpv4-sp-d16 -specs=nosys.specs -specs=nano.specs -T"../STM32L476RGTx_FLASH.ld" -Wl,-Map=output.map -Wl,--gc-sections -o "RTC_DateTime.elf" @"objects.list"   -lm
Finished building target: RTC_DateTime.elf
 
make --no-print-directory post-build
Generating hex and Printing size information:
arm-none-eabi-objcopy -O ihex "RTC_DateTime.elf" "RTC_DateTime.hex"
arm-none-eabi-size "RTC_DateTime.elf"
   text	   data	    bss	    dec	    hex	filename
  14352	    136	   1856	  16344	   3fd8	RTC_DateTime.elf
 
19:13:01 **** Programming project RTC_DateTime on chip ****
"C:\\Ac6\\SystemWorkbench\\plugins\\fr.ac6.mcu.externaltools.openocd.win32_1.23.0.201904120827\\tools\\openocd\\bin\\openocd.exe" -f stm32.flash.537351618958547003.cfg -s "C:\\C_Workspace\\RTC_DateTime" -s "C:\\Ac6\\SystemWorkbench\\plugins\\fr.ac6.mcu.debug_2.5.0.201904120827\\resources\\openocd\\st_scripts" -c "program Debug/RTC_DateTime.elf verify reset " -c shutdown 
Open On-Chip Debugger 0.10.0+dev-00021-g524e8c8 (2019-04-12-08:48)
Licensed under GNU GPL v2
For bug reports, read
	http://openocd.org/doc/doxygen/bugs.html
srst_only separate srst_nogate srst_open_drain connect_assert_srst
Info : The selected transport took over low-level target control. The results might differ compared to plain JTAG/SWD
padded zone erase set to 1
adapter speed: 8000 kHz
adapter_nsrst_delay: 100
Info : clock speed 8000 kHz
Info : STLINK v2.1 JTAG v36 API v2 M26 VID 0x0483 PID 0x374B
Info : using stlink api v2
Info : Target voltage: 3.254104
Info : Unable to match requested speed 8000 kHz, using 4000 kHz
Info : Stlink adapter speed set to 4000 kHz
Info : STM32L476RGTx.cpu: hardware has 6 breakpoints, 4 watchpoints
Info : Listening on port 3333 for gdb connections
target halted due to debug-request, current mode: Thread 
xPSR: 0x01000000 pc: 0x08002c74 msp: 0x20018000
Info : Unable to match requested speed 8000 kHz, using 4000 kHz
Info : Stlink adapter speed set to 4000 kHz
Info : Unable to match requested speed 8000 kHz, using 4000 kHz
adapter speed: 4000 kHz
** Programming Started **
auto erase enabled
Info : Device id = 0x10076415
Info : STM32L4xx flash size is 1024kb, base address is 0x8000000
Info : Erase the padded zone before the write
Error: Whole bank access must start at beginning of bank.
target halted due to breakpoint, current mode: Thread 
xPSR: 0x61000000 pc: 0x20000050 msp: 0x20018000
wrote 16384 bytes from file Debug/RTC_DateTime.elf in 0.561125s (28.514 KiB/s)
** Programming Finished **
** Verify Started **
target halted due to breakpoint, current mode: Thread 
xPSR: 0x61000000 pc: 0x2000002e msp: 0x20018000
target halted due to breakpoint, current mode: Thread 
xPSR: 0x61000000 pc: 0x2000002e msp: 0x20018000
verified 14496 bytes in 0.493514s (28.685 KiB/s)
** Verified OK **
** Resetting Target **
shutdown command invoked
19:14:02 **** Incremental Build of configuration Debug for project BckupSRAM_Standby ****
make all 
Building file: ../Src/main.c
Invoking: MCU GCC Compiler
C:\C_Workspace\BckupSRAM_Standby\Debug
arm-none-eabi-gcc -mcpu=cortex-m4 -mthumb -mfloat-abi=hard -mfpu=fpv4-sp-d16 -DUSE_HAL_DRIVER -DSTM32L476xx -I"C:/C_Workspace/BckupSRAM_Standby/Inc" -I"C:/C_Workspace/BckupSRAM_Standby/Drivers/STM32L4xx_HAL_Driver/Inc" -I"C:/C_Workspace/BckupSRAM_Standby/Drivers/STM32L4xx_HAL_Driver/Inc/Legacy" -I"C:/C_Workspace/BckupSRAM_Standby/Drivers/CMSIS/Device/ST/STM32L4xx/Include" -I"C:/C_Workspace/BckupSRAM_Standby/Drivers/CMSIS/Include"  -Og -g3 -Wall -fmessage-length=0 -ffunction-sections -c -fmessage-length=0 -MMD -MP -MF"Src/main.d" -MT"Src/main.o" -o "Src/main.o" "../Src/main.c"
../Src/main.c: In function 'main':
../Src/main.c:54:2: warning: implicit declaration of function '__HAL_RCC_BKPSRAM_CLK_ENABLE'; did you mean '__HAL_RCC_OPAMP_CLK_ENABLE'? [-Wimplicit-function-declaration]
  __HAL_RCC_BKPSRAM_CLK_ENABLE();
  ^~~~~~~~~~~~~~~~~~~~~~~~~~~~
  __HAL_RCC_OPAMP_CLK_ENABLE
../Src/main.c:56:2: warning: implicit declaration of function '__HALL_RCC_PWR_CLK_ENABLE'; did you mean '__HAL_RCC_PWR_CLK_ENABLE'? [-Wimplicit-function-declaration]
  __HALL_RCC_PWR_CLK_ENABLE();
  ^~~~~~~~~~~~~~~~~~~~~~~~~
  __HAL_RCC_PWR_CLK_ENABLE
../Src/main.c:61:32: error: 'BKPSRAM_BASE' undeclared (first use in this function); did you mean 'SRAM_BASE'?
  pBackupSRAMbase = (uint32_t*) BKPSRAM_BASE;
                                ^~~~~~~~~~~~
                                SRAM_BASE
../Src/main.c:61:32: note: each undeclared identifier is reported only once for each function it appears in
../Src/main.c:63:32: error: 'write_buf' undeclared (first use in this function); did you mean 'write_buff'?
  for(uint32_t i= 0; i < strlen(write_buf)+1; i++){
                                ^~~~~~~~~
                                write_buff
../Src/main.c:64:5: error: 'pBackupSRAMBase' undeclared (first use in this function); did you mean 'pBackupSRAMbase'?
   *(pBackupSRAMBase+i) = write_buf[i]_
     ^~~~~~~~~~~~~~~
     pBackupSRAMbase
../Src/main.c:64:38: error: expected ';' before '_'
   *(pBackupSRAMBase+i) = write_buf[i]_
                                      ^
Src/subdir.mk:30: recipe for target 'Src/main.o' failed
make: *** [Src/main.o] Error 1
19:14:03 **** Incremental Build of configuration Debug for project CAN_LoopBack ****
make all 
make: Nothing to be done for 'all'.
19:14:04 **** Incremental Build of configuration Debug for project CAN_LoopBack_Interupt ****
make all 
make: Nothing to be done for 'all'.
19:14:04 **** Incremental Build of configuration Debug for project CodeTemplate_Tim6Int ****
make all 
make: Nothing to be done for 'all'.
19:14:05 **** Incremental Build of configuration Debug for project HSE_SYSCLK_8Mhz_Run2 ****
make all 
make: Nothing to be done for 'all'.
19:14:05 **** Incremental Build of configuration Debug for project HelloWorldV4 ****
make all 
make: Nothing to be done for 'all'.
19:14:06 **** Incremental Build of configuration Debug for project LowPower_SleepOnExit_Tim6 ****
make all 
make: Nothing to be done for 'all'.
19:14:06 **** Incremental Build of configuration Debug for project PLL_SYSCLK_HSI_Run2 ****
make all 
make: Nothing to be done for 'all'.
19:14:07 **** Incremental Build of configuration Debug for project PWM1_timer_OC ****
make all 
make: Nothing to be done for 'all'.
19:14:08 **** Incremental Build of configuration Debug for project PWM_LED ****
make all 
make: Nothing to be done for 'all'.
19:14:08 **** Incremental Build of configuration Debug for project RTC_DateTime ****
make all 
Building file: ../Src/main.c
Invoking: MCU GCC Compiler
C:\C_Workspace\RTC_DateTime\Debug
arm-none-eabi-gcc -mcpu=cortex-m4 -mthumb -mfloat-abi=hard -mfpu=fpv4-sp-d16 -DUSE_HAL_DRIVER -DSTM32L476xx -I"C:/C_Workspace/RTC_DateTime/Inc" -I"C:/C_Workspace/RTC_DateTime/Drivers/STM32L4xx_HAL_Driver/Inc" -I"C:/C_Workspace/RTC_DateTime/Drivers/STM32L4xx_HAL_Driver/Inc/Legacy" -I"C:/C_Workspace/RTC_DateTime/Drivers/CMSIS/Device/ST/STM32L4xx/Include" -I"C:/C_Workspace/RTC_DateTime/Drivers/CMSIS/Include"  -Og -g3 -Wall -fmessage-length=0 -ffunction-sections -c -fmessage-length=0 -MMD -MP -MF"Src/main.d" -MT"Src/main.o" -o "Src/main.o" "../Src/main.c"
Finished building: ../Src/main.c
 
Building file: ../Src/msp.c
Invoking: MCU GCC Compiler
C:\C_Workspace\RTC_DateTime\Debug
arm-none-eabi-gcc -mcpu=cortex-m4 -mthumb -mfloat-abi=hard -mfpu=fpv4-sp-d16 -DUSE_HAL_DRIVER -DSTM32L476xx -I"C:/C_Workspace/RTC_DateTime/Inc" -I"C:/C_Workspace/RTC_DateTime/Drivers/STM32L4xx_HAL_Driver/Inc" -I"C:/C_Workspace/RTC_DateTime/Drivers/STM32L4xx_HAL_Driver/Inc/Legacy" -I"C:/C_Workspace/RTC_DateTime/Drivers/CMSIS/Device/ST/STM32L4xx/Include" -I"C:/C_Workspace/RTC_DateTime/Drivers/CMSIS/Include"  -Og -g3 -Wall -fmessage-length=0 -ffunction-sections -c -fmessage-length=0 -MMD -MP -MF"Src/msp.d" -MT"Src/msp.o" -o "Src/msp.o" "../Src/msp.c"
../Src/msp.c: In function 'HAL_RTC_MspInit':
../Src/msp.c:67:3: warning: implicit declaration of function 'Error_handler' [-Wimplicit-function-declaration]
   Error_handler();
   ^~~~~~~~~~~~~
../Src/msp.c:74:31: warning: passing argument 1 of 'HAL_RCCEx_PeriphCLKConfig' from incompatible pointer type [-Wincompatible-pointer-types]
  if(HAL_RCCEx_PeriphCLKConfig(&RCC_OscInitStruct) != HAL_OK){
                               ^
In file included from C:/C_Workspace/RTC_DateTime/Drivers/STM32L4xx_HAL_Driver/Inc/stm32l4xx_hal_rcc.h:4806:0,
                 from C:/C_Workspace/RTC_DateTime/Inc/stm32l4xx_hal_conf.h:226,
                 from C:/C_Workspace/RTC_DateTime/Drivers/STM32L4xx_HAL_Driver/Inc/stm32l4xx_hal.h:30,
                 from C:/C_Workspace/RTC_DateTime/Inc/main.h:7,
                 from ../Src/msp.c:8:
C:/C_Workspace/RTC_DateTime/Drivers/STM32L4xx_HAL_Driver/Inc/stm32l4xx_hal_rcc_ex.h:2426:19: note: expected 'RCC_PeriphCLKInitTypeDef * {aka struct <anonymous> *}' but argument is of type 'RCC_OscInitTypeDef * {aka struct <anonymous> *}'
 HAL_StatusTypeDef HAL_RCCEx_PeriphCLKConfig(RCC_PeriphCLKInitTypeDef  *PeriphClkInit);
                   ^~~~~~~~~~~~~~~~~~~~~~~~~
../Src/msp.c:61:27: warning: variable 'RCC_RTCPeriClkInit' set but not used [-Wunused-but-set-variable]
  RCC_PeriphCLKInitTypeDef RCC_RTCPeriClkInit;
                           ^~~~~~~~~~~~~~~~~~
Finished building: ../Src/msp.c
 
Building target: RTC_DateTime.elf
Invoking: MCU GCC Linker
arm-none-eabi-gcc -mcpu=cortex-m4 -mthumb -mfloat-abi=hard -mfpu=fpv4-sp-d16 -specs=nosys.specs -specs=nano.specs -T"../STM32L476RGTx_FLASH.ld" -Wl,-Map=output.map -Wl,--gc-sections -o "RTC_DateTime.elf" @"objects.list"   -lm
Finished building target: RTC_DateTime.elf
 
make --no-print-directory post-build
Generating hex and Printing size information:
arm-none-eabi-objcopy -O ihex "RTC_DateTime.elf" "RTC_DateTime.hex"
arm-none-eabi-size "RTC_DateTime.elf"
   text	   data	    bss	    dec	    hex	filename
  14360	    136	   1856	  16352	   3fe0	RTC_DateTime.elf
 
19:14:11 **** Incremental Build of configuration Debug for project TimeBase_10ms_Int ****
make all 
make: Nothing to be done for 'all'.
19:14:12 **** Incremental Build of configuration Debug for project Timer_100ms_Run3 ****
make all 
make: Nothing to be done for 'all'.
19:14:12 **** Incremental Build of configuration Debug for project Timer_InputCapture ****
make all 
make: Nothing to be done for 'all'.
19:14:13 **** Incremental Build of configuration Debug for project Timer_InputCapture_HSIClock ****
make all 
make: Nothing to be done for 'all'.
19:14:14 **** Incremental Build of configuration Debug for project Timer_OuputCompare ****
make all 
make: Nothing to be done for 'all'.
19:14:14 **** Incremental Build of configuration Debug for project USART2_Example ****
make all 
make: Nothing to be done for 'all'.
19:14:15 **** Incremental Build of configuration Debug for project USART2_Example2_Interupt ****
make all 
make: Nothing to be done for 'all'.
19:14:15 **** Incremental Build of configuration Debug for project WairForEvent ****
make all 
make: Nothing to be done for 'all'.
19:14:16 **** Incremental Build of configuration Debug for project WairForInterupt ****
make all 
make: Nothing to be done for 'all'.
19:14:29 **** Programming project RTC_DateTime on chip ****
"C:\\Ac6\\SystemWorkbench\\plugins\\fr.ac6.mcu.externaltools.openocd.win32_1.23.0.201904120827\\tools\\openocd\\bin\\openocd.exe" -f stm32.flash.2178390538342893443.cfg -s "C:\\C_Workspace\\RTC_DateTime" -s "C:\\Ac6\\SystemWorkbench\\plugins\\fr.ac6.mcu.debug_2.5.0.201904120827\\resources\\openocd\\st_scripts" -c "program Debug/RTC_DateTime.elf verify reset " -c shutdown 
Open On-Chip Debugger 0.10.0+dev-00021-g524e8c8 (2019-04-12-08:48)
Licensed under GNU GPL v2
For bug reports, read
	http://openocd.org/doc/doxygen/bugs.html
srst_only separate srst_nogate srst_open_drain connect_assert_srst
Info : The selected transport took over low-level target control. The results might differ compared to plain JTAG/SWD
padded zone erase set to 1
adapter speed: 8000 kHz
adapter_nsrst_delay: 100
Info : clock speed 8000 kHz
Info : STLINK v2.1 JTAG v36 API v2 M26 VID 0x0483 PID 0x374B
Info : using stlink api v2
Info : Target voltage: 3.250952
Info : Unable to match requested speed 8000 kHz, using 4000 kHz
Info : Stlink adapter speed set to 4000 kHz
Info : STM32L476RGTx.cpu: hardware has 6 breakpoints, 4 watchpoints
Info : Listening on port 3333 for gdb connections
target halted due to debug-request, current mode: Thread 
xPSR: 0x01000000 pc: 0x08002c6c msp: 0x20018000
Info : Unable to match requested speed 8000 kHz, using 4000 kHz
Info : Stlink adapter speed set to 4000 kHz
Info : Unable to match requested speed 8000 kHz, using 4000 kHz
adapter speed: 4000 kHz
** Programming Started **
auto erase enabled
Info : Device id = 0x10076415
Info : STM32L4xx flash size is 1024kb, base address is 0x8000000
Info : Erase the padded zone before the write
Error: Whole bank access must start at beginning of bank.
target halted due to breakpoint, current mode: Thread 
xPSR: 0x61000000 pc: 0x20000050 msp: 0x20018000
wrote 16384 bytes from file Debug/RTC_DateTime.elf in 0.562569s (28.441 KiB/s)
** Programming Finished **
** Verify Started **
target halted due to breakpoint, current mode: Thread 
xPSR: 0x61000000 pc: 0x2000002e msp: 0x20018000
target halted due to breakpoint, current mode: Thread 
xPSR: 0x61000000 pc: 0x2000002e msp: 0x20018000
verified 14504 bytes in 0.517997s (27.344 KiB/s)
** Verified OK **
** Resetting Target **
shutdown command invoked
