13:02:51 **** Incremental Build of configuration Debug for project PWM_LED ****
make all 
Building file: ../Src/main.c
Invoking: MCU GCC Compiler
C:\C_Workspace\PWM_LED\Debug
arm-none-eabi-gcc -mcpu=cortex-m4 -mthumb -mfloat-abi=hard -mfpu=fpv4-sp-d16 -DUSE_HAL_DRIVER -DSTM32L476xx -I"C:/C_Workspace/PWM_LED/Inc" -I"C:/C_Workspace/PWM_LED/Drivers/STM32L4xx_HAL_Driver/Inc" -I"C:/C_Workspace/PWM_LED/Drivers/STM32L4xx_HAL_Driver/Inc/Legacy" -I"C:/C_Workspace/PWM_LED/Drivers/CMSIS/Device/ST/STM32L4xx/Include" -I"C:/C_Workspace/PWM_LED/Drivers/CMSIS/Include"  -Og -g3 -Wall -fmessage-length=0 -ffunction-sections -c -fmessage-length=0 -MMD -MP -MF"Src/main.d" -MT"Src/main.o" -o "Src/main.o" "../Src/main.c"
../Src/main.c: In function 'printClockFreq':
../Src/main.c:178:2: warning: implicit declaration of function 'sprintf' [-Wimplicit-function-declaration]
  sprintf(msg, "SYSCLK: %ld\r\n", HAL_RCC_GetSysClockFreq());
  ^~~~~~~
../Src/main.c:178:2: warning: incompatible implicit declaration of built-in function 'sprintf'
../Src/main.c:178:2: note: include '<stdio.h>' or provide a declaration of 'sprintf'
Finished building: ../Src/main.c
 
Building target: PWM_LED.elf
Invoking: MCU GCC Linker
arm-none-eabi-gcc -mcpu=cortex-m4 -mthumb -mfloat-abi=hard -mfpu=fpv4-sp-d16 -specs=nosys.specs -specs=nano.specs -T"../STM32L476RGTx_FLASH.ld" -Wl,-Map=output.map -Wl,--gc-sections -o "PWM_LED.elf" @"objects.list"   -lm
Finished building target: PWM_LED.elf
 
make --no-print-directory post-build
Generating hex and Printing size information:
arm-none-eabi-objcopy -O ihex "PWM_LED.elf" "PWM_LED.hex"
arm-none-eabi-size "PWM_LED.elf"
   text	   data	    bss	    dec	    hex	filename
  12024	    136	   1888	  14048	   36e0	PWM_LED.elf
 
13:02:59 **** Programming project PWM_LED on chip ****
"C:\\Ac6\\SystemWorkbench\\plugins\\fr.ac6.mcu.externaltools.openocd.win32_1.23.0.201904120827\\tools\\openocd\\bin\\openocd.exe" -f stm32.flash.2472531245226816411.cfg -s "C:\\C_Workspace\\PWM_LED" -s "C:\\Ac6\\SystemWorkbench\\plugins\\fr.ac6.mcu.debug_2.5.0.201904120827\\resources\\openocd\\st_scripts" -c "program Debug/PWM_LED.elf verify reset " -c shutdown 
Open On-Chip Debugger 0.10.0+dev-00021-g524e8c8 (2019-04-12-08:48)
Licensed under GNU GPL v2
For bug reports, read
	http://openocd.org/doc/doxygen/bugs.html
srst_only separate srst_nogate srst_open_drain connect_assert_srst
Info : The selected transport took over low-level target control. The results might differ compared to plain JTAG/SWD
padded zone erase set to 1
adapter speed: 8000 kHz
adapter_nsrst_delay: 100
Info : clock speed 8000 kHz
Info : STLINK v2.1 JTAG v36 API v2 M26 VID 0x0483 PID 0x374B
Info : using stlink api v2
Info : Target voltage: 3.245115
Info : Unable to match requested speed 8000 kHz, using 4000 kHz
Info : Stlink adapter speed set to 4000 kHz
Info : STM32L476RGTx.cpu: hardware has 6 breakpoints, 4 watchpoints
Info : Listening on port 3333 for gdb connections
target halted due to debug-request, current mode: Thread 
xPSR: 0x01000000 pc: 0x08002548 msp: 0x20018000
Info : Unable to match requested speed 8000 kHz, using 4000 kHz
Info : Stlink adapter speed set to 4000 kHz
Info : Unable to match requested speed 8000 kHz, using 4000 kHz
adapter speed: 4000 kHz
** Programming Started **
auto erase enabled
Info : Device id = 0x10076415
Info : STM32L4xx flash size is 1024kb, base address is 0x8000000
Info : Erase the padded zone before the write
Error: Whole bank access must start at beginning of bank.
target halted due to breakpoint, current mode: Thread 
xPSR: 0x61000000 pc: 0x20000050 msp: 0x20018000
wrote 12288 bytes from file Debug/PWM_LED.elf in 0.432740s (27.730 KiB/s)
** Programming Finished **
** Verify Started **
target halted due to breakpoint, current mode: Thread 
xPSR: 0x61000000 pc: 0x2000002e msp: 0x20018000
target halted due to breakpoint, current mode: Thread 
xPSR: 0x61000000 pc: 0x2000002e msp: 0x20018000
verified 12168 bytes in 0.429454s (27.670 KiB/s)
** Verified OK **
** Resetting Target **
shutdown command invoked
13:05:05 **** Incremental Build of configuration Debug for project HSE_SYSCLK_8Mhz_Run2 ****
make all 
make: Nothing to be done for 'all'.
13:05:06 **** Incremental Build of configuration Debug for project HelloWorldV4 ****
make all 
make: Nothing to be done for 'all'.
13:05:06 **** Incremental Build of configuration Debug for project PLL_SYSCLK_HSI_Run2 ****
make all 
make: Nothing to be done for 'all'.
13:05:07 **** Incremental Build of configuration Debug for project PWM1_timer_OC ****
make all 
make: Nothing to be done for 'all'.
13:05:07 **** Incremental Build of configuration Debug for project PWM_LED ****
make all 
Building file: ../Src/main.c
Invoking: MCU GCC Compiler
C:\C_Workspace\PWM_LED\Debug
arm-none-eabi-gcc -mcpu=cortex-m4 -mthumb -mfloat-abi=hard -mfpu=fpv4-sp-d16 -DUSE_HAL_DRIVER -DSTM32L476xx -I"C:/C_Workspace/PWM_LED/Inc" -I"C:/C_Workspace/PWM_LED/Drivers/STM32L4xx_HAL_Driver/Inc" -I"C:/C_Workspace/PWM_LED/Drivers/STM32L4xx_HAL_Driver/Inc/Legacy" -I"C:/C_Workspace/PWM_LED/Drivers/CMSIS/Device/ST/STM32L4xx/Include" -I"C:/C_Workspace/PWM_LED/Drivers/CMSIS/Include"  -Og -g3 -Wall -fmessage-length=0 -ffunction-sections -c -fmessage-length=0 -MMD -MP -MF"Src/main.d" -MT"Src/main.o" -o "Src/main.o" "../Src/main.c"
../Src/main.c: In function 'printClockFreq':
../Src/main.c:178:2: warning: implicit declaration of function 'sprintf' [-Wimplicit-function-declaration]
  sprintf(msg, "SYSCLK: %ld\r\n", HAL_RCC_GetSysClockFreq());
  ^~~~~~~
../Src/main.c:178:2: warning: incompatible implicit declaration of built-in function 'sprintf'
../Src/main.c:178:2: note: include '<stdio.h>' or provide a declaration of 'sprintf'
Finished building: ../Src/main.c
 
Building target: PWM_LED.elf
Invoking: MCU GCC Linker
arm-none-eabi-gcc -mcpu=cortex-m4 -mthumb -mfloat-abi=hard -mfpu=fpv4-sp-d16 -specs=nosys.specs -specs=nano.specs -T"../STM32L476RGTx_FLASH.ld" -Wl,-Map=output.map -Wl,--gc-sections -o "PWM_LED.elf" @"objects.list"   -lm
Finished building target: PWM_LED.elf
 
make --no-print-directory post-build
Generating hex and Printing size information:
arm-none-eabi-objcopy -O ihex "PWM_LED.elf" "PWM_LED.hex"
arm-none-eabi-size "PWM_LED.elf"
   text	   data	    bss	    dec	    hex	filename
  12024	    136	   1888	  14048	   36e0	PWM_LED.elf
 
13:05:10 **** Incremental Build of configuration Debug for project TimeBase_10ms_Int ****
make all 
make: Nothing to be done for 'all'.
13:05:10 **** Incremental Build of configuration Debug for project Timer_100ms_Run3 ****
make all 
make: Nothing to be done for 'all'.
13:05:11 **** Incremental Build of configuration Debug for project Timer_InputCapture ****
make all 
make: Nothing to be done for 'all'.
13:05:11 **** Incremental Build of configuration Debug for project Timer_InputCapture_HSIClock ****
make all 
make: Nothing to be done for 'all'.
13:05:12 **** Incremental Build of configuration Debug for project Timer_OuputCompare ****
make all 
make: Nothing to be done for 'all'.
13:05:12 **** Incremental Build of configuration Debug for project USART2_Example ****
make all 
make: Nothing to be done for 'all'.
13:05:13 **** Incremental Build of configuration Debug for project USART2_Example2_Interupt ****
make all 
make: Nothing to be done for 'all'.
13:05:26 **** Programming project PWM_LED on chip ****
"C:\\Ac6\\SystemWorkbench\\plugins\\fr.ac6.mcu.externaltools.openocd.win32_1.23.0.201904120827\\tools\\openocd\\bin\\openocd.exe" -f stm32.flash.273587753007538897.cfg -s "C:\\C_Workspace\\PWM_LED" -s "C:\\Ac6\\SystemWorkbench\\plugins\\fr.ac6.mcu.debug_2.5.0.201904120827\\resources\\openocd\\st_scripts" -c "program Debug/PWM_LED.elf verify reset " -c shutdown 
Open On-Chip Debugger 0.10.0+dev-00021-g524e8c8 (2019-04-12-08:48)
Licensed under GNU GPL v2
For bug reports, read
	http://openocd.org/doc/doxygen/bugs.html
srst_only separate srst_nogate srst_open_drain connect_assert_srst
Info : The selected transport took over low-level target control. The results might differ compared to plain JTAG/SWD
padded zone erase set to 1
adapter speed: 8000 kHz
adapter_nsrst_delay: 100
Info : clock speed 8000 kHz
Info : STLINK v2.1 JTAG v36 API v2 M26 VID 0x0483 PID 0x374B
Info : using stlink api v2
Info : Target voltage: 3.246689
Info : Unable to match requested speed 8000 kHz, using 4000 kHz
Info : Stlink adapter speed set to 4000 kHz
Info : STM32L476RGTx.cpu: hardware has 6 breakpoints, 4 watchpoints
Info : Listening on port 3333 for gdb connections
target halted due to debug-request, current mode: Thread 
xPSR: 0x01000000 pc: 0x08002548 msp: 0x20018000
Info : Unable to match requested speed 8000 kHz, using 4000 kHz
Info : Stlink adapter speed set to 4000 kHz
Info : Unable to match requested speed 8000 kHz, using 4000 kHz
adapter speed: 4000 kHz
** Programming Started **
auto erase enabled
Info : Device id = 0x10076415
Info : STM32L4xx flash size is 1024kb, base address is 0x8000000
Info : Erase the padded zone before the write
Error: Whole bank access must start at beginning of bank.
target halted due to breakpoint, current mode: Thread 
xPSR: 0x61000000 pc: 0x20000050 msp: 0x20018000
wrote 12288 bytes from file Debug/PWM_LED.elf in 0.434667s (27.607 KiB/s)
** Programming Finished **
** Verify Started **
target halted due to breakpoint, current mode: Thread 
xPSR: 0x61000000 pc: 0x2000002e msp: 0x20018000
target halted due to breakpoint, current mode: Thread 
xPSR: 0x61000000 pc: 0x2000002e msp: 0x20018000
verified 12168 bytes in 0.432178s (27.495 KiB/s)
** Verified OK **
** Resetting Target **
shutdown command invoked
13:05:49 **** Incremental Build of configuration Debug for project HSE_SYSCLK_8Mhz_Run2 ****
make all 
make: Nothing to be done for 'all'.
13:05:49 **** Incremental Build of configuration Debug for project HelloWorldV4 ****
make all 
make: Nothing to be done for 'all'.
13:05:50 **** Incremental Build of configuration Debug for project PLL_SYSCLK_HSI_Run2 ****
make all 
make: Nothing to be done for 'all'.
13:05:51 **** Incremental Build of configuration Debug for project PWM1_timer_OC ****
make all 
Building file: ../Src/msp.c
Invoking: MCU GCC Compiler
C:\C_Workspace\PWM1_timer_OC\Debug
arm-none-eabi-gcc -mcpu=cortex-m4 -mthumb -mfloat-abi=hard -mfpu=fpv4-sp-d16 -DUSE_HAL_DRIVER -DSTM32L476xx -I"C:/C_Workspace/PWM1_timer_OC/Inc" -I"C:/C_Workspace/PWM1_timer_OC/Drivers/STM32L4xx_HAL_Driver/Inc" -I"C:/C_Workspace/PWM1_timer_OC/Drivers/STM32L4xx_HAL_Driver/Inc/Legacy" -I"C:/C_Workspace/PWM1_timer_OC/Drivers/CMSIS/Device/ST/STM32L4xx/Include" -I"C:/C_Workspace/PWM1_timer_OC/Drivers/CMSIS/Include"  -Og -g3 -Wall -fmessage-length=0 -ffunction-sections -c -fmessage-length=0 -MMD -MP -MF"Src/msp.d" -MT"Src/msp.o" -o "Src/msp.o" "../Src/msp.c"
Finished building: ../Src/msp.c
 
Building target: PWM1_timer_OC.elf
Invoking: MCU GCC Linker
arm-none-eabi-gcc -mcpu=cortex-m4 -mthumb -mfloat-abi=hard -mfpu=fpv4-sp-d16 -specs=nosys.specs -specs=nano.specs -T"../STM32L476RGTx_FLASH.ld" -Wl,-Map=output.map -Wl,--gc-sections -o "PWM1_timer_OC.elf" @"objects.list"   -lm
Finished building target: PWM1_timer_OC.elf
 
make --no-print-directory post-build
Generating hex and Printing size information:
arm-none-eabi-objcopy -O ihex "PWM1_timer_OC.elf" "PWM1_timer_OC.hex"
arm-none-eabi-size "PWM1_timer_OC.elf"
   text	   data	    bss	    dec	    hex	filename
   9264	     32	   1760	  11056	   2b30	PWM1_timer_OC.elf
 
13:05:53 **** Incremental Build of configuration Debug for project PWM_LED ****
make all 
Building file: ../Src/main.c
Invoking: MCU GCC Compiler
C:\C_Workspace\PWM_LED\Debug
arm-none-eabi-gcc -mcpu=cortex-m4 -mthumb -mfloat-abi=hard -mfpu=fpv4-sp-d16 -DUSE_HAL_DRIVER -DSTM32L476xx -I"C:/C_Workspace/PWM_LED/Inc" -I"C:/C_Workspace/PWM_LED/Drivers/STM32L4xx_HAL_Driver/Inc" -I"C:/C_Workspace/PWM_LED/Drivers/STM32L4xx_HAL_Driver/Inc/Legacy" -I"C:/C_Workspace/PWM_LED/Drivers/CMSIS/Device/ST/STM32L4xx/Include" -I"C:/C_Workspace/PWM_LED/Drivers/CMSIS/Include"  -Og -g3 -Wall -fmessage-length=0 -ffunction-sections -c -fmessage-length=0 -MMD -MP -MF"Src/main.d" -MT"Src/main.o" -o "Src/main.o" "../Src/main.c"
../Src/main.c: In function 'printClockFreq':
../Src/main.c:178:2: warning: implicit declaration of function 'sprintf' [-Wimplicit-function-declaration]
  sprintf(msg, "SYSCLK: %ld\r\n", HAL_RCC_GetSysClockFreq());
  ^~~~~~~
../Src/main.c:178:2: warning: incompatible implicit declaration of built-in function 'sprintf'
../Src/main.c:178:2: note: include '<stdio.h>' or provide a declaration of 'sprintf'
Finished building: ../Src/main.c
 
Building target: PWM_LED.elf
Invoking: MCU GCC Linker
arm-none-eabi-gcc -mcpu=cortex-m4 -mthumb -mfloat-abi=hard -mfpu=fpv4-sp-d16 -specs=nosys.specs -specs=nano.specs -T"../STM32L476RGTx_FLASH.ld" -Wl,-Map=output.map -Wl,--gc-sections -o "PWM_LED.elf" @"objects.list"   -lm
Finished building target: PWM_LED.elf
 
make --no-print-directory post-build
Generating hex and Printing size information:
arm-none-eabi-objcopy -O ihex "PWM_LED.elf" "PWM_LED.hex"
arm-none-eabi-size "PWM_LED.elf"
   text	   data	    bss	    dec	    hex	filename
  12024	    136	   1888	  14048	   36e0	PWM_LED.elf
 
13:05:55 **** Incremental Build of configuration Debug for project TimeBase_10ms_Int ****
make all 
make: Nothing to be done for 'all'.
13:05:55 **** Incremental Build of configuration Debug for project Timer_100ms_Run3 ****
make all 
make: Nothing to be done for 'all'.
13:05:56 **** Incremental Build of configuration Debug for project Timer_InputCapture ****
make all 
make: Nothing to be done for 'all'.
13:05:57 **** Incremental Build of configuration Debug for project Timer_InputCapture_HSIClock ****
make all 
make: Nothing to be done for 'all'.
13:05:57 **** Incremental Build of configuration Debug for project Timer_OuputCompare ****
make all 
make: Nothing to be done for 'all'.
13:05:58 **** Incremental Build of configuration Debug for project USART2_Example ****
make all 
make: Nothing to be done for 'all'.
13:05:58 **** Incremental Build of configuration Debug for project USART2_Example2_Interupt ****
make all 
make: Nothing to be done for 'all'.
13:06:07 **** Programming project PWM_LED on chip ****
"C:\\Ac6\\SystemWorkbench\\plugins\\fr.ac6.mcu.externaltools.openocd.win32_1.23.0.201904120827\\tools\\openocd\\bin\\openocd.exe" -f stm32.flash.7903752098470945607.cfg -s "C:\\C_Workspace\\PWM_LED" -s "C:\\Ac6\\SystemWorkbench\\plugins\\fr.ac6.mcu.debug_2.5.0.201904120827\\resources\\openocd\\st_scripts" -c "program Debug/PWM_LED.elf verify reset " -c shutdown 
Open On-Chip Debugger 0.10.0+dev-00021-g524e8c8 (2019-04-12-08:48)
Licensed under GNU GPL v2
For bug reports, read
	http://openocd.org/doc/doxygen/bugs.html
srst_only separate srst_nogate srst_open_drain connect_assert_srst
Info : The selected transport took over low-level target control. The results might differ compared to plain JTAG/SWD
padded zone erase set to 1
adapter speed: 8000 kHz
adapter_nsrst_delay: 100
Info : clock speed 8000 kHz
Info : STLINK v2.1 JTAG v36 API v2 M26 VID 0x0483 PID 0x374B
Info : using stlink api v2
Info : Target voltage: 3.243541
Info : Unable to match requested speed 8000 kHz, using 4000 kHz
Info : Stlink adapter speed set to 4000 kHz
Info : STM32L476RGTx.cpu: hardware has 6 breakpoints, 4 watchpoints
Info : Listening on port 3333 for gdb connections
target halted due to debug-request, current mode: Thread 
xPSR: 0x01000000 pc: 0x08002548 msp: 0x20018000
Info : Unable to match requested speed 8000 kHz, using 4000 kHz
Info : Stlink adapter speed set to 4000 kHz
Info : Unable to match requested speed 8000 kHz, using 4000 kHz
adapter speed: 4000 kHz
** Programming Started **
auto erase enabled
Info : Device id = 0x10076415
Info : STM32L4xx flash size is 1024kb, base address is 0x8000000
Info : Erase the padded zone before the write
Error: Whole bank access must start at beginning of bank.
target halted due to breakpoint, current mode: Thread 
xPSR: 0x61000000 pc: 0x20000050 msp: 0x20018000
wrote 12288 bytes from file Debug/PWM_LED.elf in 0.434979s (27.588 KiB/s)
** Programming Finished **
** Verify Started **
target halted due to breakpoint, current mode: Thread 
xPSR: 0x61000000 pc: 0x2000002e msp: 0x20018000
target halted due to breakpoint, current mode: Thread 
xPSR: 0x61000000 pc: 0x2000002e msp: 0x20018000
verified 12168 bytes in 0.429062s (27.695 KiB/s)
** Verified OK **
** Resetting Target **
shutdown command invoked
13:07:16 **** Incremental Build of configuration Debug for project HSE_SYSCLK_8Mhz_Run2 ****
make all 
make: Nothing to be done for 'all'.
13:07:17 **** Incremental Build of configuration Debug for project HelloWorldV4 ****
make all 
make: Nothing to be done for 'all'.
13:07:17 **** Incremental Build of configuration Debug for project PLL_SYSCLK_HSI_Run2 ****
make all 
make: Nothing to be done for 'all'.
13:07:18 **** Incremental Build of configuration Debug for project PWM1_timer_OC ****
make all 
make: Nothing to be done for 'all'.
13:07:18 **** Incremental Build of configuration Debug for project PWM_LED ****
make all 
Building file: ../Src/main.c
Invoking: MCU GCC Compiler
C:\C_Workspace\PWM_LED\Debug
arm-none-eabi-gcc -mcpu=cortex-m4 -mthumb -mfloat-abi=hard -mfpu=fpv4-sp-d16 -DUSE_HAL_DRIVER -DSTM32L476xx -I"C:/C_Workspace/PWM_LED/Inc" -I"C:/C_Workspace/PWM_LED/Drivers/STM32L4xx_HAL_Driver/Inc" -I"C:/C_Workspace/PWM_LED/Drivers/STM32L4xx_HAL_Driver/Inc/Legacy" -I"C:/C_Workspace/PWM_LED/Drivers/CMSIS/Device/ST/STM32L4xx/Include" -I"C:/C_Workspace/PWM_LED/Drivers/CMSIS/Include"  -Og -g3 -Wall -fmessage-length=0 -ffunction-sections -c -fmessage-length=0 -MMD -MP -MF"Src/main.d" -MT"Src/main.o" -o "Src/main.o" "../Src/main.c"
../Src/main.c: In function 'printClockFreq':
../Src/main.c:178:2: warning: implicit declaration of function 'sprintf' [-Wimplicit-function-declaration]
  sprintf(msg, "SYSCLK: %ld\r\n", HAL_RCC_GetSysClockFreq());
  ^~~~~~~
../Src/main.c:178:2: warning: incompatible implicit declaration of built-in function 'sprintf'
../Src/main.c:178:2: note: include '<stdio.h>' or provide a declaration of 'sprintf'
Finished building: ../Src/main.c
 
Building target: PWM_LED.elf
Invoking: MCU GCC Linker
arm-none-eabi-gcc -mcpu=cortex-m4 -mthumb -mfloat-abi=hard -mfpu=fpv4-sp-d16 -specs=nosys.specs -specs=nano.specs -T"../STM32L476RGTx_FLASH.ld" -Wl,-Map=output.map -Wl,--gc-sections -o "PWM_LED.elf" @"objects.list"   -lm
Finished building target: PWM_LED.elf
 
make --no-print-directory post-build
Generating hex and Printing size information:
arm-none-eabi-objcopy -O ihex "PWM_LED.elf" "PWM_LED.hex"
arm-none-eabi-size "PWM_LED.elf"
   text	   data	    bss	    dec	    hex	filename
  11936	    136	   1888	  13960	   3688	PWM_LED.elf
 
13:07:20 **** Incremental Build of configuration Debug for project TimeBase_10ms_Int ****
make all 
make: Nothing to be done for 'all'.
13:07:21 **** Incremental Build of configuration Debug for project Timer_100ms_Run3 ****
make all 
make: Nothing to be done for 'all'.
13:07:21 **** Incremental Build of configuration Debug for project Timer_InputCapture ****
make all 
make: Nothing to be done for 'all'.
13:07:22 **** Incremental Build of configuration Debug for project Timer_InputCapture_HSIClock ****
make all 
make: Nothing to be done for 'all'.
13:07:23 **** Incremental Build of configuration Debug for project Timer_OuputCompare ****
make all 
make: Nothing to be done for 'all'.
13:07:23 **** Incremental Build of configuration Debug for project USART2_Example ****
make all 
make: Nothing to be done for 'all'.
13:07:24 **** Incremental Build of configuration Debug for project USART2_Example2_Interupt ****
make all 
make: Nothing to be done for 'all'.
13:07:29 **** Programming project PWM_LED on chip ****
"C:\\Ac6\\SystemWorkbench\\plugins\\fr.ac6.mcu.externaltools.openocd.win32_1.23.0.201904120827\\tools\\openocd\\bin\\openocd.exe" -f stm32.flash.7692193895184682188.cfg -s "C:\\C_Workspace\\PWM_LED" -s "C:\\Ac6\\SystemWorkbench\\plugins\\fr.ac6.mcu.debug_2.5.0.201904120827\\resources\\openocd\\st_scripts" -c "program Debug/PWM_LED.elf verify reset " -c shutdown 
Open On-Chip Debugger 0.10.0+dev-00021-g524e8c8 (2019-04-12-08:48)
Licensed under GNU GPL v2
For bug reports, read
	http://openocd.org/doc/doxygen/bugs.html
srst_only separate srst_nogate srst_open_drain connect_assert_srst
Info : The selected transport took over low-level target control. The results might differ compared to plain JTAG/SWD
padded zone erase set to 1
adapter speed: 8000 kHz
adapter_nsrst_delay: 100
Info : clock speed 8000 kHz
Info : STLINK v2.1 JTAG v36 API v2 M26 VID 0x0483 PID 0x374B
Info : using stlink api v2
Info : Target voltage: 3.246689
Info : Unable to match requested speed 8000 kHz, using 4000 kHz
Info : Stlink adapter speed set to 4000 kHz
Info : STM32L476RGTx.cpu: hardware has 6 breakpoints, 4 watchpoints
Info : Listening on port 3333 for gdb connections
target halted due to debug-request, current mode: Thread 
xPSR: 0x01000000 pc: 0x08002548 msp: 0x20018000
Info : Unable to match requested speed 8000 kHz, using 4000 kHz
Info : Stlink adapter speed set to 4000 kHz
Info : Unable to match requested speed 8000 kHz, using 4000 kHz
adapter speed: 4000 kHz
** Programming Started **
auto erase enabled
Info : Device id = 0x10076415
Info : STM32L4xx flash size is 1024kb, base address is 0x8000000
Info : Erase the padded zone before the write
Error: Whole bank access must start at beginning of bank.
target halted due to breakpoint, current mode: Thread 
xPSR: 0x61000000 pc: 0x20000050 msp: 0x20018000
wrote 12288 bytes from file Debug/PWM_LED.elf in 0.437484s (27.430 KiB/s)
** Programming Finished **
** Verify Started **
target halted due to breakpoint, current mode: Thread 
xPSR: 0x61000000 pc: 0x2000002e msp: 0x20018000
target halted due to breakpoint, current mode: Thread 
xPSR: 0x61000000 pc: 0x2000002e msp: 0x20018000
verified 12080 bytes in 0.427909s (27.569 KiB/s)
** Verified OK **
** Resetting Target **
shutdown command invoked
13:08:02 **** Incremental Build of configuration Debug for project HSE_SYSCLK_8Mhz_Run2 ****
make all 
make: Nothing to be done for 'all'.
13:08:02 **** Incremental Build of configuration Debug for project HelloWorldV4 ****
make all 
make: Nothing to be done for 'all'.
13:08:03 **** Incremental Build of configuration Debug for project PLL_SYSCLK_HSI_Run2 ****
make all 
make: Nothing to be done for 'all'.
13:08:03 **** Incremental Build of configuration Debug for project PWM1_timer_OC ****
make all 
Building file: ../Src/msp.c
Invoking: MCU GCC Compiler
C:\C_Workspace\PWM1_timer_OC\Debug
arm-none-eabi-gcc -mcpu=cortex-m4 -mthumb -mfloat-abi=hard -mfpu=fpv4-sp-d16 -DUSE_HAL_DRIVER -DSTM32L476xx -I"C:/C_Workspace/PWM1_timer_OC/Inc" -I"C:/C_Workspace/PWM1_timer_OC/Drivers/STM32L4xx_HAL_Driver/Inc" -I"C:/C_Workspace/PWM1_timer_OC/Drivers/STM32L4xx_HAL_Driver/Inc/Legacy" -I"C:/C_Workspace/PWM1_timer_OC/Drivers/CMSIS/Device/ST/STM32L4xx/Include" -I"C:/C_Workspace/PWM1_timer_OC/Drivers/CMSIS/Include"  -Og -g3 -Wall -fmessage-length=0 -ffunction-sections -c -fmessage-length=0 -MMD -MP -MF"Src/msp.d" -MT"Src/msp.o" -o "Src/msp.o" "../Src/msp.c"
Finished building: ../Src/msp.c
 
Building target: PWM1_timer_OC.elf
Invoking: MCU GCC Linker
arm-none-eabi-gcc -mcpu=cortex-m4 -mthumb -mfloat-abi=hard -mfpu=fpv4-sp-d16 -specs=nosys.specs -specs=nano.specs -T"../STM32L476RGTx_FLASH.ld" -Wl,-Map=output.map -Wl,--gc-sections -o "PWM1_timer_OC.elf" @"objects.list"   -lm
Finished building target: PWM1_timer_OC.elf
 
make --no-print-directory post-build
Generating hex and Printing size information:
arm-none-eabi-objcopy -O ihex "PWM1_timer_OC.elf" "PWM1_timer_OC.hex"
arm-none-eabi-size "PWM1_timer_OC.elf"
   text	   data	    bss	    dec	    hex	filename
   9264	     32	   1760	  11056	   2b30	PWM1_timer_OC.elf
 
13:08:05 **** Incremental Build of configuration Debug for project PWM_LED ****
make all 
Building file: ../Src/main.c
Invoking: MCU GCC Compiler
C:\C_Workspace\PWM_LED\Debug
arm-none-eabi-gcc -mcpu=cortex-m4 -mthumb -mfloat-abi=hard -mfpu=fpv4-sp-d16 -DUSE_HAL_DRIVER -DSTM32L476xx -I"C:/C_Workspace/PWM_LED/Inc" -I"C:/C_Workspace/PWM_LED/Drivers/STM32L4xx_HAL_Driver/Inc" -I"C:/C_Workspace/PWM_LED/Drivers/STM32L4xx_HAL_Driver/Inc/Legacy" -I"C:/C_Workspace/PWM_LED/Drivers/CMSIS/Device/ST/STM32L4xx/Include" -I"C:/C_Workspace/PWM_LED/Drivers/CMSIS/Include"  -Og -g3 -Wall -fmessage-length=0 -ffunction-sections -c -fmessage-length=0 -MMD -MP -MF"Src/main.d" -MT"Src/main.o" -o "Src/main.o" "../Src/main.c"
../Src/main.c: In function 'printClockFreq':
../Src/main.c:178:2: warning: implicit declaration of function 'sprintf' [-Wimplicit-function-declaration]
  sprintf(msg, "SYSCLK: %ld\r\n", HAL_RCC_GetSysClockFreq());
  ^~~~~~~
../Src/main.c:178:2: warning: incompatible implicit declaration of built-in function 'sprintf'
../Src/main.c:178:2: note: include '<stdio.h>' or provide a declaration of 'sprintf'
Finished building: ../Src/main.c
 
Building target: PWM_LED.elf
Invoking: MCU GCC Linker
arm-none-eabi-gcc -mcpu=cortex-m4 -mthumb -mfloat-abi=hard -mfpu=fpv4-sp-d16 -specs=nosys.specs -specs=nano.specs -T"../STM32L476RGTx_FLASH.ld" -Wl,-Map=output.map -Wl,--gc-sections -o "PWM_LED.elf" @"objects.list"   -lm
Finished building target: PWM_LED.elf
 
make --no-print-directory post-build
Generating hex and Printing size information:
arm-none-eabi-objcopy -O ihex "PWM_LED.elf" "PWM_LED.hex"
arm-none-eabi-size "PWM_LED.elf"
   text	   data	    bss	    dec	    hex	filename
  11936	    136	   1888	  13960	   3688	PWM_LED.elf
 
13:08:08 **** Incremental Build of configuration Debug for project TimeBase_10ms_Int ****
make all 
make: Nothing to be done for 'all'.
13:08:08 **** Incremental Build of configuration Debug for project Timer_100ms_Run3 ****
make all 
make: Nothing to be done for 'all'.
13:08:09 **** Incremental Build of configuration Debug for project Timer_InputCapture ****
make all 
make: Nothing to be done for 'all'.
13:08:09 **** Incremental Build of configuration Debug for project Timer_InputCapture_HSIClock ****
make all 
make: Nothing to be done for 'all'.
13:08:10 **** Incremental Build of configuration Debug for project Timer_OuputCompare ****
make all 
make: Nothing to be done for 'all'.
13:08:10 **** Incremental Build of configuration Debug for project USART2_Example ****
make all 
make: Nothing to be done for 'all'.
13:08:11 **** Incremental Build of configuration Debug for project USART2_Example2_Interupt ****
make all 
make: Nothing to be done for 'all'.
13:08:22 **** Programming project PWM_LED on chip ****
"C:\\Ac6\\SystemWorkbench\\plugins\\fr.ac6.mcu.externaltools.openocd.win32_1.23.0.201904120827\\tools\\openocd\\bin\\openocd.exe" -f stm32.flash.2049627795260064636.cfg -s "C:\\C_Workspace\\PWM_LED" -s "C:\\Ac6\\SystemWorkbench\\plugins\\fr.ac6.mcu.debug_2.5.0.201904120827\\resources\\openocd\\st_scripts" -c "program Debug/PWM_LED.elf verify reset " -c shutdown 
Open On-Chip Debugger 0.10.0+dev-00021-g524e8c8 (2019-04-12-08:48)
Licensed under GNU GPL v2
For bug reports, read
	http://openocd.org/doc/doxygen/bugs.html
srst_only separate srst_nogate srst_open_drain connect_assert_srst
Info : The selected transport took over low-level target control. The results might differ compared to plain JTAG/SWD
padded zone erase set to 1
adapter speed: 8000 kHz
adapter_nsrst_delay: 100
Info : clock speed 8000 kHz
Info : STLINK v2.1 JTAG v36 API v2 M26 VID 0x0483 PID 0x374B
Info : using stlink api v2
Info : Target voltage: 3.249836
Info : Unable to match requested speed 8000 kHz, using 4000 kHz
Info : Stlink adapter speed set to 4000 kHz
Info : STM32L476RGTx.cpu: hardware has 6 breakpoints, 4 watchpoints
Info : Listening on port 3333 for gdb connections
target halted due to debug-request, current mode: Thread 
xPSR: 0x01000000 pc: 0x080024f4 msp: 0x20018000
Info : Unable to match requested speed 8000 kHz, using 4000 kHz
Info : Stlink adapter speed set to 4000 kHz
Info : Unable to match requested speed 8000 kHz, using 4000 kHz
adapter speed: 4000 kHz
** Programming Started **
auto erase enabled
Info : Device id = 0x10076415
Info : STM32L4xx flash size is 1024kb, base address is 0x8000000
Info : Erase the padded zone before the write
Error: Whole bank access must start at beginning of bank.
target halted due to breakpoint, current mode: Thread 
xPSR: 0x61000000 pc: 0x20000050 msp: 0x20018000
wrote 12288 bytes from file Debug/PWM_LED.elf in 0.436687s (27.480 KiB/s)
** Programming Finished **
** Verify Started **
target halted due to breakpoint, current mode: Thread 
xPSR: 0x61000000 pc: 0x2000002e msp: 0x20018000
target halted due to breakpoint, current mode: Thread 
xPSR: 0x61000000 pc: 0x2000002e msp: 0x20018000
verified 12080 bytes in 0.429561s (27.463 KiB/s)
** Verified OK **
** Resetting Target **
shutdown command invoked
17:45:02 **** Build of configuration Debug for project CAN_LoopBack ****
make all 
Building file: ../startup/startup_stm32l476xx.s
Invoking: MCU GCC Assembler
C:\C_Workspace\CAN_LoopBack\Debug
arm-none-eabi-as -mcpu=cortex-m4 -mthumb -mfloat-abi=hard -mfpu=fpv4-sp-d16 -g -o "startup/startup_stm32l476xx.o" "../startup/startup_stm32l476xx.s"
Finished building: ../startup/startup_stm32l476xx.s
 
Building file: ../Src/main.c
Invoking: MCU GCC Compiler
C:\C_Workspace\CAN_LoopBack\Debug
arm-none-eabi-gcc -mcpu=cortex-m4 -mthumb -mfloat-abi=hard -mfpu=fpv4-sp-d16 -DUSE_HAL_DRIVER -DSTM32L476xx -I"C:/C_Workspace/CAN_LoopBack/Inc" -I"C:/C_Workspace/CAN_LoopBack/Drivers/STM32L4xx_HAL_Driver/Inc" -I"C:/C_Workspace/CAN_LoopBack/Drivers/STM32L4xx_HAL_Driver/Inc/Legacy" -I"C:/C_Workspace/CAN_LoopBack/Drivers/CMSIS/Device/ST/STM32L4xx/Include" -I"C:/C_Workspace/CAN_LoopBack/Drivers/CMSIS/Include"  -Og -g3 -Wall -fmessage-length=0 -ffunction-sections -c -fmessage-length=0 -MMD -MP -MF"Src/main.d" -MT"Src/main.o" -o "Src/main.o" "../Src/main.c"
Finished building: ../Src/main.c
 
Building file: ../Src/stm32l4xx_hal_msp.c
Invoking: MCU GCC Compiler
C:\C_Workspace\CAN_LoopBack\Debug
arm-none-eabi-gcc -mcpu=cortex-m4 -mthumb -mfloat-abi=hard -mfpu=fpv4-sp-d16 -DUSE_HAL_DRIVER -DSTM32L476xx -I"C:/C_Workspace/CAN_LoopBack/Inc" -I"C:/C_Workspace/CAN_LoopBack/Drivers/STM32L4xx_HAL_Driver/Inc" -I"C:/C_Workspace/CAN_LoopBack/Drivers/STM32L4xx_HAL_Driver/Inc/Legacy" -I"C:/C_Workspace/CAN_LoopBack/Drivers/CMSIS/Device/ST/STM32L4xx/Include" -I"C:/C_Workspace/CAN_LoopBack/Drivers/CMSIS/Include"  -Og -g3 -Wall -fmessage-length=0 -ffunction-sections -c -fmessage-length=0 -MMD -MP -MF"Src/stm32l4xx_hal_msp.d" -MT"Src/stm32l4xx_hal_msp.o" -o "Src/stm32l4xx_hal_msp.o" "../Src/stm32l4xx_hal_msp.c"
Finished building: ../Src/stm32l4xx_hal_msp.c
 
Building file: ../Src/stm32l4xx_it.c
Invoking: MCU GCC Compiler
C:\C_Workspace\CAN_LoopBack\Debug
arm-none-eabi-gcc -mcpu=cortex-m4 -mthumb -mfloat-abi=hard -mfpu=fpv4-sp-d16 -DUSE_HAL_DRIVER -DSTM32L476xx -I"C:/C_Workspace/CAN_LoopBack/Inc" -I"C:/C_Workspace/CAN_LoopBack/Drivers/STM32L4xx_HAL_Driver/Inc" -I"C:/C_Workspace/CAN_LoopBack/Drivers/STM32L4xx_HAL_Driver/Inc/Legacy" -I"C:/C_Workspace/CAN_LoopBack/Drivers/CMSIS/Device/ST/STM32L4xx/Include" -I"C:/C_Workspace/CAN_LoopBack/Drivers/CMSIS/Include"  -Og -g3 -Wall -fmessage-length=0 -ffunction-sections -c -fmessage-length=0 -MMD -MP -MF"Src/stm32l4xx_it.d" -MT"Src/stm32l4xx_it.o" -o "Src/stm32l4xx_it.o" "../Src/stm32l4xx_it.c"
Finished building: ../Src/stm32l4xx_it.c
 
Building file: ../Src/syscalls.c
Invoking: MCU GCC Compiler
C:\C_Workspace\CAN_LoopBack\Debug
arm-none-eabi-gcc -mcpu=cortex-m4 -mthumb -mfloat-abi=hard -mfpu=fpv4-sp-d16 -DUSE_HAL_DRIVER -DSTM32L476xx -I"C:/C_Workspace/CAN_LoopBack/Inc" -I"C:/C_Workspace/CAN_LoopBack/Drivers/STM32L4xx_HAL_Driver/Inc" -I"C:/C_Workspace/CAN_LoopBack/Drivers/STM32L4xx_HAL_Driver/Inc/Legacy" -I"C:/C_Workspace/CAN_LoopBack/Drivers/CMSIS/Device/ST/STM32L4xx/Include" -I"C:/C_Workspace/CAN_LoopBack/Drivers/CMSIS/Include"  -Og -g3 -Wall -fmessage-length=0 -ffunction-sections -c -fmessage-length=0 -MMD -MP -MF"Src/syscalls.d" -MT"Src/syscalls.o" -o "Src/syscalls.o" "../Src/syscalls.c"
Finished building: ../Src/syscalls.c
 
Building file: ../Src/system_stm32l4xx.c
Invoking: MCU GCC Compiler
C:\C_Workspace\CAN_LoopBack\Debug
arm-none-eabi-gcc -mcpu=cortex-m4 -mthumb -mfloat-abi=hard -mfpu=fpv4-sp-d16 -DUSE_HAL_DRIVER -DSTM32L476xx -I"C:/C_Workspace/CAN_LoopBack/Inc" -I"C:/C_Workspace/CAN_LoopBack/Drivers/STM32L4xx_HAL_Driver/Inc" -I"C:/C_Workspace/CAN_LoopBack/Drivers/STM32L4xx_HAL_Driver/Inc/Legacy" -I"C:/C_Workspace/CAN_LoopBack/Drivers/CMSIS/Device/ST/STM32L4xx/Include" -I"C:/C_Workspace/CAN_LoopBack/Drivers/CMSIS/Include"  -Og -g3 -Wall -fmessage-length=0 -ffunction-sections -c -fmessage-length=0 -MMD -MP -MF"Src/system_stm32l4xx.d" -MT"Src/system_stm32l4xx.o" -o "Src/system_stm32l4xx.o" "../Src/system_stm32l4xx.c"
Finished building: ../Src/system_stm32l4xx.c
 
Building file: ../Drivers/STM32L4xx_HAL_Driver/Src/stm32l4xx_hal.c
Invoking: MCU GCC Compiler
C:\C_Workspace\CAN_LoopBack\Debug
arm-none-eabi-gcc -mcpu=cortex-m4 -mthumb -mfloat-abi=hard -mfpu=fpv4-sp-d16 -DUSE_HAL_DRIVER -DSTM32L476xx -I"C:/C_Workspace/CAN_LoopBack/Inc" -I"C:/C_Workspace/CAN_LoopBack/Drivers/STM32L4xx_HAL_Driver/Inc" -I"C:/C_Workspace/CAN_LoopBack/Drivers/STM32L4xx_HAL_Driver/Inc/Legacy" -I"C:/C_Workspace/CAN_LoopBack/Drivers/CMSIS/Device/ST/STM32L4xx/Include" -I"C:/C_Workspace/CAN_LoopBack/Drivers/CMSIS/Include"  -Og -g3 -Wall -fmessage-length=0 -ffunction-sections -c -fmessage-length=0 -MMD -MP -MF"Drivers/STM32L4xx_HAL_Driver/Src/stm32l4xx_hal.d" -MT"Drivers/STM32L4xx_HAL_Driver/Src/stm32l4xx_hal.o" -o "Drivers/STM32L4xx_HAL_Driver/Src/stm32l4xx_hal.o" "../Drivers/STM32L4xx_HAL_Driver/Src/stm32l4xx_hal.c"
Finished building: ../Drivers/STM32L4xx_HAL_Driver/Src/stm32l4xx_hal.c
 
Building file: ../Drivers/STM32L4xx_HAL_Driver/Src/stm32l4xx_hal_can.c
Invoking: MCU GCC Compiler
C:\C_Workspace\CAN_LoopBack\Debug
arm-none-eabi-gcc -mcpu=cortex-m4 -mthumb -mfloat-abi=hard -mfpu=fpv4-sp-d16 -DUSE_HAL_DRIVER -DSTM32L476xx -I"C:/C_Workspace/CAN_LoopBack/Inc" -I"C:/C_Workspace/CAN_LoopBack/Drivers/STM32L4xx_HAL_Driver/Inc" -I"C:/C_Workspace/CAN_LoopBack/Drivers/STM32L4xx_HAL_Driver/Inc/Legacy" -I"C:/C_Workspace/CAN_LoopBack/Drivers/CMSIS/Device/ST/STM32L4xx/Include" -I"C:/C_Workspace/CAN_LoopBack/Drivers/CMSIS/Include"  -Og -g3 -Wall -fmessage-length=0 -ffunction-sections -c -fmessage-length=0 -MMD -MP -MF"Drivers/STM32L4xx_HAL_Driver/Src/stm32l4xx_hal_can.d" -MT"Drivers/STM32L4xx_HAL_Driver/Src/stm32l4xx_hal_can.o" -o "Drivers/STM32L4xx_HAL_Driver/Src/stm32l4xx_hal_can.o" "../Drivers/STM32L4xx_HAL_Driver/Src/stm32l4xx_hal_can.c"
Finished building: ../Drivers/STM32L4xx_HAL_Driver/Src/stm32l4xx_hal_can.c
 
Building file: ../Drivers/STM32L4xx_HAL_Driver/Src/stm32l4xx_hal_cortex.c
Invoking: MCU GCC Compiler
C:\C_Workspace\CAN_LoopBack\Debug
arm-none-eabi-gcc -mcpu=cortex-m4 -mthumb -mfloat-abi=hard -mfpu=fpv4-sp-d16 -DUSE_HAL_DRIVER -DSTM32L476xx -I"C:/C_Workspace/CAN_LoopBack/Inc" -I"C:/C_Workspace/CAN_LoopBack/Drivers/STM32L4xx_HAL_Driver/Inc" -I"C:/C_Workspace/CAN_LoopBack/Drivers/STM32L4xx_HAL_Driver/Inc/Legacy" -I"C:/C_Workspace/CAN_LoopBack/Drivers/CMSIS/Device/ST/STM32L4xx/Include" -I"C:/C_Workspace/CAN_LoopBack/Drivers/CMSIS/Include"  -Og -g3 -Wall -fmessage-length=0 -ffunction-sections -c -fmessage-length=0 -MMD -MP -MF"Drivers/STM32L4xx_HAL_Driver/Src/stm32l4xx_hal_cortex.d" -MT"Drivers/STM32L4xx_HAL_Driver/Src/stm32l4xx_hal_cortex.o" -o "Drivers/STM32L4xx_HAL_Driver/Src/stm32l4xx_hal_cortex.o" "../Drivers/STM32L4xx_HAL_Driver/Src/stm32l4xx_hal_cortex.c"
Finished building: ../Drivers/STM32L4xx_HAL_Driver/Src/stm32l4xx_hal_cortex.c
 
Building file: ../Drivers/STM32L4xx_HAL_Driver/Src/stm32l4xx_hal_dma.c
Invoking: MCU GCC Compiler
C:\C_Workspace\CAN_LoopBack\Debug
arm-none-eabi-gcc -mcpu=cortex-m4 -mthumb -mfloat-abi=hard -mfpu=fpv4-sp-d16 -DUSE_HAL_DRIVER -DSTM32L476xx -I"C:/C_Workspace/CAN_LoopBack/Inc" -I"C:/C_Workspace/CAN_LoopBack/Drivers/STM32L4xx_HAL_Driver/Inc" -I"C:/C_Workspace/CAN_LoopBack/Drivers/STM32L4xx_HAL_Driver/Inc/Legacy" -I"C:/C_Workspace/CAN_LoopBack/Drivers/CMSIS/Device/ST/STM32L4xx/Include" -I"C:/C_Workspace/CAN_LoopBack/Drivers/CMSIS/Include"  -Og -g3 -Wall -fmessage-length=0 -ffunction-sections -c -fmessage-length=0 -MMD -MP -MF"Drivers/STM32L4xx_HAL_Driver/Src/stm32l4xx_hal_dma.d" -MT"Drivers/STM32L4xx_HAL_Driver/Src/stm32l4xx_hal_dma.o" -o "Drivers/STM32L4xx_HAL_Driver/Src/stm32l4xx_hal_dma.o" "../Drivers/STM32L4xx_HAL_Driver/Src/stm32l4xx_hal_dma.c"
Finished building: ../Drivers/STM32L4xx_HAL_Driver/Src/stm32l4xx_hal_dma.c
 
Building file: ../Drivers/STM32L4xx_HAL_Driver/Src/stm32l4xx_hal_dma_ex.c
Invoking: MCU GCC Compiler
C:\C_Workspace\CAN_LoopBack\Debug
arm-none-eabi-gcc -mcpu=cortex-m4 -mthumb -mfloat-abi=hard -mfpu=fpv4-sp-d16 -DUSE_HAL_DRIVER -DSTM32L476xx -I"C:/C_Workspace/CAN_LoopBack/Inc" -I"C:/C_Workspace/CAN_LoopBack/Drivers/STM32L4xx_HAL_Driver/Inc" -I"C:/C_Workspace/CAN_LoopBack/Drivers/STM32L4xx_HAL_Driver/Inc/Legacy" -I"C:/C_Workspace/CAN_LoopBack/Drivers/CMSIS/Device/ST/STM32L4xx/Include" -I"C:/C_Workspace/CAN_LoopBack/Drivers/CMSIS/Include"  -Og -g3 -Wall -fmessage-length=0 -ffunction-sections -c -fmessage-length=0 -MMD -MP -MF"Drivers/STM32L4xx_HAL_Driver/Src/stm32l4xx_hal_dma_ex.d" -MT"Drivers/STM32L4xx_HAL_Driver/Src/stm32l4xx_hal_dma_ex.o" -o "Drivers/STM32L4xx_HAL_Driver/Src/stm32l4xx_hal_dma_ex.o" "../Drivers/STM32L4xx_HAL_Driver/Src/stm32l4xx_hal_dma_ex.c"
Finished building: ../Drivers/STM32L4xx_HAL_Driver/Src/stm32l4xx_hal_dma_ex.c
 
Building file: ../Drivers/STM32L4xx_HAL_Driver/Src/stm32l4xx_hal_exti.c
Invoking: MCU GCC Compiler
C:\C_Workspace\CAN_LoopBack\Debug
arm-none-eabi-gcc -mcpu=cortex-m4 -mthumb -mfloat-abi=hard -mfpu=fpv4-sp-d16 -DUSE_HAL_DRIVER -DSTM32L476xx -I"C:/C_Workspace/CAN_LoopBack/Inc" -I"C:/C_Workspace/CAN_LoopBack/Drivers/STM32L4xx_HAL_Driver/Inc" -I"C:/C_Workspace/CAN_LoopBack/Drivers/STM32L4xx_HAL_Driver/Inc/Legacy" -I"C:/C_Workspace/CAN_LoopBack/Drivers/CMSIS/Device/ST/STM32L4xx/Include" -I"C:/C_Workspace/CAN_LoopBack/Drivers/CMSIS/Include"  -Og -g3 -Wall -fmessage-length=0 -ffunction-sections -c -fmessage-length=0 -MMD -MP -MF"Drivers/STM32L4xx_HAL_Driver/Src/stm32l4xx_hal_exti.d" -MT"Drivers/STM32L4xx_HAL_Driver/Src/stm32l4xx_hal_exti.o" -o "Drivers/STM32L4xx_HAL_Driver/Src/stm32l4xx_hal_exti.o" "../Drivers/STM32L4xx_HAL_Driver/Src/stm32l4xx_hal_exti.c"
Finished building: ../Drivers/STM32L4xx_HAL_Driver/Src/stm32l4xx_hal_exti.c
 
Building file: ../Drivers/STM32L4xx_HAL_Driver/Src/stm32l4xx_hal_flash.c
Invoking: MCU GCC Compiler
C:\C_Workspace\CAN_LoopBack\Debug
arm-none-eabi-gcc -mcpu=cortex-m4 -mthumb -mfloat-abi=hard -mfpu=fpv4-sp-d16 -DUSE_HAL_DRIVER -DSTM32L476xx -I"C:/C_Workspace/CAN_LoopBack/Inc" -I"C:/C_Workspace/CAN_LoopBack/Drivers/STM32L4xx_HAL_Driver/Inc" -I"C:/C_Workspace/CAN_LoopBack/Drivers/STM32L4xx_HAL_Driver/Inc/Legacy" -I"C:/C_Workspace/CAN_LoopBack/Drivers/CMSIS/Device/ST/STM32L4xx/Include" -I"C:/C_Workspace/CAN_LoopBack/Drivers/CMSIS/Include"  -Og -g3 -Wall -fmessage-length=0 -ffunction-sections -c -fmessage-length=0 -MMD -MP -MF"Drivers/STM32L4xx_HAL_Driver/Src/stm32l4xx_hal_flash.d" -MT"Drivers/STM32L4xx_HAL_Driver/Src/stm32l4xx_hal_flash.o" -o "Drivers/STM32L4xx_HAL_Driver/Src/stm32l4xx_hal_flash.o" "../Drivers/STM32L4xx_HAL_Driver/Src/stm32l4xx_hal_flash.c"
Finished building: ../Drivers/STM32L4xx_HAL_Driver/Src/stm32l4xx_hal_flash.c
 
Building file: ../Drivers/STM32L4xx_HAL_Driver/Src/stm32l4xx_hal_flash_ex.c
Invoking: MCU GCC Compiler
C:\C_Workspace\CAN_LoopBack\Debug
arm-none-eabi-gcc -mcpu=cortex-m4 -mthumb -mfloat-abi=hard -mfpu=fpv4-sp-d16 -DUSE_HAL_DRIVER -DSTM32L476xx -I"C:/C_Workspace/CAN_LoopBack/Inc" -I"C:/C_Workspace/CAN_LoopBack/Drivers/STM32L4xx_HAL_Driver/Inc" -I"C:/C_Workspace/CAN_LoopBack/Drivers/STM32L4xx_HAL_Driver/Inc/Legacy" -I"C:/C_Workspace/CAN_LoopBack/Drivers/CMSIS/Device/ST/STM32L4xx/Include" -I"C:/C_Workspace/CAN_LoopBack/Drivers/CMSIS/Include"  -Og -g3 -Wall -fmessage-length=0 -ffunction-sections -c -fmessage-length=0 -MMD -MP -MF"Drivers/STM32L4xx_HAL_Driver/Src/stm32l4xx_hal_flash_ex.d" -MT"Drivers/STM32L4xx_HAL_Driver/Src/stm32l4xx_hal_flash_ex.o" -o "Drivers/STM32L4xx_HAL_Driver/Src/stm32l4xx_hal_flash_ex.o" "../Drivers/STM32L4xx_HAL_Driver/Src/stm32l4xx_hal_flash_ex.c"
Finished building: ../Drivers/STM32L4xx_HAL_Driver/Src/stm32l4xx_hal_flash_ex.c
 
Building file: ../Drivers/STM32L4xx_HAL_Driver/Src/stm32l4xx_hal_flash_ramfunc.c
Invoking: MCU GCC Compiler
C:\C_Workspace\CAN_LoopBack\Debug
arm-none-eabi-gcc -mcpu=cortex-m4 -mthumb -mfloat-abi=hard -mfpu=fpv4-sp-d16 -DUSE_HAL_DRIVER -DSTM32L476xx -I"C:/C_Workspace/CAN_LoopBack/Inc" -I"C:/C_Workspace/CAN_LoopBack/Drivers/STM32L4xx_HAL_Driver/Inc" -I"C:/C_Workspace/CAN_LoopBack/Drivers/STM32L4xx_HAL_Driver/Inc/Legacy" -I"C:/C_Workspace/CAN_LoopBack/Drivers/CMSIS/Device/ST/STM32L4xx/Include" -I"C:/C_Workspace/CAN_LoopBack/Drivers/CMSIS/Include"  -Og -g3 -Wall -fmessage-length=0 -ffunction-sections -c -fmessage-length=0 -MMD -MP -MF"Drivers/STM32L4xx_HAL_Driver/Src/stm32l4xx_hal_flash_ramfunc.d" -MT"Drivers/STM32L4xx_HAL_Driver/Src/stm32l4xx_hal_flash_ramfunc.o" -o "Drivers/STM32L4xx_HAL_Driver/Src/stm32l4xx_hal_flash_ramfunc.o" "../Drivers/STM32L4xx_HAL_Driver/Src/stm32l4xx_hal_flash_ramfunc.c"
Finished building: ../Drivers/STM32L4xx_HAL_Driver/Src/stm32l4xx_hal_flash_ramfunc.c
 
Building file: ../Drivers/STM32L4xx_HAL_Driver/Src/stm32l4xx_hal_gpio.c
Invoking: MCU GCC Compiler
C:\C_Workspace\CAN_LoopBack\Debug
arm-none-eabi-gcc -mcpu=cortex-m4 -mthumb -mfloat-abi=hard -mfpu=fpv4-sp-d16 -DUSE_HAL_DRIVER -DSTM32L476xx -I"C:/C_Workspace/CAN_LoopBack/Inc" -I"C:/C_Workspace/CAN_LoopBack/Drivers/STM32L4xx_HAL_Driver/Inc" -I"C:/C_Workspace/CAN_LoopBack/Drivers/STM32L4xx_HAL_Driver/Inc/Legacy" -I"C:/C_Workspace/CAN_LoopBack/Drivers/CMSIS/Device/ST/STM32L4xx/Include" -I"C:/C_Workspace/CAN_LoopBack/Drivers/CMSIS/Include"  -Og -g3 -Wall -fmessage-length=0 -ffunction-sections -c -fmessage-length=0 -MMD -MP -MF"Drivers/STM32L4xx_HAL_Driver/Src/stm32l4xx_hal_gpio.d" -MT"Drivers/STM32L4xx_HAL_Driver/Src/stm32l4xx_hal_gpio.o" -o "Drivers/STM32L4xx_HAL_Driver/Src/stm32l4xx_hal_gpio.o" "../Drivers/STM32L4xx_HAL_Driver/Src/stm32l4xx_hal_gpio.c"
Finished building: ../Drivers/STM32L4xx_HAL_Driver/Src/stm32l4xx_hal_gpio.c
 
Building file: ../Drivers/STM32L4xx_HAL_Driver/Src/stm32l4xx_hal_i2c.c
Invoking: MCU GCC Compiler
C:\C_Workspace\CAN_LoopBack\Debug
arm-none-eabi-gcc -mcpu=cortex-m4 -mthumb -mfloat-abi=hard -mfpu=fpv4-sp-d16 -DUSE_HAL_DRIVER -DSTM32L476xx -I"C:/C_Workspace/CAN_LoopBack/Inc" -I"C:/C_Workspace/CAN_LoopBack/Drivers/STM32L4xx_HAL_Driver/Inc" -I"C:/C_Workspace/CAN_LoopBack/Drivers/STM32L4xx_HAL_Driver/Inc/Legacy" -I"C:/C_Workspace/CAN_LoopBack/Drivers/CMSIS/Device/ST/STM32L4xx/Include" -I"C:/C_Workspace/CAN_LoopBack/Drivers/CMSIS/Include"  -Og -g3 -Wall -fmessage-length=0 -ffunction-sections -c -fmessage-length=0 -MMD -MP -MF"Drivers/STM32L4xx_HAL_Driver/Src/stm32l4xx_hal_i2c.d" -MT"Drivers/STM32L4xx_HAL_Driver/Src/stm32l4xx_hal_i2c.o" -o "Drivers/STM32L4xx_HAL_Driver/Src/stm32l4xx_hal_i2c.o" "../Drivers/STM32L4xx_HAL_Driver/Src/stm32l4xx_hal_i2c.c"
Finished building: ../Drivers/STM32L4xx_HAL_Driver/Src/stm32l4xx_hal_i2c.c
 
Building file: ../Drivers/STM32L4xx_HAL_Driver/Src/stm32l4xx_hal_i2c_ex.c
Invoking: MCU GCC Compiler
C:\C_Workspace\CAN_LoopBack\Debug
arm-none-eabi-gcc -mcpu=cortex-m4 -mthumb -mfloat-abi=hard -mfpu=fpv4-sp-d16 -DUSE_HAL_DRIVER -DSTM32L476xx -I"C:/C_Workspace/CAN_LoopBack/Inc" -I"C:/C_Workspace/CAN_LoopBack/Drivers/STM32L4xx_HAL_Driver/Inc" -I"C:/C_Workspace/CAN_LoopBack/Drivers/STM32L4xx_HAL_Driver/Inc/Legacy" -I"C:/C_Workspace/CAN_LoopBack/Drivers/CMSIS/Device/ST/STM32L4xx/Include" -I"C:/C_Workspace/CAN_LoopBack/Drivers/CMSIS/Include"  -Og -g3 -Wall -fmessage-length=0 -ffunction-sections -c -fmessage-length=0 -MMD -MP -MF"Drivers/STM32L4xx_HAL_Driver/Src/stm32l4xx_hal_i2c_ex.d" -MT"Drivers/STM32L4xx_HAL_Driver/Src/stm32l4xx_hal_i2c_ex.o" -o "Drivers/STM32L4xx_HAL_Driver/Src/stm32l4xx_hal_i2c_ex.o" "../Drivers/STM32L4xx_HAL_Driver/Src/stm32l4xx_hal_i2c_ex.c"
Finished building: ../Drivers/STM32L4xx_HAL_Driver/Src/stm32l4xx_hal_i2c_ex.c
 
Building file: ../Drivers/STM32L4xx_HAL_Driver/Src/stm32l4xx_hal_pwr.c
Invoking: MCU GCC Compiler
C:\C_Workspace\CAN_LoopBack\Debug
arm-none-eabi-gcc -mcpu=cortex-m4 -mthumb -mfloat-abi=hard -mfpu=fpv4-sp-d16 -DUSE_HAL_DRIVER -DSTM32L476xx -I"C:/C_Workspace/CAN_LoopBack/Inc" -I"C:/C_Workspace/CAN_LoopBack/Drivers/STM32L4xx_HAL_Driver/Inc" -I"C:/C_Workspace/CAN_LoopBack/Drivers/STM32L4xx_HAL_Driver/Inc/Legacy" -I"C:/C_Workspace/CAN_LoopBack/Drivers/CMSIS/Device/ST/STM32L4xx/Include" -I"C:/C_Workspace/CAN_LoopBack/Drivers/CMSIS/Include"  -Og -g3 -Wall -fmessage-length=0 -ffunction-sections -c -fmessage-length=0 -MMD -MP -MF"Drivers/STM32L4xx_HAL_Driver/Src/stm32l4xx_hal_pwr.d" -MT"Drivers/STM32L4xx_HAL_Driver/Src/stm32l4xx_hal_pwr.o" -o "Drivers/STM32L4xx_HAL_Driver/Src/stm32l4xx_hal_pwr.o" "../Drivers/STM32L4xx_HAL_Driver/Src/stm32l4xx_hal_pwr.c"
Finished building: ../Drivers/STM32L4xx_HAL_Driver/Src/stm32l4xx_hal_pwr.c
 
Building file: ../Drivers/STM32L4xx_HAL_Driver/Src/stm32l4xx_hal_pwr_ex.c
Invoking: MCU GCC Compiler
C:\C_Workspace\CAN_LoopBack\Debug
arm-none-eabi-gcc -mcpu=cortex-m4 -mthumb -mfloat-abi=hard -mfpu=fpv4-sp-d16 -DUSE_HAL_DRIVER -DSTM32L476xx -I"C:/C_Workspace/CAN_LoopBack/Inc" -I"C:/C_Workspace/CAN_LoopBack/Drivers/STM32L4xx_HAL_Driver/Inc" -I"C:/C_Workspace/CAN_LoopBack/Drivers/STM32L4xx_HAL_Driver/Inc/Legacy" -I"C:/C_Workspace/CAN_LoopBack/Drivers/CMSIS/Device/ST/STM32L4xx/Include" -I"C:/C_Workspace/CAN_LoopBack/Drivers/CMSIS/Include"  -Og -g3 -Wall -fmessage-length=0 -ffunction-sections -c -fmessage-length=0 -MMD -MP -MF"Drivers/STM32L4xx_HAL_Driver/Src/stm32l4xx_hal_pwr_ex.d" -MT"Drivers/STM32L4xx_HAL_Driver/Src/stm32l4xx_hal_pwr_ex.o" -o "Drivers/STM32L4xx_HAL_Driver/Src/stm32l4xx_hal_pwr_ex.o" "../Drivers/STM32L4xx_HAL_Driver/Src/stm32l4xx_hal_pwr_ex.c"
Finished building: ../Drivers/STM32L4xx_HAL_Driver/Src/stm32l4xx_hal_pwr_ex.c
 
Building file: ../Drivers/STM32L4xx_HAL_Driver/Src/stm32l4xx_hal_rcc.c
Invoking: MCU GCC Compiler
C:\C_Workspace\CAN_LoopBack\Debug
arm-none-eabi-gcc -mcpu=cortex-m4 -mthumb -mfloat-abi=hard -mfpu=fpv4-sp-d16 -DUSE_HAL_DRIVER -DSTM32L476xx -I"C:/C_Workspace/CAN_LoopBack/Inc" -I"C:/C_Workspace/CAN_LoopBack/Drivers/STM32L4xx_HAL_Driver/Inc" -I"C:/C_Workspace/CAN_LoopBack/Drivers/STM32L4xx_HAL_Driver/Inc/Legacy" -I"C:/C_Workspace/CAN_LoopBack/Drivers/CMSIS/Device/ST/STM32L4xx/Include" -I"C:/C_Workspace/CAN_LoopBack/Drivers/CMSIS/Include"  -Og -g3 -Wall -fmessage-length=0 -ffunction-sections -c -fmessage-length=0 -MMD -MP -MF"Drivers/STM32L4xx_HAL_Driver/Src/stm32l4xx_hal_rcc.d" -MT"Drivers/STM32L4xx_HAL_Driver/Src/stm32l4xx_hal_rcc.o" -o "Drivers/STM32L4xx_HAL_Driver/Src/stm32l4xx_hal_rcc.o" "../Drivers/STM32L4xx_HAL_Driver/Src/stm32l4xx_hal_rcc.c"
Finished building: ../Drivers/STM32L4xx_HAL_Driver/Src/stm32l4xx_hal_rcc.c
 
Building file: ../Drivers/STM32L4xx_HAL_Driver/Src/stm32l4xx_hal_rcc_ex.c
Invoking: MCU GCC Compiler
C:\C_Workspace\CAN_LoopBack\Debug
arm-none-eabi-gcc -mcpu=cortex-m4 -mthumb -mfloat-abi=hard -mfpu=fpv4-sp-d16 -DUSE_HAL_DRIVER -DSTM32L476xx -I"C:/C_Workspace/CAN_LoopBack/Inc" -I"C:/C_Workspace/CAN_LoopBack/Drivers/STM32L4xx_HAL_Driver/Inc" -I"C:/C_Workspace/CAN_LoopBack/Drivers/STM32L4xx_HAL_Driver/Inc/Legacy" -I"C:/C_Workspace/CAN_LoopBack/Drivers/CMSIS/Device/ST/STM32L4xx/Include" -I"C:/C_Workspace/CAN_LoopBack/Drivers/CMSIS/Include"  -Og -g3 -Wall -fmessage-length=0 -ffunction-sections -c -fmessage-length=0 -MMD -MP -MF"Drivers/STM32L4xx_HAL_Driver/Src/stm32l4xx_hal_rcc_ex.d" -MT"Drivers/STM32L4xx_HAL_Driver/Src/stm32l4xx_hal_rcc_ex.o" -o "Drivers/STM32L4xx_HAL_Driver/Src/stm32l4xx_hal_rcc_ex.o" "../Drivers/STM32L4xx_HAL_Driver/Src/stm32l4xx_hal_rcc_ex.c"
Finished building: ../Drivers/STM32L4xx_HAL_Driver/Src/stm32l4xx_hal_rcc_ex.c
 
Building file: ../Drivers/STM32L4xx_HAL_Driver/Src/stm32l4xx_hal_tim.c
Invoking: MCU GCC Compiler
C:\C_Workspace\CAN_LoopBack\Debug
arm-none-eabi-gcc -mcpu=cortex-m4 -mthumb -mfloat-abi=hard -mfpu=fpv4-sp-d16 -DUSE_HAL_DRIVER -DSTM32L476xx -I"C:/C_Workspace/CAN_LoopBack/Inc" -I"C:/C_Workspace/CAN_LoopBack/Drivers/STM32L4xx_HAL_Driver/Inc" -I"C:/C_Workspace/CAN_LoopBack/Drivers/STM32L4xx_HAL_Driver/Inc/Legacy" -I"C:/C_Workspace/CAN_LoopBack/Drivers/CMSIS/Device/ST/STM32L4xx/Include" -I"C:/C_Workspace/CAN_LoopBack/Drivers/CMSIS/Include"  -Og -g3 -Wall -fmessage-length=0 -ffunction-sections -c -fmessage-length=0 -MMD -MP -MF"Drivers/STM32L4xx_HAL_Driver/Src/stm32l4xx_hal_tim.d" -MT"Drivers/STM32L4xx_HAL_Driver/Src/stm32l4xx_hal_tim.o" -o "Drivers/STM32L4xx_HAL_Driver/Src/stm32l4xx_hal_tim.o" "../Drivers/STM32L4xx_HAL_Driver/Src/stm32l4xx_hal_tim.c"
Finished building: ../Drivers/STM32L4xx_HAL_Driver/Src/stm32l4xx_hal_tim.c
 
Building file: ../Drivers/STM32L4xx_HAL_Driver/Src/stm32l4xx_hal_tim_ex.c
Invoking: MCU GCC Compiler
C:\C_Workspace\CAN_LoopBack\Debug
arm-none-eabi-gcc -mcpu=cortex-m4 -mthumb -mfloat-abi=hard -mfpu=fpv4-sp-d16 -DUSE_HAL_DRIVER -DSTM32L476xx -I"C:/C_Workspace/CAN_LoopBack/Inc" -I"C:/C_Workspace/CAN_LoopBack/Drivers/STM32L4xx_HAL_Driver/Inc" -I"C:/C_Workspace/CAN_LoopBack/Drivers/STM32L4xx_HAL_Driver/Inc/Legacy" -I"C:/C_Workspace/CAN_LoopBack/Drivers/CMSIS/Device/ST/STM32L4xx/Include" -I"C:/C_Workspace/CAN_LoopBack/Drivers/CMSIS/Include"  -Og -g3 -Wall -fmessage-length=0 -ffunction-sections -c -fmessage-length=0 -MMD -MP -MF"Drivers/STM32L4xx_HAL_Driver/Src/stm32l4xx_hal_tim_ex.d" -MT"Drivers/STM32L4xx_HAL_Driver/Src/stm32l4xx_hal_tim_ex.o" -o "Drivers/STM32L4xx_HAL_Driver/Src/stm32l4xx_hal_tim_ex.o" "../Drivers/STM32L4xx_HAL_Driver/Src/stm32l4xx_hal_tim_ex.c"
Finished building: ../Drivers/STM32L4xx_HAL_Driver/Src/stm32l4xx_hal_tim_ex.c
 
Building file: ../Drivers/STM32L4xx_HAL_Driver/Src/stm32l4xx_hal_uart.c
Invoking: MCU GCC Compiler
C:\C_Workspace\CAN_LoopBack\Debug
arm-none-eabi-gcc -mcpu=cortex-m4 -mthumb -mfloat-abi=hard -mfpu=fpv4-sp-d16 -DUSE_HAL_DRIVER -DSTM32L476xx -I"C:/C_Workspace/CAN_LoopBack/Inc" -I"C:/C_Workspace/CAN_LoopBack/Drivers/STM32L4xx_HAL_Driver/Inc" -I"C:/C_Workspace/CAN_LoopBack/Drivers/STM32L4xx_HAL_Driver/Inc/Legacy" -I"C:/C_Workspace/CAN_LoopBack/Drivers/CMSIS/Device/ST/STM32L4xx/Include" -I"C:/C_Workspace/CAN_LoopBack/Drivers/CMSIS/Include"  -Og -g3 -Wall -fmessage-length=0 -ffunction-sections -c -fmessage-length=0 -MMD -MP -MF"Drivers/STM32L4xx_HAL_Driver/Src/stm32l4xx_hal_uart.d" -MT"Drivers/STM32L4xx_HAL_Driver/Src/stm32l4xx_hal_uart.o" -o "Drivers/STM32L4xx_HAL_Driver/Src/stm32l4xx_hal_uart.o" "../Drivers/STM32L4xx_HAL_Driver/Src/stm32l4xx_hal_uart.c"
Finished building: ../Drivers/STM32L4xx_HAL_Driver/Src/stm32l4xx_hal_uart.c
 
Building file: ../Drivers/STM32L4xx_HAL_Driver/Src/stm32l4xx_hal_uart_ex.c
Invoking: MCU GCC Compiler
C:\C_Workspace\CAN_LoopBack\Debug
arm-none-eabi-gcc -mcpu=cortex-m4 -mthumb -mfloat-abi=hard -mfpu=fpv4-sp-d16 -DUSE_HAL_DRIVER -DSTM32L476xx -I"C:/C_Workspace/CAN_LoopBack/Inc" -I"C:/C_Workspace/CAN_LoopBack/Drivers/STM32L4xx_HAL_Driver/Inc" -I"C:/C_Workspace/CAN_LoopBack/Drivers/STM32L4xx_HAL_Driver/Inc/Legacy" -I"C:/C_Workspace/CAN_LoopBack/Drivers/CMSIS/Device/ST/STM32L4xx/Include" -I"C:/C_Workspace/CAN_LoopBack/Drivers/CMSIS/Include"  -Og -g3 -Wall -fmessage-length=0 -ffunction-sections -c -fmessage-length=0 -MMD -MP -MF"Drivers/STM32L4xx_HAL_Driver/Src/stm32l4xx_hal_uart_ex.d" -MT"Drivers/STM32L4xx_HAL_Driver/Src/stm32l4xx_hal_uart_ex.o" -o "Drivers/STM32L4xx_HAL_Driver/Src/stm32l4xx_hal_uart_ex.o" "../Drivers/STM32L4xx_HAL_Driver/Src/stm32l4xx_hal_uart_ex.c"
Finished building: ../Drivers/STM32L4xx_HAL_Driver/Src/stm32l4xx_hal_uart_ex.c
 
Building target: CAN_LoopBack.elf
Invoking: MCU GCC Linker
arm-none-eabi-gcc -mcpu=cortex-m4 -mthumb -mfloat-abi=hard -mfpu=fpv4-sp-d16 -specs=nosys.specs -specs=nano.specs -T"../STM32L476RGTx_FLASH.ld" -Wl,-Map=output.map -Wl,--gc-sections -o "CAN_LoopBack.elf" @"objects.list"   -lm
Finished building target: CAN_LoopBack.elf
 
make --no-print-directory post-build
Generating hex and Printing size information:
arm-none-eabi-objcopy -O ihex "CAN_LoopBack.elf" "CAN_LoopBack.hex"
arm-none-eabi-size "CAN_LoopBack.elf"
   text	   data	    bss	    dec	    hex	filename
   9328	     32	   1736	  11096	   2b58	CAN_LoopBack.elf
 
17:45:24 **** Incremental Build of configuration Debug for project HSE_SYSCLK_8Mhz_Run2 ****
make all 
make: Nothing to be done for 'all'.
17:45:25 **** Incremental Build of configuration Debug for project HelloWorldV4 ****
make all 
make: Nothing to be done for 'all'.
17:45:26 **** Incremental Build of configuration Debug for project PLL_SYSCLK_HSI_Run2 ****
make all 
make: Nothing to be done for 'all'.
17:45:26 **** Incremental Build of configuration Debug for project PWM1_timer_OC ****
make all 
make: Nothing to be done for 'all'.
17:45:27 **** Incremental Build of configuration Debug for project PWM_LED ****
make all 
Building file: ../Src/main.c
Invoking: MCU GCC Compiler
C:\C_Workspace\PWM_LED\Debug
arm-none-eabi-gcc -mcpu=cortex-m4 -mthumb -mfloat-abi=hard -mfpu=fpv4-sp-d16 -DUSE_HAL_DRIVER -DSTM32L476xx -I"C:/C_Workspace/PWM_LED/Inc" -I"C:/C_Workspace/PWM_LED/Drivers/STM32L4xx_HAL_Driver/Inc" -I"C:/C_Workspace/PWM_LED/Drivers/STM32L4xx_HAL_Driver/Inc/Legacy" -I"C:/C_Workspace/PWM_LED/Drivers/CMSIS/Device/ST/STM32L4xx/Include" -I"C:/C_Workspace/PWM_LED/Drivers/CMSIS/Include"  -Og -g3 -Wall -fmessage-length=0 -ffunction-sections -c -fmessage-length=0 -MMD -MP -MF"Src/main.d" -MT"Src/main.o" -o "Src/main.o" "../Src/main.c"
../Src/main.c: In function 'printClockFreq':
../Src/main.c:178:2: warning: implicit declaration of function 'sprintf' [-Wimplicit-function-declaration]
  sprintf(msg, "SYSCLK: %ld\r\n", HAL_RCC_GetSysClockFreq());
  ^~~~~~~
../Src/main.c:178:2: warning: incompatible implicit declaration of built-in function 'sprintf'
../Src/main.c:178:2: note: include '<stdio.h>' or provide a declaration of 'sprintf'
Finished building: ../Src/main.c
 
Building target: PWM_LED.elf
Invoking: MCU GCC Linker
arm-none-eabi-gcc -mcpu=cortex-m4 -mthumb -mfloat-abi=hard -mfpu=fpv4-sp-d16 -specs=nosys.specs -specs=nano.specs -T"../STM32L476RGTx_FLASH.ld" -Wl,-Map=output.map -Wl,--gc-sections -o "PWM_LED.elf" @"objects.list"   -lm
Finished building target: PWM_LED.elf
 
make --no-print-directory post-build
Generating hex and Printing size information:
arm-none-eabi-objcopy -O ihex "PWM_LED.elf" "PWM_LED.hex"
arm-none-eabi-size "PWM_LED.elf"
   text	   data	    bss	    dec	    hex	filename
  11936	    136	   1888	  13960	   3688	PWM_LED.elf
 
17:45:30 **** Incremental Build of configuration Debug for project TimeBase_10ms_Int ****
make all 
make: Nothing to be done for 'all'.
17:45:31 **** Incremental Build of configuration Debug for project Timer_100ms_Run3 ****
make all 
make: Nothing to be done for 'all'.
17:45:32 **** Incremental Build of configuration Debug for project Timer_InputCapture ****
make all 
make: Nothing to be done for 'all'.
17:45:32 **** Incremental Build of configuration Debug for project Timer_InputCapture_HSIClock ****
make all 
make: Nothing to be done for 'all'.
17:45:33 **** Incremental Build of configuration Debug for project Timer_OuputCompare ****
make all 
make: Nothing to be done for 'all'.
17:45:34 **** Incremental Build of configuration Debug for project USART2_Example ****
make all 
make: Nothing to be done for 'all'.
17:45:35 **** Incremental Build of configuration Debug for project USART2_Example2_Interupt ****
make all 
make: Nothing to be done for 'all'.
17:47:43 **** Incremental Build of configuration Debug for project CAN_LoopBack ****
make all 
Building file: ../Src/it.c
Invoking: MCU GCC Compiler
C:\C_Workspace\CAN_LoopBack\Debug
arm-none-eabi-gcc -mcpu=cortex-m4 -mthumb -mfloat-abi=hard -mfpu=fpv4-sp-d16 -DUSE_HAL_DRIVER -DSTM32L476xx -I"C:/C_Workspace/CAN_LoopBack/Inc" -I"C:/C_Workspace/CAN_LoopBack/Drivers/STM32L4xx_HAL_Driver/Inc" -I"C:/C_Workspace/CAN_LoopBack/Drivers/STM32L4xx_HAL_Driver/Inc/Legacy" -I"C:/C_Workspace/CAN_LoopBack/Drivers/CMSIS/Device/ST/STM32L4xx/Include" -I"C:/C_Workspace/CAN_LoopBack/Drivers/CMSIS/Include"  -Og -g3 -Wall -fmessage-length=0 -ffunction-sections -c -fmessage-length=0 -MMD -MP -MF"Src/it.d" -MT"Src/it.o" -o "Src/it.o" "../Src/it.c"
Finished building: ../Src/it.c
 
Building file: ../Src/main.c
Invoking: MCU GCC Compiler
C:\C_Workspace\CAN_LoopBack\Debug
arm-none-eabi-gcc -mcpu=cortex-m4 -mthumb -mfloat-abi=hard -mfpu=fpv4-sp-d16 -DUSE_HAL_DRIVER -DSTM32L476xx -I"C:/C_Workspace/CAN_LoopBack/Inc" -I"C:/C_Workspace/CAN_LoopBack/Drivers/STM32L4xx_HAL_Driver/Inc" -I"C:/C_Workspace/CAN_LoopBack/Drivers/STM32L4xx_HAL_Driver/Inc/Legacy" -I"C:/C_Workspace/CAN_LoopBack/Drivers/CMSIS/Device/ST/STM32L4xx/Include" -I"C:/C_Workspace/CAN_LoopBack/Drivers/CMSIS/Include"  -Og -g3 -Wall -fmessage-length=0 -ffunction-sections -c -fmessage-length=0 -MMD -MP -MF"Src/main.d" -MT"Src/main.o" -o "Src/main.o" "../Src/main.c"
Finished building: ../Src/main.c
 
Building file: ../Src/msp.c
Invoking: MCU GCC Compiler
C:\C_Workspace\CAN_LoopBack\Debug
arm-none-eabi-gcc -mcpu=cortex-m4 -mthumb -mfloat-abi=hard -mfpu=fpv4-sp-d16 -DUSE_HAL_DRIVER -DSTM32L476xx -I"C:/C_Workspace/CAN_LoopBack/Inc" -I"C:/C_Workspace/CAN_LoopBack/Drivers/STM32L4xx_HAL_Driver/Inc" -I"C:/C_Workspace/CAN_LoopBack/Drivers/STM32L4xx_HAL_Driver/Inc/Legacy" -I"C:/C_Workspace/CAN_LoopBack/Drivers/CMSIS/Device/ST/STM32L4xx/Include" -I"C:/C_Workspace/CAN_LoopBack/Drivers/CMSIS/Include"  -Og -g3 -Wall -fmessage-length=0 -ffunction-sections -c -fmessage-length=0 -MMD -MP -MF"Src/msp.d" -MT"Src/msp.o" -o "Src/msp.o" "../Src/msp.c"
Finished building: ../Src/msp.c
 
Building file: ../Src/stm32l4xx_hal_msp.c
Invoking: MCU GCC Compiler
C:\C_Workspace\CAN_LoopBack\Debug
arm-none-eabi-gcc -mcpu=cortex-m4 -mthumb -mfloat-abi=hard -mfpu=fpv4-sp-d16 -DUSE_HAL_DRIVER -DSTM32L476xx -I"C:/C_Workspace/CAN_LoopBack/Inc" -I"C:/C_Workspace/CAN_LoopBack/Drivers/STM32L4xx_HAL_Driver/Inc" -I"C:/C_Workspace/CAN_LoopBack/Drivers/STM32L4xx_HAL_Driver/Inc/Legacy" -I"C:/C_Workspace/CAN_LoopBack/Drivers/CMSIS/Device/ST/STM32L4xx/Include" -I"C:/C_Workspace/CAN_LoopBack/Drivers/CMSIS/Include"  -Og -g3 -Wall -fmessage-length=0 -ffunction-sections -c -fmessage-length=0 -MMD -MP -MF"Src/stm32l4xx_hal_msp.d" -MT"Src/stm32l4xx_hal_msp.o" -o "Src/stm32l4xx_hal_msp.o" "../Src/stm32l4xx_hal_msp.c"
../Src/stm32l4xx_hal_msp.c: In function 'HAL_UART_MspInit':
../Src/stm32l4xx_hal_msp.c:167:27: error: 'USART_TX_Pin' undeclared (first use in this function); did you mean 'USART_ISR_PE'?
     GPIO_InitStruct.Pin = USART_TX_Pin|USART_RX_Pin;
                           ^~~~~~~~~~~~
                           USART_ISR_PE
../Src/stm32l4xx_hal_msp.c:167:27: note: each undeclared identifier is reported only once for each function it appears in
../Src/stm32l4xx_hal_msp.c:167:40: error: 'USART_RX_Pin' undeclared (first use in this function); did you mean 'USART_TX_Pin'?
     GPIO_InitStruct.Pin = USART_TX_Pin|USART_RX_Pin;
                                        ^~~~~~~~~~~~
                                        USART_TX_Pin
../Src/stm32l4xx_hal_msp.c: In function 'HAL_UART_MspDeInit':
../Src/stm32l4xx_hal_msp.c:201:28: error: 'USART_TX_Pin' undeclared (first use in this function); did you mean 'USART_ISR_PE'?
     HAL_GPIO_DeInit(GPIOA, USART_TX_Pin|USART_RX_Pin);
                            ^~~~~~~~~~~~
                            USART_ISR_PE
../Src/stm32l4xx_hal_msp.c:201:41: error: 'USART_RX_Pin' undeclared (first use in this function); did you mean 'USART_TX_Pin'?
     HAL_GPIO_DeInit(GPIOA, USART_TX_Pin|USART_RX_Pin);
                                         ^~~~~~~~~~~~
                                         USART_TX_Pin
Src/subdir.mk:33: recipe for target 'Src/stm32l4xx_hal_msp.o' failed
make: *** [Src/stm32l4xx_hal_msp.o] Error 1
17:47:46 **** Incremental Build of configuration Debug for project HSE_SYSCLK_8Mhz_Run2 ****
make all 
make: Nothing to be done for 'all'.
17:47:47 **** Incremental Build of configuration Debug for project HelloWorldV4 ****
make all 
make: Nothing to be done for 'all'.
17:47:48 **** Incremental Build of configuration Debug for project PLL_SYSCLK_HSI_Run2 ****
make all 
make: Nothing to be done for 'all'.
17:47:49 **** Incremental Build of configuration Debug for project PWM1_timer_OC ****
make all 
make: Nothing to be done for 'all'.
17:47:50 **** Incremental Build of configuration Debug for project PWM_LED ****
make all 
make: Nothing to be done for 'all'.
17:47:50 **** Incremental Build of configuration Debug for project TimeBase_10ms_Int ****
make all 
make: Nothing to be done for 'all'.
17:47:51 **** Incremental Build of configuration Debug for project Timer_100ms_Run3 ****
make all 
make: Nothing to be done for 'all'.
17:47:51 **** Incremental Build of configuration Debug for project Timer_InputCapture ****
make all 
make: Nothing to be done for 'all'.
17:47:52 **** Incremental Build of configuration Debug for project Timer_InputCapture_HSIClock ****
make all 
make: Nothing to be done for 'all'.
17:47:53 **** Incremental Build of configuration Debug for project Timer_OuputCompare ****
make all 
make: Nothing to be done for 'all'.
17:47:53 **** Incremental Build of configuration Debug for project USART2_Example ****
make all 
make: Nothing to be done for 'all'.
17:47:54 **** Incremental Build of configuration Debug for project USART2_Example2_Interupt ****
make all 
make: Nothing to be done for 'all'.
17:48:22 **** Incremental Build of configuration Debug for project CAN_LoopBack ****
make all 
Building file: ../Src/msp.c
Invoking: MCU GCC Compiler
C:\C_Workspace\CAN_LoopBack\Debug
arm-none-eabi-gcc -mcpu=cortex-m4 -mthumb -mfloat-abi=hard -mfpu=fpv4-sp-d16 -DUSE_HAL_DRIVER -DSTM32L476xx -I"C:/C_Workspace/CAN_LoopBack/Inc" -I"C:/C_Workspace/CAN_LoopBack/Drivers/STM32L4xx_HAL_Driver/Inc" -I"C:/C_Workspace/CAN_LoopBack/Drivers/STM32L4xx_HAL_Driver/Inc/Legacy" -I"C:/C_Workspace/CAN_LoopBack/Drivers/CMSIS/Device/ST/STM32L4xx/Include" -I"C:/C_Workspace/CAN_LoopBack/Drivers/CMSIS/Include"  -Og -g3 -Wall -fmessage-length=0 -ffunction-sections -c -fmessage-length=0 -MMD -MP -MF"Src/msp.d" -MT"Src/msp.o" -o "Src/msp.o" "../Src/msp.c"
Finished building: ../Src/msp.c
 
Building target: CAN_LoopBack.elf
Invoking: MCU GCC Linker
arm-none-eabi-gcc -mcpu=cortex-m4 -mthumb -mfloat-abi=hard -mfpu=fpv4-sp-d16 -specs=nosys.specs -specs=nano.specs -T"../STM32L476RGTx_FLASH.ld" -Wl,-Map=output.map -Wl,--gc-sections -o "CAN_LoopBack.elf" @"objects.list"   -lm
Finished building target: CAN_LoopBack.elf
 
make --no-print-directory post-build
Generating hex and Printing size information:
arm-none-eabi-objcopy -O ihex "CAN_LoopBack.elf" "CAN_LoopBack.hex"
arm-none-eabi-size "CAN_LoopBack.elf"
   text	   data	    bss	    dec	    hex	filename
  10072	    136	   1824	  12032	   2f00	CAN_LoopBack.elf
 
17:48:24 **** Incremental Build of configuration Debug for project HSE_SYSCLK_8Mhz_Run2 ****
make all 
make: Nothing to be done for 'all'.
17:48:24 **** Incremental Build of configuration Debug for project HelloWorldV4 ****
make all 
make: Nothing to be done for 'all'.
17:48:25 **** Incremental Build of configuration Debug for project PLL_SYSCLK_HSI_Run2 ****
make all 
make: Nothing to be done for 'all'.
17:48:25 **** Incremental Build of configuration Debug for project PWM1_timer_OC ****
make all 
make: Nothing to be done for 'all'.
17:48:26 **** Incremental Build of configuration Debug for project PWM_LED ****
make all 
make: Nothing to be done for 'all'.
17:48:26 **** Incremental Build of configuration Debug for project TimeBase_10ms_Int ****
make all 
make: Nothing to be done for 'all'.
17:48:27 **** Incremental Build of configuration Debug for project Timer_100ms_Run3 ****
make all 
make: Nothing to be done for 'all'.
17:48:27 **** Incremental Build of configuration Debug for project Timer_InputCapture ****
make all 
make: Nothing to be done for 'all'.
17:48:28 **** Incremental Build of configuration Debug for project Timer_InputCapture_HSIClock ****
make all 
make: Nothing to be done for 'all'.
17:48:28 **** Incremental Build of configuration Debug for project Timer_OuputCompare ****
make all 
make: Nothing to be done for 'all'.
17:48:29 **** Incremental Build of configuration Debug for project USART2_Example ****
make all 
make: Nothing to be done for 'all'.
17:48:29 **** Incremental Build of configuration Debug for project USART2_Example2_Interupt ****
make all 
make: Nothing to be done for 'all'.
17:49:26 **** Programming project CAN_LoopBack on chip ****
"C:\\Ac6\\SystemWorkbench\\plugins\\fr.ac6.mcu.externaltools.openocd.win32_1.23.0.201904120827\\tools\\openocd\\bin\\openocd.exe" -f stm32.flash.7470910108444054553.cfg -s "C:\\C_Workspace\\CAN_LoopBack" -s "C:\\Ac6\\SystemWorkbench\\plugins\\fr.ac6.mcu.debug_2.5.0.201904120827\\resources\\openocd\\st_scripts" -c "program Debug/CAN_LoopBack.elf verify reset " -c shutdown 
Open On-Chip Debugger 0.10.0+dev-00021-g524e8c8 (2019-04-12-08:48)
Licensed under GNU GPL v2
For bug reports, read
	http://openocd.org/doc/doxygen/bugs.html
srst_only separate srst_nogate srst_open_drain connect_assert_srst
Info : The selected transport took over low-level target control. The results might differ compared to plain JTAG/SWD
padded zone erase set to 1
adapter speed: 8000 kHz
adapter_nsrst_delay: 100
Info : clock speed 8000 kHz
Info : STLINK v2.1 JTAG v36 API v2 M26 VID 0x0483 PID 0x374B
Info : using stlink api v2
Info : Target voltage: 3.241497
Info : Unable to match requested speed 8000 kHz, using 4000 kHz
Info : Stlink adapter speed set to 4000 kHz
Info : STM32L476RGTx.cpu: hardware has 6 breakpoints, 4 watchpoints
Info : Listening on port 3333 for gdb connections
target halted due to debug-request, current mode: Thread 
xPSR: 0x01000000 pc: 0x080024f4 msp: 0x20018000
Info : Unable to match requested speed 8000 kHz, using 4000 kHz
Info : Stlink adapter speed set to 4000 kHz
Info : Unable to match requested speed 8000 kHz, using 4000 kHz
adapter speed: 4000 kHz
** Programming Started **
auto erase enabled
Info : Device id = 0x10076415
Info : STM32L4xx flash size is 1024kb, base address is 0x8000000
Info : Erase the padded zone before the write
Error: Whole bank access must start at beginning of bank.
target halted due to breakpoint, current mode: Thread 
xPSR: 0x61000000 pc: 0x20000050 msp: 0x20018000
wrote 10240 bytes from file Debug/CAN_LoopBack.elf in 0.409457s (24.423 KiB/s)
** Programming Finished **
** Verify Started **
target halted due to breakpoint, current mode: Thread 
xPSR: 0x61000000 pc: 0x2000002e msp: 0x20018000
target halted due to breakpoint, current mode: Thread 
xPSR: 0x61000000 pc: 0x2000002e msp: 0x20018000
verified 10216 bytes in 0.378923s (26.329 KiB/s)
** Verified OK **
** Resetting Target **
shutdown command invoked
19:40:46 **** Incremental Build of configuration Debug for project CAN_LoopBack ****
make all 
Building file: ../Src/main.c
Invoking: MCU GCC Compiler
C:\C_Workspace\CAN_LoopBack\Debug
arm-none-eabi-gcc -mcpu=cortex-m4 -mthumb -mfloat-abi=hard -mfpu=fpv4-sp-d16 -DUSE_HAL_DRIVER -DSTM32L476xx -I"C:/C_Workspace/CAN_LoopBack/Inc" -I"C:/C_Workspace/CAN_LoopBack/Drivers/STM32L4xx_HAL_Driver/Inc" -I"C:/C_Workspace/CAN_LoopBack/Drivers/STM32L4xx_HAL_Driver/Inc/Legacy" -I"C:/C_Workspace/CAN_LoopBack/Drivers/CMSIS/Device/ST/STM32L4xx/Include" -I"C:/C_Workspace/CAN_LoopBack/Drivers/CMSIS/Include"  -Og -g3 -Wall -fmessage-length=0 -ffunction-sections -c -fmessage-length=0 -MMD -MP -MF"Src/main.d" -MT"Src/main.o" -o "Src/main.o" "../Src/main.c"
Finished building: ../Src/main.c
 
Building target: CAN_LoopBack.elf
Invoking: MCU GCC Linker
arm-none-eabi-gcc -mcpu=cortex-m4 -mthumb -mfloat-abi=hard -mfpu=fpv4-sp-d16 -specs=nosys.specs -specs=nano.specs -T"../STM32L476RGTx_FLASH.ld" -Wl,-Map=output.map -Wl,--gc-sections -o "CAN_LoopBack.elf" @"objects.list"   -lm
Finished building target: CAN_LoopBack.elf
 
make --no-print-directory post-build
Generating hex and Printing size information:
arm-none-eabi-objcopy -O ihex "CAN_LoopBack.elf" "CAN_LoopBack.hex"
arm-none-eabi-size "CAN_LoopBack.elf"
   text	   data	    bss	    dec	    hex	filename
  10480	    136	   1864	  12480	   30c0	CAN_LoopBack.elf
 
19:40:49 **** Incremental Build of configuration Debug for project HSE_SYSCLK_8Mhz_Run2 ****
make all 
make: Nothing to be done for 'all'.
19:40:50 **** Incremental Build of configuration Debug for project HelloWorldV4 ****
make all 
make: Nothing to be done for 'all'.
19:40:51 **** Incremental Build of configuration Debug for project PLL_SYSCLK_HSI_Run2 ****
make all 
make: Nothing to be done for 'all'.
19:40:51 **** Incremental Build of configuration Debug for project PWM1_timer_OC ****
make all 
make: Nothing to be done for 'all'.
19:40:52 **** Incremental Build of configuration Debug for project PWM_LED ****
make all 
make: Nothing to be done for 'all'.
19:40:53 **** Incremental Build of configuration Debug for project TimeBase_10ms_Int ****
make all 
make: Nothing to be done for 'all'.
19:40:53 **** Incremental Build of configuration Debug for project Timer_100ms_Run3 ****
make all 
make: Nothing to be done for 'all'.
19:40:54 **** Incremental Build of configuration Debug for project Timer_InputCapture ****
make all 
make: Nothing to be done for 'all'.
19:40:55 **** Incremental Build of configuration Debug for project Timer_InputCapture_HSIClock ****
make all 
make: Nothing to be done for 'all'.
19:40:56 **** Incremental Build of configuration Debug for project Timer_OuputCompare ****
make all 
make: Nothing to be done for 'all'.
19:40:56 **** Incremental Build of configuration Debug for project USART2_Example ****
make all 
make: Nothing to be done for 'all'.
19:40:57 **** Incremental Build of configuration Debug for project USART2_Example2_Interupt ****
make all 
make: Nothing to be done for 'all'.
20:07:32 **** Incremental Build of configuration Debug for project CAN_LoopBack ****
make all 
Building file: ../Src/main.c
Invoking: MCU GCC Compiler
C:\C_Workspace\CAN_LoopBack\Debug
arm-none-eabi-gcc -mcpu=cortex-m4 -mthumb -mfloat-abi=hard -mfpu=fpv4-sp-d16 -DUSE_HAL_DRIVER -DSTM32L476xx -I"C:/C_Workspace/CAN_LoopBack/Inc" -I"C:/C_Workspace/CAN_LoopBack/Drivers/STM32L4xx_HAL_Driver/Inc" -I"C:/C_Workspace/CAN_LoopBack/Drivers/STM32L4xx_HAL_Driver/Inc/Legacy" -I"C:/C_Workspace/CAN_LoopBack/Drivers/CMSIS/Device/ST/STM32L4xx/Include" -I"C:/C_Workspace/CAN_LoopBack/Drivers/CMSIS/Include"  -Og -g3 -Wall -fmessage-length=0 -ffunction-sections -c -fmessage-length=0 -MMD -MP -MF"Src/main.d" -MT"Src/main.o" -o "Src/main.o" "../Src/main.c"
../Src/main.c: In function 'CAN1_Tx':
../Src/main.c:206:43: warning: passing argument 2 of 'HAL_CAN_IsTxMessagePending' makes integer from pointer without a cast [-Wint-conversion]
  while(HAL_CAN_IsTxMessagePending(&hcan1, &TxMailbox));
                                           ^
In file included from C:/C_Workspace/CAN_LoopBack/Inc/stm32l4xx_hal_conf.h:256:0,
                 from C:/C_Workspace/CAN_LoopBack/Drivers/STM32L4xx_HAL_Driver/Inc/stm32l4xx_hal.h:30,
                 from ../Src/main.c:10:
C:/C_Workspace/CAN_LoopBack/Drivers/STM32L4xx_HAL_Driver/Inc/stm32l4xx_hal_can.h:682:10: note: expected 'uint32_t {aka long unsigned int}' but argument is of type 'uint32_t * {aka long unsigned int *}'
 uint32_t HAL_CAN_IsTxMessagePending(CAN_HandleTypeDef *hcan, uint32_t TxMailboxes);
          ^~~~~~~~~~~~~~~~~~~~~~~~~~
Finished building: ../Src/main.c
 
Building target: CAN_LoopBack.elf
Invoking: MCU GCC Linker
arm-none-eabi-gcc -mcpu=cortex-m4 -mthumb -mfloat-abi=hard -mfpu=fpv4-sp-d16 -specs=nosys.specs -specs=nano.specs -T"../STM32L476RGTx_FLASH.ld" -Wl,-Map=output.map -Wl,--gc-sections -o "CAN_LoopBack.elf" @"objects.list"   -lm
Finished building target: CAN_LoopBack.elf
 
make --no-print-directory post-build
Generating hex and Printing size information:
arm-none-eabi-objcopy -O ihex "CAN_LoopBack.elf" "CAN_LoopBack.hex"
arm-none-eabi-size "CAN_LoopBack.elf"
   text	   data	    bss	    dec	    hex	filename
  10944	    136	   1864	  12944	   3290	CAN_LoopBack.elf
 
20:07:34 **** Incremental Build of configuration Debug for project HSE_SYSCLK_8Mhz_Run2 ****
make all 
make: Nothing to be done for 'all'.
20:07:35 **** Incremental Build of configuration Debug for project HelloWorldV4 ****
make all 
make: Nothing to be done for 'all'.
20:07:36 **** Incremental Build of configuration Debug for project PLL_SYSCLK_HSI_Run2 ****
make all 
make: Nothing to be done for 'all'.
20:07:36 **** Incremental Build of configuration Debug for project PWM1_timer_OC ****
make all 
make: Nothing to be done for 'all'.
20:07:37 **** Incremental Build of configuration Debug for project PWM_LED ****
make all 
make: Nothing to be done for 'all'.
20:07:38 **** Incremental Build of configuration Debug for project TimeBase_10ms_Int ****
make all 
make: Nothing to be done for 'all'.
20:07:38 **** Incremental Build of configuration Debug for project Timer_100ms_Run3 ****
make all 
make: Nothing to be done for 'all'.
20:07:39 **** Incremental Build of configuration Debug for project Timer_InputCapture ****
make all 
make: Nothing to be done for 'all'.
20:07:40 **** Incremental Build of configuration Debug for project Timer_InputCapture_HSIClock ****
make all 
make: Nothing to be done for 'all'.
20:07:40 **** Incremental Build of configuration Debug for project Timer_OuputCompare ****
make all 
make: Nothing to be done for 'all'.
20:07:41 **** Incremental Build of configuration Debug for project USART2_Example ****
make all 
make: Nothing to be done for 'all'.
20:07:41 **** Incremental Build of configuration Debug for project USART2_Example2_Interupt ****
make all 
make: Nothing to be done for 'all'.
20:07:57 **** Incremental Build of configuration Debug for project CAN_LoopBack ****
make all 
Building file: ../Src/main.c
Invoking: MCU GCC Compiler
C:\C_Workspace\CAN_LoopBack\Debug
arm-none-eabi-gcc -mcpu=cortex-m4 -mthumb -mfloat-abi=hard -mfpu=fpv4-sp-d16 -DUSE_HAL_DRIVER -DSTM32L476xx -I"C:/C_Workspace/CAN_LoopBack/Inc" -I"C:/C_Workspace/CAN_LoopBack/Drivers/STM32L4xx_HAL_Driver/Inc" -I"C:/C_Workspace/CAN_LoopBack/Drivers/STM32L4xx_HAL_Driver/Inc/Legacy" -I"C:/C_Workspace/CAN_LoopBack/Drivers/CMSIS/Device/ST/STM32L4xx/Include" -I"C:/C_Workspace/CAN_LoopBack/Drivers/CMSIS/Include"  -Og -g3 -Wall -fmessage-length=0 -ffunction-sections -c -fmessage-length=0 -MMD -MP -MF"Src/main.d" -MT"Src/main.o" -o "Src/main.o" "../Src/main.c"
Finished building: ../Src/main.c
 
Building target: CAN_LoopBack.elf
Invoking: MCU GCC Linker
arm-none-eabi-gcc -mcpu=cortex-m4 -mthumb -mfloat-abi=hard -mfpu=fpv4-sp-d16 -specs=nosys.specs -specs=nano.specs -T"../STM32L476RGTx_FLASH.ld" -Wl,-Map=output.map -Wl,--gc-sections -o "CAN_LoopBack.elf" @"objects.list"   -lm
Finished building target: CAN_LoopBack.elf
 
make --no-print-directory post-build
Generating hex and Printing size information:
arm-none-eabi-objcopy -O ihex "CAN_LoopBack.elf" "CAN_LoopBack.hex"
arm-none-eabi-size "CAN_LoopBack.elf"
   text	   data	    bss	    dec	    hex	filename
  10944	    136	   1864	  12944	   3290	CAN_LoopBack.elf
 
20:08:00 **** Incremental Build of configuration Debug for project HSE_SYSCLK_8Mhz_Run2 ****
make all 
make: Nothing to be done for 'all'.
20:08:00 **** Incremental Build of configuration Debug for project HelloWorldV4 ****
make all 
make: Nothing to be done for 'all'.
20:08:01 **** Incremental Build of configuration Debug for project PLL_SYSCLK_HSI_Run2 ****
make all 
make: Nothing to be done for 'all'.
20:08:01 **** Incremental Build of configuration Debug for project PWM1_timer_OC ****
make all 
make: Nothing to be done for 'all'.
20:08:02 **** Incremental Build of configuration Debug for project PWM_LED ****
make all 
make: Nothing to be done for 'all'.
20:08:03 **** Incremental Build of configuration Debug for project TimeBase_10ms_Int ****
make all 
make: Nothing to be done for 'all'.
20:08:03 **** Incremental Build of configuration Debug for project Timer_100ms_Run3 ****
make all 
make: Nothing to be done for 'all'.
20:08:04 **** Incremental Build of configuration Debug for project Timer_InputCapture ****
make all 
make: Nothing to be done for 'all'.
20:08:04 **** Incremental Build of configuration Debug for project Timer_InputCapture_HSIClock ****
make all 
make: Nothing to be done for 'all'.
20:08:05 **** Incremental Build of configuration Debug for project Timer_OuputCompare ****
make all 
make: Nothing to be done for 'all'.
20:08:06 **** Incremental Build of configuration Debug for project USART2_Example ****
make all 
make: Nothing to be done for 'all'.
20:08:06 **** Incremental Build of configuration Debug for project USART2_Example2_Interupt ****
make all 
make: Nothing to be done for 'all'.
20:12:11 **** Incremental Build of configuration Debug for project CAN_LoopBack ****
make all 
Building file: ../Src/main.c
Invoking: MCU GCC Compiler
C:\C_Workspace\CAN_LoopBack\Debug
arm-none-eabi-gcc -mcpu=cortex-m4 -mthumb -mfloat-abi=hard -mfpu=fpv4-sp-d16 -DUSE_HAL_DRIVER -DSTM32L476xx -I"C:/C_Workspace/CAN_LoopBack/Inc" -I"C:/C_Workspace/CAN_LoopBack/Drivers/STM32L4xx_HAL_Driver/Inc" -I"C:/C_Workspace/CAN_LoopBack/Drivers/STM32L4xx_HAL_Driver/Inc/Legacy" -I"C:/C_Workspace/CAN_LoopBack/Drivers/CMSIS/Device/ST/STM32L4xx/Include" -I"C:/C_Workspace/CAN_LoopBack/Drivers/CMSIS/Include"  -Og -g3 -Wall -fmessage-length=0 -ffunction-sections -c -fmessage-length=0 -MMD -MP -MF"Src/main.d" -MT"Src/main.o" -o "Src/main.o" "../Src/main.c"
../Src/main.c: In function 'main':
../Src/main.c:52:2: warning: implicit declaration of function 'If' [-Wimplicit-function-declaration]
  If(HAL_CAN_Start(&hcan1) != hal_ok){
  ^~
../Src/main.c:52:30: error: 'hal_ok' undeclared (first use in this function)
  If(HAL_CAN_Start(&hcan1) != hal_ok){
                              ^~~~~~
../Src/main.c:52:30: note: each undeclared identifier is reported only once for each function it appears in
../Src/main.c:52:37: error: expected ';' before '{' token
  If(HAL_CAN_Start(&hcan1) != hal_ok){
                                     ^
Src/subdir.mk:30: recipe for target 'Src/main.o' failed
make: *** [Src/main.o] Error 1
20:12:12 **** Incremental Build of configuration Debug for project HSE_SYSCLK_8Mhz_Run2 ****
make all 
make: Nothing to be done for 'all'.
20:12:12 **** Incremental Build of configuration Debug for project HelloWorldV4 ****
make all 
make: Nothing to be done for 'all'.
20:12:13 **** Incremental Build of configuration Debug for project PLL_SYSCLK_HSI_Run2 ****
make all 
make: Nothing to be done for 'all'.
20:12:13 **** Incremental Build of configuration Debug for project PWM1_timer_OC ****
make all 
make: Nothing to be done for 'all'.
20:12:14 **** Incremental Build of configuration Debug for project PWM_LED ****
make all 
make: Nothing to be done for 'all'.
20:12:15 **** Incremental Build of configuration Debug for project TimeBase_10ms_Int ****
make all 
make: Nothing to be done for 'all'.
20:12:15 **** Incremental Build of configuration Debug for project Timer_100ms_Run3 ****
make all 
make: Nothing to be done for 'all'.
20:12:16 **** Incremental Build of configuration Debug for project Timer_InputCapture ****
make all 
make: Nothing to be done for 'all'.
20:12:16 **** Incremental Build of configuration Debug for project Timer_InputCapture_HSIClock ****
make all 
make: Nothing to be done for 'all'.
20:12:17 **** Incremental Build of configuration Debug for project Timer_OuputCompare ****
make all 
make: Nothing to be done for 'all'.
20:12:18 **** Incremental Build of configuration Debug for project USART2_Example ****
make all 
make: Nothing to be done for 'all'.
20:12:19 **** Incremental Build of configuration Debug for project USART2_Example2_Interupt ****
make all 
make: Nothing to be done for 'all'.
20:16:36 **** Incremental Build of configuration Debug for project CAN_LoopBack ****
[...]
Error: Whole bank access must start at beginning of bank.
target halted due to breakpoint, current mode: Thread 
xPSR: 0x61000000 pc: 0x20000050 msp: 0x20018000
wrote 12288 bytes from file Debug/CAN_LoopBack.elf in 0.433705s (27.669 KiB/s)
** Programming Finished **
** Verify Started **
target halted due to breakpoint, current mode: Thread 
xPSR: 0x61000000 pc: 0x2000002e msp: 0x20018000
target halted due to breakpoint, current mode: Thread 
xPSR: 0x61000000 pc: 0x2000002e msp: 0x20018000
verified 11352 bytes in 0.407805s (27.184 KiB/s)
** Verified OK **
** Resetting Target **
shutdown command invoked
14:35:50 **** Incremental Build of configuration Debug for project CAN_LoopBack ****
make all 
Building file: ../Src/main.c
Invoking: MCU GCC Compiler
C:\C_Workspace\CAN_LoopBack\Debug
arm-none-eabi-gcc -mcpu=cortex-m4 -mthumb -mfloat-abi=hard -mfpu=fpv4-sp-d16 -DUSE_HAL_DRIVER -DSTM32L476xx -I"C:/C_Workspace/CAN_LoopBack/Inc" -I"C:/C_Workspace/CAN_LoopBack/Drivers/STM32L4xx_HAL_Driver/Inc" -I"C:/C_Workspace/CAN_LoopBack/Drivers/STM32L4xx_HAL_Driver/Inc/Legacy" -I"C:/C_Workspace/CAN_LoopBack/Drivers/CMSIS/Device/ST/STM32L4xx/Include" -I"C:/C_Workspace/CAN_LoopBack/Drivers/CMSIS/Include"  -Og -g3 -Wall -fmessage-length=0 -ffunction-sections -c -fmessage-length=0 -MMD -MP -MF"Src/main.d" -MT"Src/main.o" -o "Src/main.o" "../Src/main.c"
Finished building: ../Src/main.c
 
Building target: CAN_LoopBack.elf
Invoking: MCU GCC Linker
arm-none-eabi-gcc -mcpu=cortex-m4 -mthumb -mfloat-abi=hard -mfpu=fpv4-sp-d16 -specs=nosys.specs -specs=nano.specs -T"../STM32L476RGTx_FLASH.ld" -Wl,-Map=output.map -Wl,--gc-sections -o "CAN_LoopBack.elf" @"objects.list"   -lm
Finished building target: CAN_LoopBack.elf
 
make --no-print-directory post-build
Generating hex and Printing size information:
arm-none-eabi-objcopy -O ihex "CAN_LoopBack.elf" "CAN_LoopBack.hex"
arm-none-eabi-size "CAN_LoopBack.elf"
   text	   data	    bss	    dec	    hex	filename
  11208	    136	   1864	  13208	   3398	CAN_LoopBack.elf
 
14:35:54 **** Incremental Build of configuration Debug for project HSE_SYSCLK_8Mhz_Run2 ****
make all 
make: Nothing to be done for 'all'.
14:35:55 **** Incremental Build of configuration Debug for project HelloWorldV4 ****
make all 
make: Nothing to be done for 'all'.
14:35:55 **** Incremental Build of configuration Debug for project PLL_SYSCLK_HSI_Run2 ****
make all 
make: Nothing to be done for 'all'.
14:35:56 **** Incremental Build of configuration Debug for project PWM1_timer_OC ****
make all 
make: Nothing to be done for 'all'.
14:35:57 **** Incremental Build of configuration Debug for project PWM_LED ****
make all 
make: Nothing to be done for 'all'.
14:35:57 **** Incremental Build of configuration Debug for project TimeBase_10ms_Int ****
make all 
make: Nothing to be done for 'all'.
14:35:58 **** Incremental Build of configuration Debug for project Timer_100ms_Run3 ****
make all 
make: Nothing to be done for 'all'.
14:35:59 **** Incremental Build of configuration Debug for project Timer_InputCapture ****
make all 
make: Nothing to be done for 'all'.
14:35:59 **** Incremental Build of configuration Debug for project Timer_InputCapture_HSIClock ****
make all 
make: Nothing to be done for 'all'.
14:36:00 **** Incremental Build of configuration Debug for project Timer_OuputCompare ****
make all 
make: Nothing to be done for 'all'.
14:36:00 **** Incremental Build of configuration Debug for project USART2_Example ****
make all 
make: Nothing to be done for 'all'.
14:36:01 **** Incremental Build of configuration Debug for project USART2_Example2_Interupt ****
make all 
make: Nothing to be done for 'all'.
14:53:29 **** Incremental Build of configuration Debug for project CAN_LoopBack ****
make all 
Building file: ../Src/main.c
Invoking: MCU GCC Compiler
C:\C_Workspace\CAN_LoopBack\Debug
arm-none-eabi-gcc -mcpu=cortex-m4 -mthumb -mfloat-abi=hard -mfpu=fpv4-sp-d16 -DUSE_HAL_DRIVER -DSTM32L476xx -I"C:/C_Workspace/CAN_LoopBack/Inc" -I"C:/C_Workspace/CAN_LoopBack/Drivers/STM32L4xx_HAL_Driver/Inc" -I"C:/C_Workspace/CAN_LoopBack/Drivers/STM32L4xx_HAL_Driver/Inc/Legacy" -I"C:/C_Workspace/CAN_LoopBack/Drivers/CMSIS/Device/ST/STM32L4xx/Include" -I"C:/C_Workspace/CAN_LoopBack/Drivers/CMSIS/Include"  -Og -g3 -Wall -fmessage-length=0 -ffunction-sections -c -fmessage-length=0 -MMD -MP -MF"Src/main.d" -MT"Src/main.o" -o "Src/main.o" "../Src/main.c"
../Src/main.c: In function 'CAN1_Rx':
../Src/main.c:215:2: error: expected ';' before '}' token
  }
  ^
Src/subdir.mk:30: recipe for target 'Src/main.o' failed
make: *** [Src/main.o] Error 1
14:53:30 **** Incremental Build of configuration Debug for project HSE_SYSCLK_8Mhz_Run2 ****
make all 
make: Nothing to be done for 'all'.
14:53:31 **** Incremental Build of configuration Debug for project HelloWorldV4 ****
make all 
make: Nothing to be done for 'all'.
14:53:31 **** Incremental Build of configuration Debug for project PLL_SYSCLK_HSI_Run2 ****
make all 
make: Nothing to be done for 'all'.
14:53:32 **** Incremental Build of configuration Debug for project PWM1_timer_OC ****
make all 
make: Nothing to be done for 'all'.
14:53:32 **** Incremental Build of configuration Debug for project PWM_LED ****
make all 
make: Nothing to be done for 'all'.
14:53:33 **** Incremental Build of configuration Debug for project TimeBase_10ms_Int ****
make all 
make: Nothing to be done for 'all'.
14:53:34 **** Incremental Build of configuration Debug for project Timer_100ms_Run3 ****
make all 
make: Nothing to be done for 'all'.
14:53:34 **** Incremental Build of configuration Debug for project Timer_InputCapture ****
make all 
make: Nothing to be done for 'all'.
14:53:35 **** Incremental Build of configuration Debug for project Timer_InputCapture_HSIClock ****
make all 
make: Nothing to be done for 'all'.
14:53:35 **** Incremental Build of configuration Debug for project Timer_OuputCompare ****
make all 
make: Nothing to be done for 'all'.
14:53:36 **** Incremental Build of configuration Debug for project USART2_Example ****
make all 
make: Nothing to be done for 'all'.
14:53:36 **** Incremental Build of configuration Debug for project USART2_Example2_Interupt ****
make all 
make: Nothing to be done for 'all'.
14:54:39 **** Incremental Build of configuration Debug for project CAN_LoopBack ****
make all 
Building file: ../Src/main.c
Invoking: MCU GCC Compiler
C:\C_Workspace\CAN_LoopBack\Debug
arm-none-eabi-gcc -mcpu=cortex-m4 -mthumb -mfloat-abi=hard -mfpu=fpv4-sp-d16 -DUSE_HAL_DRIVER -DSTM32L476xx -I"C:/C_Workspace/CAN_LoopBack/Inc" -I"C:/C_Workspace/CAN_LoopBack/Drivers/STM32L4xx_HAL_Driver/Inc" -I"C:/C_Workspace/CAN_LoopBack/Drivers/STM32L4xx_HAL_Driver/Inc/Legacy" -I"C:/C_Workspace/CAN_LoopBack/Drivers/CMSIS/Device/ST/STM32L4xx/Include" -I"C:/C_Workspace/CAN_LoopBack/Drivers/CMSIS/Include"  -Og -g3 -Wall -fmessage-length=0 -ffunction-sections -c -fmessage-length=0 -MMD -MP -MF"Src/main.d" -MT"Src/main.o" -o "Src/main.o" "../Src/main.c"
Finished building: ../Src/main.c
 
Building target: CAN_LoopBack.elf
Invoking: MCU GCC Linker
arm-none-eabi-gcc -mcpu=cortex-m4 -mthumb -mfloat-abi=hard -mfpu=fpv4-sp-d16 -specs=nosys.specs -specs=nano.specs -T"../STM32L476RGTx_FLASH.ld" -Wl,-Map=output.map -Wl,--gc-sections -o "CAN_LoopBack.elf" @"objects.list"   -lm
Finished building target: CAN_LoopBack.elf
 
make --no-print-directory post-build
Generating hex and Printing size information:
arm-none-eabi-objcopy -O ihex "CAN_LoopBack.elf" "CAN_LoopBack.hex"
arm-none-eabi-size "CAN_LoopBack.elf"
   text	   data	    bss	    dec	    hex	filename
  11688	    136	   1864	  13688	   3578	CAN_LoopBack.elf
 
14:54:41 **** Incremental Build of configuration Debug for project HSE_SYSCLK_8Mhz_Run2 ****
make all 
make: Nothing to be done for 'all'.
14:54:42 **** Incremental Build of configuration Debug for project HelloWorldV4 ****
make all 
make: Nothing to be done for 'all'.
14:54:43 **** Incremental Build of configuration Debug for project PLL_SYSCLK_HSI_Run2 ****
make all 
make: Nothing to be done for 'all'.
14:54:43 **** Incremental Build of configuration Debug for project PWM1_timer_OC ****
make all 
make: Nothing to be done for 'all'.
14:54:44 **** Incremental Build of configuration Debug for project PWM_LED ****
make all 
make: Nothing to be done for 'all'.
14:54:44 **** Incremental Build of configuration Debug for project TimeBase_10ms_Int ****
make all 
make: Nothing to be done for 'all'.
14:54:45 **** Incremental Build of configuration Debug for project Timer_100ms_Run3 ****
make all 
make: Nothing to be done for 'all'.
14:54:45 **** Incremental Build of configuration Debug for project Timer_InputCapture ****
make all 
make: Nothing to be done for 'all'.
14:54:46 **** Incremental Build of configuration Debug for project Timer_InputCapture_HSIClock ****
make all 
make: Nothing to be done for 'all'.
14:54:47 **** Incremental Build of configuration Debug for project Timer_OuputCompare ****
make all 
make: Nothing to be done for 'all'.
14:54:47 **** Incremental Build of configuration Debug for project USART2_Example ****
make all 
make: Nothing to be done for 'all'.
14:54:48 **** Incremental Build of configuration Debug for project USART2_Example2_Interupt ****
make all 
make: Nothing to be done for 'all'.
14:54:54 **** Programming project CAN_LoopBack on chip ****
"C:\\Ac6\\SystemWorkbench\\plugins\\fr.ac6.mcu.externaltools.openocd.win32_1.23.0.201904120827\\tools\\openocd\\bin\\openocd.exe" -f stm32.flash.8907821407744243198.cfg -s "C:\\C_Workspace\\CAN_LoopBack" -s "C:\\Ac6\\SystemWorkbench\\plugins\\fr.ac6.mcu.debug_2.5.0.201904120827\\resources\\openocd\\st_scripts" -c "program Debug/CAN_LoopBack.elf verify reset " -c shutdown 
Open On-Chip Debugger 0.10.0+dev-00021-g524e8c8 (2019-04-12-08:48)
Licensed under GNU GPL v2
For bug reports, read
	http://openocd.org/doc/doxygen/bugs.html
srst_only separate srst_nogate srst_open_drain connect_assert_srst
Info : The selected transport took over low-level target control. The results might differ compared to plain JTAG/SWD
padded zone erase set to 1
adapter speed: 8000 kHz
adapter_nsrst_delay: 100
Info : clock speed 8000 kHz
Info : STLINK v2.1 JTAG v36 API v2 M26 VID 0x0483 PID 0x374B
Info : using stlink api v2
Info : Target voltage: 3.246689
Info : Unable to match requested speed 8000 kHz, using 4000 kHz
Info : Stlink adapter speed set to 4000 kHz
Info : STM32L476RGTx.cpu: hardware has 6 breakpoints, 4 watchpoints
Info : Listening on port 3333 for gdb connections
target halted due to debug-request, current mode: Thread 
xPSR: 0x01000000 pc: 0x080021c4 msp: 0x20018000
Info : Unable to match requested speed 8000 kHz, using 4000 kHz
Info : Stlink adapter speed set to 4000 kHz
Info : Unable to match requested speed 8000 kHz, using 4000 kHz
adapter speed: 4000 kHz
** Programming Started **
auto erase enabled
Info : Device id = 0x10076415
Info : STM32L4xx flash size is 1024kb, base address is 0x8000000
Info : Erase the padded zone before the write
Error: Whole bank access must start at beginning of bank.
target halted due to breakpoint, current mode: Thread 
xPSR: 0x61000000 pc: 0x20000050 msp: 0x20018000
wrote 12288 bytes from file Debug/CAN_LoopBack.elf in 0.438076s (27.393 KiB/s)
** Programming Finished **
** Verify Started **
target halted due to breakpoint, current mode: Thread 
xPSR: 0x61000000 pc: 0x2000002e msp: 0x20018000
target halted due to breakpoint, current mode: Thread 
xPSR: 0x61000000 pc: 0x2000002e msp: 0x20018000
verified 11832 bytes in 0.424995s (27.188 KiB/s)
** Verified OK **
** Resetting Target **
shutdown command invoked
15:03:07 **** Incremental Build of configuration Debug for project CAN_LoopBack ****
make all 
Building file: ../Src/main.c
Invoking: MCU GCC Compiler
C:\C_Workspace\CAN_LoopBack\Debug
arm-none-eabi-gcc -mcpu=cortex-m4 -mthumb -mfloat-abi=hard -mfpu=fpv4-sp-d16 -DUSE_HAL_DRIVER -DSTM32L476xx -I"C:/C_Workspace/CAN_LoopBack/Inc" -I"C:/C_Workspace/CAN_LoopBack/Drivers/STM32L4xx_HAL_Driver/Inc" -I"C:/C_Workspace/CAN_LoopBack/Drivers/STM32L4xx_HAL_Driver/Inc/Legacy" -I"C:/C_Workspace/CAN_LoopBack/Drivers/CMSIS/Device/ST/STM32L4xx/Include" -I"C:/C_Workspace/CAN_LoopBack/Drivers/CMSIS/Include"  -Og -g3 -Wall -fmessage-length=0 -ffunction-sections -c -fmessage-length=0 -MMD -MP -MF"Src/main.d" -MT"Src/main.o" -o "Src/main.o" "../Src/main.c"
Finished building: ../Src/main.c
 
Building target: CAN_LoopBack.elf
Invoking: MCU GCC Linker
arm-none-eabi-gcc -mcpu=cortex-m4 -mthumb -mfloat-abi=hard -mfpu=fpv4-sp-d16 -specs=nosys.specs -specs=nano.specs -T"../STM32L476RGTx_FLASH.ld" -Wl,-Map=output.map -Wl,--gc-sections -o "CAN_LoopBack.elf" @"objects.list"   -lm
Finished building target: CAN_LoopBack.elf
 
make --no-print-directory post-build
Generating hex and Printing size information:
arm-none-eabi-objcopy -O ihex "CAN_LoopBack.elf" "CAN_LoopBack.hex"
arm-none-eabi-size "CAN_LoopBack.elf"
   text	   data	    bss	    dec	    hex	filename
  11992	    136	   1864	  13992	   36a8	CAN_LoopBack.elf
 
15:03:09 **** Incremental Build of configuration Debug for project HSE_SYSCLK_8Mhz_Run2 ****
make all 
make: Nothing to be done for 'all'.
15:03:10 **** Incremental Build of configuration Debug for project HelloWorldV4 ****
make all 
make: Nothing to be done for 'all'.
15:03:11 **** Incremental Build of configuration Debug for project PLL_SYSCLK_HSI_Run2 ****
make all 
make: Nothing to be done for 'all'.
15:03:11 **** Incremental Build of configuration Debug for project PWM1_timer_OC ****
make all 
make: Nothing to be done for 'all'.
15:03:12 **** Incremental Build of configuration Debug for project PWM_LED ****
make all 
make: Nothing to be done for 'all'.
15:03:12 **** Incremental Build of configuration Debug for project TimeBase_10ms_Int ****
make all 
make: Nothing to be done for 'all'.
15:03:13 **** Incremental Build of configuration Debug for project Timer_100ms_Run3 ****
make all 
make: Nothing to be done for 'all'.
15:03:14 **** Incremental Build of configuration Debug for project Timer_InputCapture ****
make all 
make: Nothing to be done for 'all'.
15:03:14 **** Incremental Build of configuration Debug for project Timer_InputCapture_HSIClock ****
make all 
make: Nothing to be done for 'all'.
15:03:15 **** Incremental Build of configuration Debug for project Timer_OuputCompare ****
make all 
make: Nothing to be done for 'all'.
15:03:15 **** Incremental Build of configuration Debug for project USART2_Example ****
make all 
make: Nothing to be done for 'all'.
15:03:16 **** Incremental Build of configuration Debug for project USART2_Example2_Interupt ****
make all 
make: Nothing to be done for 'all'.
15:03:36 **** Incremental Build of configuration Debug for project CAN_LoopBack ****
make all 
Building file: ../Src/main.c
Invoking: MCU GCC Compiler
C:\C_Workspace\CAN_LoopBack\Debug
arm-none-eabi-gcc -mcpu=cortex-m4 -mthumb -mfloat-abi=hard -mfpu=fpv4-sp-d16 -DUSE_HAL_DRIVER -DSTM32L476xx -I"C:/C_Workspace/CAN_LoopBack/Inc" -I"C:/C_Workspace/CAN_LoopBack/Drivers/STM32L4xx_HAL_Driver/Inc" -I"C:/C_Workspace/CAN_LoopBack/Drivers/STM32L4xx_HAL_Driver/Inc/Legacy" -I"C:/C_Workspace/CAN_LoopBack/Drivers/CMSIS/Device/ST/STM32L4xx/Include" -I"C:/C_Workspace/CAN_LoopBack/Drivers/CMSIS/Include"  -Og -g3 -Wall -fmessage-length=0 -ffunction-sections -c -fmessage-length=0 -MMD -MP -MF"Src/main.d" -MT"Src/main.o" -o "Src/main.o" "../Src/main.c"
Finished building: ../Src/main.c
 
Building target: CAN_LoopBack.elf
Invoking: MCU GCC Linker
arm-none-eabi-gcc -mcpu=cortex-m4 -mthumb -mfloat-abi=hard -mfpu=fpv4-sp-d16 -specs=nosys.specs -specs=nano.specs -T"../STM32L476RGTx_FLASH.ld" -Wl,-Map=output.map -Wl,--gc-sections -o "CAN_LoopBack.elf" @"objects.list"   -lm
Finished building target: CAN_LoopBack.elf
 
make --no-print-directory post-build
Generating hex and Printing size information:
arm-none-eabi-objcopy -O ihex "CAN_LoopBack.elf" "CAN_LoopBack.hex"
arm-none-eabi-size "CAN_LoopBack.elf"
   text	   data	    bss	    dec	    hex	filename
  11992	    136	   1864	  13992	   36a8	CAN_LoopBack.elf
 
15:03:38 **** Incremental Build of configuration Debug for project HSE_SYSCLK_8Mhz_Run2 ****
make all 
make: Nothing to be done for 'all'.
15:03:38 **** Incremental Build of configuration Debug for project HelloWorldV4 ****
make all 
make: Nothing to be done for 'all'.
15:03:39 **** Incremental Build of configuration Debug for project PLL_SYSCLK_HSI_Run2 ****
make all 
make: Nothing to be done for 'all'.
15:03:40 **** Incremental Build of configuration Debug for project PWM1_timer_OC ****
make all 
make: Nothing to be done for 'all'.
15:03:40 **** Incremental Build of configuration Debug for project PWM_LED ****
make all 
make: Nothing to be done for 'all'.
15:03:41 **** Incremental Build of configuration Debug for project TimeBase_10ms_Int ****
make all 
make: Nothing to be done for 'all'.
15:03:41 **** Incremental Build of configuration Debug for project Timer_100ms_Run3 ****
make all 
make: Nothing to be done for 'all'.
15:03:42 **** Incremental Build of configuration Debug for project Timer_InputCapture ****
make all 
make: Nothing to be done for 'all'.
15:03:43 **** Incremental Build of configuration Debug for project Timer_InputCapture_HSIClock ****
make all 
make: Nothing to be done for 'all'.
15:03:43 **** Incremental Build of configuration Debug for project Timer_OuputCompare ****
make all 
make: Nothing to be done for 'all'.
15:03:44 **** Incremental Build of configuration Debug for project USART2_Example ****
make all 
make: Nothing to be done for 'all'.
15:03:44 **** Incremental Build of configuration Debug for project USART2_Example2_Interupt ****
make all 
make: Nothing to be done for 'all'.
15:03:52 **** Programming project CAN_LoopBack on chip ****
"C:\\Ac6\\SystemWorkbench\\plugins\\fr.ac6.mcu.externaltools.openocd.win32_1.23.0.201904120827\\tools\\openocd\\bin\\openocd.exe" -f stm32.flash.463663367931660358.cfg -s "C:\\C_Workspace\\CAN_LoopBack" -s "C:\\Ac6\\SystemWorkbench\\plugins\\fr.ac6.mcu.debug_2.5.0.201904120827\\resources\\openocd\\st_scripts" -c "program Debug/CAN_LoopBack.elf verify reset " -c shutdown 
Open On-Chip Debugger 0.10.0+dev-00021-g524e8c8 (2019-04-12-08:48)
Licensed under GNU GPL v2
For bug reports, read
	http://openocd.org/doc/doxygen/bugs.html
srst_only separate srst_nogate srst_open_drain connect_assert_srst
Info : The selected transport took over low-level target control. The results might differ compared to plain JTAG/SWD
padded zone erase set to 1
adapter speed: 8000 kHz
adapter_nsrst_delay: 100
Info : clock speed 8000 kHz
Info : STLINK v2.1 JTAG v36 API v2 M26 VID 0x0483 PID 0x374B
Info : using stlink api v2
Info : Target voltage: 3.249836
Info : Unable to match requested speed 8000 kHz, using 4000 kHz
Info : Stlink adapter speed set to 4000 kHz
Info : STM32L476RGTx.cpu: hardware has 6 breakpoints, 4 watchpoints
Info : Listening on port 3333 for gdb connections
target halted due to debug-request, current mode: Thread 
xPSR: 0x01000000 pc: 0x08002388 msp: 0x20018000
Info : Unable to match requested speed 8000 kHz, using 4000 kHz
Info : Stlink adapter speed set to 4000 kHz
Info : Unable to match requested speed 8000 kHz, using 4000 kHz
adapter speed: 4000 kHz
** Programming Started **
auto erase enabled
Info : Device id = 0x10076415
Info : STM32L4xx flash size is 1024kb, base address is 0x8000000
Info : Erase the padded zone before the write
Error: Whole bank access must start at beginning of bank.
target halted due to breakpoint, current mode: Thread 
xPSR: 0x61000000 pc: 0x20000050 msp: 0x20018000
wrote 12288 bytes from file Debug/CAN_LoopBack.elf in 0.463086s (25.913 KiB/s)
** Programming Finished **
** Verify Started **
target halted due to breakpoint, current mode: Thread 
xPSR: 0x61000000 pc: 0x2000002e msp: 0x20018000
target halted due to breakpoint, current mode: Thread 
xPSR: 0x61000000 pc: 0x2000002e msp: 0x20018000
verified 12136 bytes in 0.433443s (27.343 KiB/s)
** Verified OK **
** Resetting Target **
shutdown command invoked
