19:09:39 **** Build of configuration Debug for project WairForInterupt ****
make all 
Building file: ../startup/startup_stm32l476xx.s
Invoking: MCU GCC Assembler
C:\C_Workspace\WairForInterupt\Debug
arm-none-eabi-as -mcpu=cortex-m4 -mthumb -mfloat-abi=hard -mfpu=fpv4-sp-d16 -g -o "startup/startup_stm32l476xx.o" "../startup/startup_stm32l476xx.s"
Finished building: ../startup/startup_stm32l476xx.s
 
Building file: ../Src/it.c
Invoking: MCU GCC Compiler
C:\C_Workspace\WairForInterupt\Debug
arm-none-eabi-gcc -mcpu=cortex-m4 -mthumb -mfloat-abi=hard -mfpu=fpv4-sp-d16 -DUSE_HAL_DRIVER -DSTM32L476xx -I"C:/C_Workspace/WairForInterupt/Inc" -I"C:/C_Workspace/WairForInterupt/Drivers/STM32L4xx_HAL_Driver/Inc" -I"C:/C_Workspace/WairForInterupt/Drivers/STM32L4xx_HAL_Driver/Inc/Legacy" -I"C:/C_Workspace/WairForInterupt/Drivers/CMSIS/Device/ST/STM32L4xx/Include" -I"C:/C_Workspace/WairForInterupt/Drivers/CMSIS/Include"  -Og -g3 -Wall -fmessage-length=0 -ffunction-sections -c -fmessage-length=0 -MMD -MP -MF"Src/it.d" -MT"Src/it.o" -o "Src/it.o" "../Src/it.c"
Finished building: ../Src/it.c
 
Building file: ../Src/main.c
Invoking: MCU GCC Compiler
C:\C_Workspace\WairForInterupt\Debug
arm-none-eabi-gcc -mcpu=cortex-m4 -mthumb -mfloat-abi=hard -mfpu=fpv4-sp-d16 -DUSE_HAL_DRIVER -DSTM32L476xx -I"C:/C_Workspace/WairForInterupt/Inc" -I"C:/C_Workspace/WairForInterupt/Drivers/STM32L4xx_HAL_Driver/Inc" -I"C:/C_Workspace/WairForInterupt/Drivers/STM32L4xx_HAL_Driver/Inc/Legacy" -I"C:/C_Workspace/WairForInterupt/Drivers/CMSIS/Device/ST/STM32L4xx/Include" -I"C:/C_Workspace/WairForInterupt/Drivers/CMSIS/Include"  -Og -g3 -Wall -fmessage-length=0 -ffunction-sections -c -fmessage-length=0 -MMD -MP -MF"Src/main.d" -MT"Src/main.o" -o "Src/main.o" "../Src/main.c"
../Src/main.c: In function 'main':
../Src/main.c:43:2: warning: implicit declaration of function 'GPIO_AnalogConfig' [-Wimplicit-function-declaration]
  GPIO_AnalogConfig();
  ^~~~~~~~~~~~~~~~~
../Src/main.c: In function 'GPIO_Init':
../Src/main.c:138:19: warning: unused variable 'ledgpio' [-Wunused-variable]
  GPIO_InitTypeDef ledgpio , buttongpio;
                   ^~~~~~~
../Src/main.c: At top level:
../Src/main.c:168:6: warning: conflicting types for 'GPIO_AnalogConfig'
 void GPIO_AnalogConfig(void)
      ^~~~~~~~~~~~~~~~~
../Src/main.c:43:2: note: previous implicit declaration of 'GPIO_AnalogConfig' was here
  GPIO_AnalogConfig();
  ^~~~~~~~~~~~~~~~~
Finished building: ../Src/main.c
 
Building file: ../Src/msp.c
Invoking: MCU GCC Compiler
C:\C_Workspace\WairForInterupt\Debug
arm-none-eabi-gcc -mcpu=cortex-m4 -mthumb -mfloat-abi=hard -mfpu=fpv4-sp-d16 -DUSE_HAL_DRIVER -DSTM32L476xx -I"C:/C_Workspace/WairForInterupt/Inc" -I"C:/C_Workspace/WairForInterupt/Drivers/STM32L4xx_HAL_Driver/Inc" -I"C:/C_Workspace/WairForInterupt/Drivers/STM32L4xx_HAL_Driver/Inc/Legacy" -I"C:/C_Workspace/WairForInterupt/Drivers/CMSIS/Device/ST/STM32L4xx/Include" -I"C:/C_Workspace/WairForInterupt/Drivers/CMSIS/Include"  -Og -g3 -Wall -fmessage-length=0 -ffunction-sections -c -fmessage-length=0 -MMD -MP -MF"Src/msp.d" -MT"Src/msp.o" -o "Src/msp.o" "../Src/msp.c"
Finished building: ../Src/msp.c
 
Building file: ../Src/syscalls.c
Invoking: MCU GCC Compiler
C:\C_Workspace\WairForInterupt\Debug
arm-none-eabi-gcc -mcpu=cortex-m4 -mthumb -mfloat-abi=hard -mfpu=fpv4-sp-d16 -DUSE_HAL_DRIVER -DSTM32L476xx -I"C:/C_Workspace/WairForInterupt/Inc" -I"C:/C_Workspace/WairForInterupt/Drivers/STM32L4xx_HAL_Driver/Inc" -I"C:/C_Workspace/WairForInterupt/Drivers/STM32L4xx_HAL_Driver/Inc/Legacy" -I"C:/C_Workspace/WairForInterupt/Drivers/CMSIS/Device/ST/STM32L4xx/Include" -I"C:/C_Workspace/WairForInterupt/Drivers/CMSIS/Include"  -Og -g3 -Wall -fmessage-length=0 -ffunction-sections -c -fmessage-length=0 -MMD -MP -MF"Src/syscalls.d" -MT"Src/syscalls.o" -o "Src/syscalls.o" "../Src/syscalls.c"
Finished building: ../Src/syscalls.c
 
Building file: ../Src/system_stm32l4xx.c
Invoking: MCU GCC Compiler
C:\C_Workspace\WairForInterupt\Debug
arm-none-eabi-gcc -mcpu=cortex-m4 -mthumb -mfloat-abi=hard -mfpu=fpv4-sp-d16 -DUSE_HAL_DRIVER -DSTM32L476xx -I"C:/C_Workspace/WairForInterupt/Inc" -I"C:/C_Workspace/WairForInterupt/Drivers/STM32L4xx_HAL_Driver/Inc" -I"C:/C_Workspace/WairForInterupt/Drivers/STM32L4xx_HAL_Driver/Inc/Legacy" -I"C:/C_Workspace/WairForInterupt/Drivers/CMSIS/Device/ST/STM32L4xx/Include" -I"C:/C_Workspace/WairForInterupt/Drivers/CMSIS/Include"  -Og -g3 -Wall -fmessage-length=0 -ffunction-sections -c -fmessage-length=0 -MMD -MP -MF"Src/system_stm32l4xx.d" -MT"Src/system_stm32l4xx.o" -o "Src/system_stm32l4xx.o" "../Src/system_stm32l4xx.c"
Finished building: ../Src/system_stm32l4xx.c
 
Building file: ../Drivers/STM32L4xx_HAL_Driver/Src/stm32l4xx_hal.c
Invoking: MCU GCC Compiler
C:\C_Workspace\WairForInterupt\Debug
arm-none-eabi-gcc -mcpu=cortex-m4 -mthumb -mfloat-abi=hard -mfpu=fpv4-sp-d16 -DUSE_HAL_DRIVER -DSTM32L476xx -I"C:/C_Workspace/WairForInterupt/Inc" -I"C:/C_Workspace/WairForInterupt/Drivers/STM32L4xx_HAL_Driver/Inc" -I"C:/C_Workspace/WairForInterupt/Drivers/STM32L4xx_HAL_Driver/Inc/Legacy" -I"C:/C_Workspace/WairForInterupt/Drivers/CMSIS/Device/ST/STM32L4xx/Include" -I"C:/C_Workspace/WairForInterupt/Drivers/CMSIS/Include"  -Og -g3 -Wall -fmessage-length=0 -ffunction-sections -c -fmessage-length=0 -MMD -MP -MF"Drivers/STM32L4xx_HAL_Driver/Src/stm32l4xx_hal.d" -MT"Drivers/STM32L4xx_HAL_Driver/Src/stm32l4xx_hal.o" -o "Drivers/STM32L4xx_HAL_Driver/Src/stm32l4xx_hal.o" "../Drivers/STM32L4xx_HAL_Driver/Src/stm32l4xx_hal.c"
Finished building: ../Drivers/STM32L4xx_HAL_Driver/Src/stm32l4xx_hal.c
 
Building file: ../Drivers/STM32L4xx_HAL_Driver/Src/stm32l4xx_hal_cortex.c
Invoking: MCU GCC Compiler
C:\C_Workspace\WairForInterupt\Debug
arm-none-eabi-gcc -mcpu=cortex-m4 -mthumb -mfloat-abi=hard -mfpu=fpv4-sp-d16 -DUSE_HAL_DRIVER -DSTM32L476xx -I"C:/C_Workspace/WairForInterupt/Inc" -I"C:/C_Workspace/WairForInterupt/Drivers/STM32L4xx_HAL_Driver/Inc" -I"C:/C_Workspace/WairForInterupt/Drivers/STM32L4xx_HAL_Driver/Inc/Legacy" -I"C:/C_Workspace/WairForInterupt/Drivers/CMSIS/Device/ST/STM32L4xx/Include" -I"C:/C_Workspace/WairForInterupt/Drivers/CMSIS/Include"  -Og -g3 -Wall -fmessage-length=0 -ffunction-sections -c -fmessage-length=0 -MMD -MP -MF"Drivers/STM32L4xx_HAL_Driver/Src/stm32l4xx_hal_cortex.d" -MT"Drivers/STM32L4xx_HAL_Driver/Src/stm32l4xx_hal_cortex.o" -o "Drivers/STM32L4xx_HAL_Driver/Src/stm32l4xx_hal_cortex.o" "../Drivers/STM32L4xx_HAL_Driver/Src/stm32l4xx_hal_cortex.c"
Finished building: ../Drivers/STM32L4xx_HAL_Driver/Src/stm32l4xx_hal_cortex.c
 
Building file: ../Drivers/STM32L4xx_HAL_Driver/Src/stm32l4xx_hal_dma.c
Invoking: MCU GCC Compiler
C:\C_Workspace\WairForInterupt\Debug
arm-none-eabi-gcc -mcpu=cortex-m4 -mthumb -mfloat-abi=hard -mfpu=fpv4-sp-d16 -DUSE_HAL_DRIVER -DSTM32L476xx -I"C:/C_Workspace/WairForInterupt/Inc" -I"C:/C_Workspace/WairForInterupt/Drivers/STM32L4xx_HAL_Driver/Inc" -I"C:/C_Workspace/WairForInterupt/Drivers/STM32L4xx_HAL_Driver/Inc/Legacy" -I"C:/C_Workspace/WairForInterupt/Drivers/CMSIS/Device/ST/STM32L4xx/Include" -I"C:/C_Workspace/WairForInterupt/Drivers/CMSIS/Include"  -Og -g3 -Wall -fmessage-length=0 -ffunction-sections -c -fmessage-length=0 -MMD -MP -MF"Drivers/STM32L4xx_HAL_Driver/Src/stm32l4xx_hal_dma.d" -MT"Drivers/STM32L4xx_HAL_Driver/Src/stm32l4xx_hal_dma.o" -o "Drivers/STM32L4xx_HAL_Driver/Src/stm32l4xx_hal_dma.o" "../Drivers/STM32L4xx_HAL_Driver/Src/stm32l4xx_hal_dma.c"
Finished building: ../Drivers/STM32L4xx_HAL_Driver/Src/stm32l4xx_hal_dma.c
 
Building file: ../Drivers/STM32L4xx_HAL_Driver/Src/stm32l4xx_hal_dma_ex.c
Invoking: MCU GCC Compiler
C:\C_Workspace\WairForInterupt\Debug
arm-none-eabi-gcc -mcpu=cortex-m4 -mthumb -mfloat-abi=hard -mfpu=fpv4-sp-d16 -DUSE_HAL_DRIVER -DSTM32L476xx -I"C:/C_Workspace/WairForInterupt/Inc" -I"C:/C_Workspace/WairForInterupt/Drivers/STM32L4xx_HAL_Driver/Inc" -I"C:/C_Workspace/WairForInterupt/Drivers/STM32L4xx_HAL_Driver/Inc/Legacy" -I"C:/C_Workspace/WairForInterupt/Drivers/CMSIS/Device/ST/STM32L4xx/Include" -I"C:/C_Workspace/WairForInterupt/Drivers/CMSIS/Include"  -Og -g3 -Wall -fmessage-length=0 -ffunction-sections -c -fmessage-length=0 -MMD -MP -MF"Drivers/STM32L4xx_HAL_Driver/Src/stm32l4xx_hal_dma_ex.d" -MT"Drivers/STM32L4xx_HAL_Driver/Src/stm32l4xx_hal_dma_ex.o" -o "Drivers/STM32L4xx_HAL_Driver/Src/stm32l4xx_hal_dma_ex.o" "../Drivers/STM32L4xx_HAL_Driver/Src/stm32l4xx_hal_dma_ex.c"
Finished building: ../Drivers/STM32L4xx_HAL_Driver/Src/stm32l4xx_hal_dma_ex.c
 
Building file: ../Drivers/STM32L4xx_HAL_Driver/Src/stm32l4xx_hal_exti.c
Invoking: MCU GCC Compiler
C:\C_Workspace\WairForInterupt\Debug
arm-none-eabi-gcc -mcpu=cortex-m4 -mthumb -mfloat-abi=hard -mfpu=fpv4-sp-d16 -DUSE_HAL_DRIVER -DSTM32L476xx -I"C:/C_Workspace/WairForInterupt/Inc" -I"C:/C_Workspace/WairForInterupt/Drivers/STM32L4xx_HAL_Driver/Inc" -I"C:/C_Workspace/WairForInterupt/Drivers/STM32L4xx_HAL_Driver/Inc/Legacy" -I"C:/C_Workspace/WairForInterupt/Drivers/CMSIS/Device/ST/STM32L4xx/Include" -I"C:/C_Workspace/WairForInterupt/Drivers/CMSIS/Include"  -Og -g3 -Wall -fmessage-length=0 -ffunction-sections -c -fmessage-length=0 -MMD -MP -MF"Drivers/STM32L4xx_HAL_Driver/Src/stm32l4xx_hal_exti.d" -MT"Drivers/STM32L4xx_HAL_Driver/Src/stm32l4xx_hal_exti.o" -o "Drivers/STM32L4xx_HAL_Driver/Src/stm32l4xx_hal_exti.o" "../Drivers/STM32L4xx_HAL_Driver/Src/stm32l4xx_hal_exti.c"
Finished building: ../Drivers/STM32L4xx_HAL_Driver/Src/stm32l4xx_hal_exti.c
 
Building file: ../Drivers/STM32L4xx_HAL_Driver/Src/stm32l4xx_hal_flash.c
Invoking: MCU GCC Compiler
C:\C_Workspace\WairForInterupt\Debug
arm-none-eabi-gcc -mcpu=cortex-m4 -mthumb -mfloat-abi=hard -mfpu=fpv4-sp-d16 -DUSE_HAL_DRIVER -DSTM32L476xx -I"C:/C_Workspace/WairForInterupt/Inc" -I"C:/C_Workspace/WairForInterupt/Drivers/STM32L4xx_HAL_Driver/Inc" -I"C:/C_Workspace/WairForInterupt/Drivers/STM32L4xx_HAL_Driver/Inc/Legacy" -I"C:/C_Workspace/WairForInterupt/Drivers/CMSIS/Device/ST/STM32L4xx/Include" -I"C:/C_Workspace/WairForInterupt/Drivers/CMSIS/Include"  -Og -g3 -Wall -fmessage-length=0 -ffunction-sections -c -fmessage-length=0 -MMD -MP -MF"Drivers/STM32L4xx_HAL_Driver/Src/stm32l4xx_hal_flash.d" -MT"Drivers/STM32L4xx_HAL_Driver/Src/stm32l4xx_hal_flash.o" -o "Drivers/STM32L4xx_HAL_Driver/Src/stm32l4xx_hal_flash.o" "../Drivers/STM32L4xx_HAL_Driver/Src/stm32l4xx_hal_flash.c"
Finished building: ../Drivers/STM32L4xx_HAL_Driver/Src/stm32l4xx_hal_flash.c
 
Building file: ../Drivers/STM32L4xx_HAL_Driver/Src/stm32l4xx_hal_flash_ex.c
Invoking: MCU GCC Compiler
C:\C_Workspace\WairForInterupt\Debug
arm-none-eabi-gcc -mcpu=cortex-m4 -mthumb -mfloat-abi=hard -mfpu=fpv4-sp-d16 -DUSE_HAL_DRIVER -DSTM32L476xx -I"C:/C_Workspace/WairForInterupt/Inc" -I"C:/C_Workspace/WairForInterupt/Drivers/STM32L4xx_HAL_Driver/Inc" -I"C:/C_Workspace/WairForInterupt/Drivers/STM32L4xx_HAL_Driver/Inc/Legacy" -I"C:/C_Workspace/WairForInterupt/Drivers/CMSIS/Device/ST/STM32L4xx/Include" -I"C:/C_Workspace/WairForInterupt/Drivers/CMSIS/Include"  -Og -g3 -Wall -fmessage-length=0 -ffunction-sections -c -fmessage-length=0 -MMD -MP -MF"Drivers/STM32L4xx_HAL_Driver/Src/stm32l4xx_hal_flash_ex.d" -MT"Drivers/STM32L4xx_HAL_Driver/Src/stm32l4xx_hal_flash_ex.o" -o "Drivers/STM32L4xx_HAL_Driver/Src/stm32l4xx_hal_flash_ex.o" "../Drivers/STM32L4xx_HAL_Driver/Src/stm32l4xx_hal_flash_ex.c"
Finished building: ../Drivers/STM32L4xx_HAL_Driver/Src/stm32l4xx_hal_flash_ex.c
 
Building file: ../Drivers/STM32L4xx_HAL_Driver/Src/stm32l4xx_hal_flash_ramfunc.c
Invoking: MCU GCC Compiler
C:\C_Workspace\WairForInterupt\Debug
arm-none-eabi-gcc -mcpu=cortex-m4 -mthumb -mfloat-abi=hard -mfpu=fpv4-sp-d16 -DUSE_HAL_DRIVER -DSTM32L476xx -I"C:/C_Workspace/WairForInterupt/Inc" -I"C:/C_Workspace/WairForInterupt/Drivers/STM32L4xx_HAL_Driver/Inc" -I"C:/C_Workspace/WairForInterupt/Drivers/STM32L4xx_HAL_Driver/Inc/Legacy" -I"C:/C_Workspace/WairForInterupt/Drivers/CMSIS/Device/ST/STM32L4xx/Include" -I"C:/C_Workspace/WairForInterupt/Drivers/CMSIS/Include"  -Og -g3 -Wall -fmessage-length=0 -ffunction-sections -c -fmessage-length=0 -MMD -MP -MF"Drivers/STM32L4xx_HAL_Driver/Src/stm32l4xx_hal_flash_ramfunc.d" -MT"Drivers/STM32L4xx_HAL_Driver/Src/stm32l4xx_hal_flash_ramfunc.o" -o "Drivers/STM32L4xx_HAL_Driver/Src/stm32l4xx_hal_flash_ramfunc.o" "../Drivers/STM32L4xx_HAL_Driver/Src/stm32l4xx_hal_flash_ramfunc.c"
Finished building: ../Drivers/STM32L4xx_HAL_Driver/Src/stm32l4xx_hal_flash_ramfunc.c
 
Building file: ../Drivers/STM32L4xx_HAL_Driver/Src/stm32l4xx_hal_gpio.c
Invoking: MCU GCC Compiler
C:\C_Workspace\WairForInterupt\Debug
arm-none-eabi-gcc -mcpu=cortex-m4 -mthumb -mfloat-abi=hard -mfpu=fpv4-sp-d16 -DUSE_HAL_DRIVER -DSTM32L476xx -I"C:/C_Workspace/WairForInterupt/Inc" -I"C:/C_Workspace/WairForInterupt/Drivers/STM32L4xx_HAL_Driver/Inc" -I"C:/C_Workspace/WairForInterupt/Drivers/STM32L4xx_HAL_Driver/Inc/Legacy" -I"C:/C_Workspace/WairForInterupt/Drivers/CMSIS/Device/ST/STM32L4xx/Include" -I"C:/C_Workspace/WairForInterupt/Drivers/CMSIS/Include"  -Og -g3 -Wall -fmessage-length=0 -ffunction-sections -c -fmessage-length=0 -MMD -MP -MF"Drivers/STM32L4xx_HAL_Driver/Src/stm32l4xx_hal_gpio.d" -MT"Drivers/STM32L4xx_HAL_Driver/Src/stm32l4xx_hal_gpio.o" -o "Drivers/STM32L4xx_HAL_Driver/Src/stm32l4xx_hal_gpio.o" "../Drivers/STM32L4xx_HAL_Driver/Src/stm32l4xx_hal_gpio.c"
Finished building: ../Drivers/STM32L4xx_HAL_Driver/Src/stm32l4xx_hal_gpio.c
 
Building file: ../Drivers/STM32L4xx_HAL_Driver/Src/stm32l4xx_hal_i2c.c
Invoking: MCU GCC Compiler
C:\C_Workspace\WairForInterupt\Debug
arm-none-eabi-gcc -mcpu=cortex-m4 -mthumb -mfloat-abi=hard -mfpu=fpv4-sp-d16 -DUSE_HAL_DRIVER -DSTM32L476xx -I"C:/C_Workspace/WairForInterupt/Inc" -I"C:/C_Workspace/WairForInterupt/Drivers/STM32L4xx_HAL_Driver/Inc" -I"C:/C_Workspace/WairForInterupt/Drivers/STM32L4xx_HAL_Driver/Inc/Legacy" -I"C:/C_Workspace/WairForInterupt/Drivers/CMSIS/Device/ST/STM32L4xx/Include" -I"C:/C_Workspace/WairForInterupt/Drivers/CMSIS/Include"  -Og -g3 -Wall -fmessage-length=0 -ffunction-sections -c -fmessage-length=0 -MMD -MP -MF"Drivers/STM32L4xx_HAL_Driver/Src/stm32l4xx_hal_i2c.d" -MT"Drivers/STM32L4xx_HAL_Driver/Src/stm32l4xx_hal_i2c.o" -o "Drivers/STM32L4xx_HAL_Driver/Src/stm32l4xx_hal_i2c.o" "../Drivers/STM32L4xx_HAL_Driver/Src/stm32l4xx_hal_i2c.c"
Finished building: ../Drivers/STM32L4xx_HAL_Driver/Src/stm32l4xx_hal_i2c.c
 
Building file: ../Drivers/STM32L4xx_HAL_Driver/Src/stm32l4xx_hal_i2c_ex.c
Invoking: MCU GCC Compiler
C:\C_Workspace\WairForInterupt\Debug
arm-none-eabi-gcc -mcpu=cortex-m4 -mthumb -mfloat-abi=hard -mfpu=fpv4-sp-d16 -DUSE_HAL_DRIVER -DSTM32L476xx -I"C:/C_Workspace/WairForInterupt/Inc" -I"C:/C_Workspace/WairForInterupt/Drivers/STM32L4xx_HAL_Driver/Inc" -I"C:/C_Workspace/WairForInterupt/Drivers/STM32L4xx_HAL_Driver/Inc/Legacy" -I"C:/C_Workspace/WairForInterupt/Drivers/CMSIS/Device/ST/STM32L4xx/Include" -I"C:/C_Workspace/WairForInterupt/Drivers/CMSIS/Include"  -Og -g3 -Wall -fmessage-length=0 -ffunction-sections -c -fmessage-length=0 -MMD -MP -MF"Drivers/STM32L4xx_HAL_Driver/Src/stm32l4xx_hal_i2c_ex.d" -MT"Drivers/STM32L4xx_HAL_Driver/Src/stm32l4xx_hal_i2c_ex.o" -o "Drivers/STM32L4xx_HAL_Driver/Src/stm32l4xx_hal_i2c_ex.o" "../Drivers/STM32L4xx_HAL_Driver/Src/stm32l4xx_hal_i2c_ex.c"
Finished building: ../Drivers/STM32L4xx_HAL_Driver/Src/stm32l4xx_hal_i2c_ex.c
 
Building file: ../Drivers/STM32L4xx_HAL_Driver/Src/stm32l4xx_hal_pwr.c
Invoking: MCU GCC Compiler
C:\C_Workspace\WairForInterupt\Debug
arm-none-eabi-gcc -mcpu=cortex-m4 -mthumb -mfloat-abi=hard -mfpu=fpv4-sp-d16 -DUSE_HAL_DRIVER -DSTM32L476xx -I"C:/C_Workspace/WairForInterupt/Inc" -I"C:/C_Workspace/WairForInterupt/Drivers/STM32L4xx_HAL_Driver/Inc" -I"C:/C_Workspace/WairForInterupt/Drivers/STM32L4xx_HAL_Driver/Inc/Legacy" -I"C:/C_Workspace/WairForInterupt/Drivers/CMSIS/Device/ST/STM32L4xx/Include" -I"C:/C_Workspace/WairForInterupt/Drivers/CMSIS/Include"  -Og -g3 -Wall -fmessage-length=0 -ffunction-sections -c -fmessage-length=0 -MMD -MP -MF"Drivers/STM32L4xx_HAL_Driver/Src/stm32l4xx_hal_pwr.d" -MT"Drivers/STM32L4xx_HAL_Driver/Src/stm32l4xx_hal_pwr.o" -o "Drivers/STM32L4xx_HAL_Driver/Src/stm32l4xx_hal_pwr.o" "../Drivers/STM32L4xx_HAL_Driver/Src/stm32l4xx_hal_pwr.c"
Finished building: ../Drivers/STM32L4xx_HAL_Driver/Src/stm32l4xx_hal_pwr.c
 
Building file: ../Drivers/STM32L4xx_HAL_Driver/Src/stm32l4xx_hal_pwr_ex.c
Invoking: MCU GCC Compiler
C:\C_Workspace\WairForInterupt\Debug
arm-none-eabi-gcc -mcpu=cortex-m4 -mthumb -mfloat-abi=hard -mfpu=fpv4-sp-d16 -DUSE_HAL_DRIVER -DSTM32L476xx -I"C:/C_Workspace/WairForInterupt/Inc" -I"C:/C_Workspace/WairForInterupt/Drivers/STM32L4xx_HAL_Driver/Inc" -I"C:/C_Workspace/WairForInterupt/Drivers/STM32L4xx_HAL_Driver/Inc/Legacy" -I"C:/C_Workspace/WairForInterupt/Drivers/CMSIS/Device/ST/STM32L4xx/Include" -I"C:/C_Workspace/WairForInterupt/Drivers/CMSIS/Include"  -Og -g3 -Wall -fmessage-length=0 -ffunction-sections -c -fmessage-length=0 -MMD -MP -MF"Drivers/STM32L4xx_HAL_Driver/Src/stm32l4xx_hal_pwr_ex.d" -MT"Drivers/STM32L4xx_HAL_Driver/Src/stm32l4xx_hal_pwr_ex.o" -o "Drivers/STM32L4xx_HAL_Driver/Src/stm32l4xx_hal_pwr_ex.o" "../Drivers/STM32L4xx_HAL_Driver/Src/stm32l4xx_hal_pwr_ex.c"
Finished building: ../Drivers/STM32L4xx_HAL_Driver/Src/stm32l4xx_hal_pwr_ex.c
 
Building file: ../Drivers/STM32L4xx_HAL_Driver/Src/stm32l4xx_hal_rcc.c
Invoking: MCU GCC Compiler
C:\C_Workspace\WairForInterupt\Debug
arm-none-eabi-gcc -mcpu=cortex-m4 -mthumb -mfloat-abi=hard -mfpu=fpv4-sp-d16 -DUSE_HAL_DRIVER -DSTM32L476xx -I"C:/C_Workspace/WairForInterupt/Inc" -I"C:/C_Workspace/WairForInterupt/Drivers/STM32L4xx_HAL_Driver/Inc" -I"C:/C_Workspace/WairForInterupt/Drivers/STM32L4xx_HAL_Driver/Inc/Legacy" -I"C:/C_Workspace/WairForInterupt/Drivers/CMSIS/Device/ST/STM32L4xx/Include" -I"C:/C_Workspace/WairForInterupt/Drivers/CMSIS/Include"  -Og -g3 -Wall -fmessage-length=0 -ffunction-sections -c -fmessage-length=0 -MMD -MP -MF"Drivers/STM32L4xx_HAL_Driver/Src/stm32l4xx_hal_rcc.d" -MT"Drivers/STM32L4xx_HAL_Driver/Src/stm32l4xx_hal_rcc.o" -o "Drivers/STM32L4xx_HAL_Driver/Src/stm32l4xx_hal_rcc.o" "../Drivers/STM32L4xx_HAL_Driver/Src/stm32l4xx_hal_rcc.c"
Finished building: ../Drivers/STM32L4xx_HAL_Driver/Src/stm32l4xx_hal_rcc.c
 
Building file: ../Drivers/STM32L4xx_HAL_Driver/Src/stm32l4xx_hal_rcc_ex.c
Invoking: MCU GCC Compiler
C:\C_Workspace\WairForInterupt\Debug
arm-none-eabi-gcc -mcpu=cortex-m4 -mthumb -mfloat-abi=hard -mfpu=fpv4-sp-d16 -DUSE_HAL_DRIVER -DSTM32L476xx -I"C:/C_Workspace/WairForInterupt/Inc" -I"C:/C_Workspace/WairForInterupt/Drivers/STM32L4xx_HAL_Driver/Inc" -I"C:/C_Workspace/WairForInterupt/Drivers/STM32L4xx_HAL_Driver/Inc/Legacy" -I"C:/C_Workspace/WairForInterupt/Drivers/CMSIS/Device/ST/STM32L4xx/Include" -I"C:/C_Workspace/WairForInterupt/Drivers/CMSIS/Include"  -Og -g3 -Wall -fmessage-length=0 -ffunction-sections -c -fmessage-length=0 -MMD -MP -MF"Drivers/STM32L4xx_HAL_Driver/Src/stm32l4xx_hal_rcc_ex.d" -MT"Drivers/STM32L4xx_HAL_Driver/Src/stm32l4xx_hal_rcc_ex.o" -o "Drivers/STM32L4xx_HAL_Driver/Src/stm32l4xx_hal_rcc_ex.o" "../Drivers/STM32L4xx_HAL_Driver/Src/stm32l4xx_hal_rcc_ex.c"
Finished building: ../Drivers/STM32L4xx_HAL_Driver/Src/stm32l4xx_hal_rcc_ex.c
 
Building file: ../Drivers/STM32L4xx_HAL_Driver/Src/stm32l4xx_hal_tim.c
Invoking: MCU GCC Compiler
C:\C_Workspace\WairForInterupt\Debug
arm-none-eabi-gcc -mcpu=cortex-m4 -mthumb -mfloat-abi=hard -mfpu=fpv4-sp-d16 -DUSE_HAL_DRIVER -DSTM32L476xx -I"C:/C_Workspace/WairForInterupt/Inc" -I"C:/C_Workspace/WairForInterupt/Drivers/STM32L4xx_HAL_Driver/Inc" -I"C:/C_Workspace/WairForInterupt/Drivers/STM32L4xx_HAL_Driver/Inc/Legacy" -I"C:/C_Workspace/WairForInterupt/Drivers/CMSIS/Device/ST/STM32L4xx/Include" -I"C:/C_Workspace/WairForInterupt/Drivers/CMSIS/Include"  -Og -g3 -Wall -fmessage-length=0 -ffunction-sections -c -fmessage-length=0 -MMD -MP -MF"Drivers/STM32L4xx_HAL_Driver/Src/stm32l4xx_hal_tim.d" -MT"Drivers/STM32L4xx_HAL_Driver/Src/stm32l4xx_hal_tim.o" -o "Drivers/STM32L4xx_HAL_Driver/Src/stm32l4xx_hal_tim.o" "../Drivers/STM32L4xx_HAL_Driver/Src/stm32l4xx_hal_tim.c"
Finished building: ../Drivers/STM32L4xx_HAL_Driver/Src/stm32l4xx_hal_tim.c
 
Building file: ../Drivers/STM32L4xx_HAL_Driver/Src/stm32l4xx_hal_tim_ex.c
Invoking: MCU GCC Compiler
C:\C_Workspace\WairForInterupt\Debug
arm-none-eabi-gcc -mcpu=cortex-m4 -mthumb -mfloat-abi=hard -mfpu=fpv4-sp-d16 -DUSE_HAL_DRIVER -DSTM32L476xx -I"C:/C_Workspace/WairForInterupt/Inc" -I"C:/C_Workspace/WairForInterupt/Drivers/STM32L4xx_HAL_Driver/Inc" -I"C:/C_Workspace/WairForInterupt/Drivers/STM32L4xx_HAL_Driver/Inc/Legacy" -I"C:/C_Workspace/WairForInterupt/Drivers/CMSIS/Device/ST/STM32L4xx/Include" -I"C:/C_Workspace/WairForInterupt/Drivers/CMSIS/Include"  -Og -g3 -Wall -fmessage-length=0 -ffunction-sections -c -fmessage-length=0 -MMD -MP -MF"Drivers/STM32L4xx_HAL_Driver/Src/stm32l4xx_hal_tim_ex.d" -MT"Drivers/STM32L4xx_HAL_Driver/Src/stm32l4xx_hal_tim_ex.o" -o "Drivers/STM32L4xx_HAL_Driver/Src/stm32l4xx_hal_tim_ex.o" "../Drivers/STM32L4xx_HAL_Driver/Src/stm32l4xx_hal_tim_ex.c"
Finished building: ../Drivers/STM32L4xx_HAL_Driver/Src/stm32l4xx_hal_tim_ex.c
 
Building file: ../Drivers/STM32L4xx_HAL_Driver/Src/stm32l4xx_hal_uart.c
Invoking: MCU GCC Compiler
C:\C_Workspace\WairForInterupt\Debug
arm-none-eabi-gcc -mcpu=cortex-m4 -mthumb -mfloat-abi=hard -mfpu=fpv4-sp-d16 -DUSE_HAL_DRIVER -DSTM32L476xx -I"C:/C_Workspace/WairForInterupt/Inc" -I"C:/C_Workspace/WairForInterupt/Drivers/STM32L4xx_HAL_Driver/Inc" -I"C:/C_Workspace/WairForInterupt/Drivers/STM32L4xx_HAL_Driver/Inc/Legacy" -I"C:/C_Workspace/WairForInterupt/Drivers/CMSIS/Device/ST/STM32L4xx/Include" -I"C:/C_Workspace/WairForInterupt/Drivers/CMSIS/Include"  -Og -g3 -Wall -fmessage-length=0 -ffunction-sections -c -fmessage-length=0 -MMD -MP -MF"Drivers/STM32L4xx_HAL_Driver/Src/stm32l4xx_hal_uart.d" -MT"Drivers/STM32L4xx_HAL_Driver/Src/stm32l4xx_hal_uart.o" -o "Drivers/STM32L4xx_HAL_Driver/Src/stm32l4xx_hal_uart.o" "../Drivers/STM32L4xx_HAL_Driver/Src/stm32l4xx_hal_uart.c"
Finished building: ../Drivers/STM32L4xx_HAL_Driver/Src/stm32l4xx_hal_uart.c
 
Building file: ../Drivers/STM32L4xx_HAL_Driver/Src/stm32l4xx_hal_uart_ex.c
Invoking: MCU GCC Compiler
C:\C_Workspace\WairForInterupt\Debug
arm-none-eabi-gcc -mcpu=cortex-m4 -mthumb -mfloat-abi=hard -mfpu=fpv4-sp-d16 -DUSE_HAL_DRIVER -DSTM32L476xx -I"C:/C_Workspace/WairForInterupt/Inc" -I"C:/C_Workspace/WairForInterupt/Drivers/STM32L4xx_HAL_Driver/Inc" -I"C:/C_Workspace/WairForInterupt/Drivers/STM32L4xx_HAL_Driver/Inc/Legacy" -I"C:/C_Workspace/WairForInterupt/Drivers/CMSIS/Device/ST/STM32L4xx/Include" -I"C:/C_Workspace/WairForInterupt/Drivers/CMSIS/Include"  -Og -g3 -Wall -fmessage-length=0 -ffunction-sections -c -fmessage-length=0 -MMD -MP -MF"Drivers/STM32L4xx_HAL_Driver/Src/stm32l4xx_hal_uart_ex.d" -MT"Drivers/STM32L4xx_HAL_Driver/Src/stm32l4xx_hal_uart_ex.o" -o "Drivers/STM32L4xx_HAL_Driver/Src/stm32l4xx_hal_uart_ex.o" "../Drivers/STM32L4xx_HAL_Driver/Src/stm32l4xx_hal_uart_ex.c"
Finished building: ../Drivers/STM32L4xx_HAL_Driver/Src/stm32l4xx_hal_uart_ex.c
 
Building target: WairForInterupt.elf
Invoking: MCU GCC Linker
arm-none-eabi-gcc -mcpu=cortex-m4 -mthumb -mfloat-abi=hard -mfpu=fpv4-sp-d16 -specs=nosys.specs -specs=nano.specs -T"../STM32L476RGTx_FLASH.ld" -Wl,-Map=output.map -Wl,--gc-sections -o "WairForInterupt.elf" @"objects.list"   -lm
Src/main.o: In function `HAL_GPIO_EXTI_Callback':
C:\C_Workspace\WairForInterupt\Debug/../Src/main.c:199: undefined reference to `some_data'
collect2.exe: error: ld returned 1 exit status
makefile:35: recipe for target 'WairForInterupt.elf' failed
make: *** [WairForInterupt.elf] Error 1
19:10:52 **** Incremental Build of configuration Debug for project CAN_LoopBack ****
make all 
make: Nothing to be done for 'all'.
19:10:53 **** Incremental Build of configuration Debug for project CAN_LoopBack_Interupt ****
make all 
make: Nothing to be done for 'all'.
19:10:53 **** Incremental Build of configuration Debug for project CodeTemplate_Tim6Int ****
make all 
make: Nothing to be done for 'all'.
19:10:54 **** Incremental Build of configuration Debug for project HSE_SYSCLK_8Mhz_Run2 ****
make all 
make: Nothing to be done for 'all'.
19:10:54 **** Incremental Build of configuration Debug for project HelloWorldV4 ****
make all 
make: Nothing to be done for 'all'.
19:10:55 **** Incremental Build of configuration Debug for project LowPower_SleepOnExit_Tim6 ****
make all 
make: Nothing to be done for 'all'.
19:10:56 **** Incremental Build of configuration Debug for project PLL_SYSCLK_HSI_Run2 ****
make all 
make: Nothing to be done for 'all'.
19:10:56 **** Incremental Build of configuration Debug for project PWM1_timer_OC ****
make all 
make: Nothing to be done for 'all'.
19:10:57 **** Incremental Build of configuration Debug for project PWM_LED ****
make all 
make: Nothing to be done for 'all'.
19:10:57 **** Incremental Build of configuration Debug for project TimeBase_10ms_Int ****
make all 
make: Nothing to be done for 'all'.
19:10:58 **** Incremental Build of configuration Debug for project Timer_100ms_Run3 ****
make all 
make: Nothing to be done for 'all'.
19:10:58 **** Incremental Build of configuration Debug for project Timer_InputCapture ****
make all 
make: Nothing to be done for 'all'.
19:10:59 **** Incremental Build of configuration Debug for project Timer_InputCapture_HSIClock ****
make all 
make: Nothing to be done for 'all'.
19:11:00 **** Incremental Build of configuration Debug for project Timer_OuputCompare ****
make all 
make: Nothing to be done for 'all'.
19:11:00 **** Incremental Build of configuration Debug for project USART2_Example ****
make all 
make: Nothing to be done for 'all'.
19:11:01 **** Incremental Build of configuration Debug for project USART2_Example2_Interupt ****
make all 
make: Nothing to be done for 'all'.
19:11:02 **** Incremental Build of configuration Debug for project WairForInterupt ****
make all 
Building file: ../Src/data.c
Invoking: MCU GCC Compiler
C:\C_Workspace\WairForInterupt\Debug
arm-none-eabi-gcc -mcpu=cortex-m4 -mthumb -mfloat-abi=hard -mfpu=fpv4-sp-d16 -DUSE_HAL_DRIVER -DSTM32L476xx -I"C:/C_Workspace/WairForInterupt/Inc" -I"C:/C_Workspace/WairForInterupt/Drivers/STM32L4xx_HAL_Driver/Inc" -I"C:/C_Workspace/WairForInterupt/Drivers/STM32L4xx_HAL_Driver/Inc/Legacy" -I"C:/C_Workspace/WairForInterupt/Drivers/CMSIS/Device/ST/STM32L4xx/Include" -I"C:/C_Workspace/WairForInterupt/Drivers/CMSIS/Include"  -Og -g3 -Wall -fmessage-length=0 -ffunction-sections -c -fmessage-length=0 -MMD -MP -MF"Src/data.d" -MT"Src/data.o" -o "Src/data.o" "../Src/data.c"
Finished building: ../Src/data.c
 
Building target: WairForInterupt.elf
Invoking: MCU GCC Linker
arm-none-eabi-gcc -mcpu=cortex-m4 -mthumb -mfloat-abi=hard -mfpu=fpv4-sp-d16 -specs=nosys.specs -specs=nano.specs -T"../STM32L476RGTx_FLASH.ld" -Wl,-Map=output.map -Wl,--gc-sections -o "WairForInterupt.elf" @"objects.list"   -lm
Finished building target: WairForInterupt.elf
 
make --no-print-directory post-build
Generating hex and Printing size information:
arm-none-eabi-objcopy -O ihex "WairForInterupt.elf" "WairForInterupt.hex"
arm-none-eabi-size "WairForInterupt.elf"
   text	   data	    bss	    dec	    hex	filename
  10112	    168	   1824	  12104	   2f48	WairForInterupt.elf
 
19:11:34 **** Programming project WairForInterupt on chip ****
"C:\\Ac6\\SystemWorkbench\\plugins\\fr.ac6.mcu.externaltools.openocd.win32_1.23.0.201904120827\\tools\\openocd\\bin\\openocd.exe" -f stm32.flash.1056419976441311751.cfg -s "C:\\C_Workspace\\WairForInterupt" -s "C:\\Ac6\\SystemWorkbench\\plugins\\fr.ac6.mcu.debug_2.5.0.201904120827\\resources\\openocd\\st_scripts" -c "program Debug/WairForInterupt.elf verify reset " -c shutdown 
Open On-Chip Debugger 0.10.0+dev-00021-g524e8c8 (2019-04-12-08:48)
Licensed under GNU GPL v2
For bug reports, read
	http://openocd.org/doc/doxygen/bugs.html
srst_only separate srst_nogate srst_open_drain connect_assert_srst
Info : The selected transport took over low-level target control. The results might differ compared to plain JTAG/SWD
padded zone erase set to 1
adapter speed: 8000 kHz
adapter_nsrst_delay: 100
Info : clock speed 8000 kHz
Info : STLINK v2.1 JTAG v36 API v2 M26 VID 0x0483 PID 0x374B
Info : using stlink api v2
Info : Target voltage: 3.246689
Info : Unable to match requested speed 8000 kHz, using 4000 kHz
Info : Stlink adapter speed set to 4000 kHz
Info : STM32L476RGTx.cpu: hardware has 6 breakpoints, 4 watchpoints
Info : Listening on port 3333 for gdb connections
target halted due to debug-request, current mode: Thread 
xPSR: 0x01000000 pc: 0x08002168 msp: 0x20018000
Info : Unable to match requested speed 8000 kHz, using 4000 kHz
Info : Stlink adapter speed set to 4000 kHz
Info : Unable to match requested speed 8000 kHz, using 4000 kHz
adapter speed: 4000 kHz
** Programming Started **
auto erase enabled
Info : Device id = 0x10076415
Info : STM32L4xx flash size is 1024kb, base address is 0x8000000
Info : Erase the padded zone before the write
Error: Whole bank access must start at beginning of bank.
target halted due to breakpoint, current mode: Thread 
xPSR: 0x61000000 pc: 0x20000050 msp: 0x20018000
wrote 12288 bytes from file Debug/WairForInterupt.elf in 0.453933s (26.436 KiB/s)
** Programming Finished **
** Verify Started **
target halted due to breakpoint, current mode: Thread 
xPSR: 0x61000000 pc: 0x2000002e msp: 0x20018000
target halted due to breakpoint, current mode: Thread 
xPSR: 0x61000000 pc: 0x2000002e msp: 0x20018000
verified 10288 bytes in 0.383184s (26.219 KiB/s)
** Verified OK **
** Resetting Target **
shutdown command invoked
