13:08:03 **** Incremental Build of configuration Debug for project PWM1_timer_OC ****
make all 
Building file: ../Src/msp.c
Invoking: MCU GCC Compiler
C:\C_Workspace\PWM1_timer_OC\Debug
arm-none-eabi-gcc -mcpu=cortex-m4 -mthumb -mfloat-abi=hard -mfpu=fpv4-sp-d16 -DUSE_HAL_DRIVER -DSTM32L476xx -I"C:/C_Workspace/PWM1_timer_OC/Inc" -I"C:/C_Workspace/PWM1_timer_OC/Drivers/STM32L4xx_HAL_Driver/Inc" -I"C:/C_Workspace/PWM1_timer_OC/Drivers/STM32L4xx_HAL_Driver/Inc/Legacy" -I"C:/C_Workspace/PWM1_timer_OC/Drivers/CMSIS/Device/ST/STM32L4xx/Include" -I"C:/C_Workspace/PWM1_timer_OC/Drivers/CMSIS/Include"  -Og -g3 -Wall -fmessage-length=0 -ffunction-sections -c -fmessage-length=0 -MMD -MP -MF"Src/msp.d" -MT"Src/msp.o" -o "Src/msp.o" "../Src/msp.c"
Finished building: ../Src/msp.c
 
Building target: PWM1_timer_OC.elf
Invoking: MCU GCC Linker
arm-none-eabi-gcc -mcpu=cortex-m4 -mthumb -mfloat-abi=hard -mfpu=fpv4-sp-d16 -specs=nosys.specs -specs=nano.specs -T"../STM32L476RGTx_FLASH.ld" -Wl,-Map=output.map -Wl,--gc-sections -o "PWM1_timer_OC.elf" @"objects.list"   -lm
Finished building target: PWM1_timer_OC.elf
 
make --no-print-directory post-build
Generating hex and Printing size information:
arm-none-eabi-objcopy -O ihex "PWM1_timer_OC.elf" "PWM1_timer_OC.hex"
arm-none-eabi-size "PWM1_timer_OC.elf"
   text	   data	    bss	    dec	    hex	filename
   9264	     32	   1760	  11056	   2b30	PWM1_timer_OC.elf
 

13:08:05 Build Finished (took 1s.993ms)

