11:17:57 **** Incremental Build of configuration Debug for project WairForEvent ****
make all 
Building file: ../Src/main.c
Invoking: MCU GCC Compiler
C:\C_Workspace\WairForEvent\Debug
arm-none-eabi-gcc -mcpu=cortex-m4 -mthumb -mfloat-abi=hard -mfpu=fpv4-sp-d16 -DUSE_HAL_DRIVER -DSTM32L476xx -I"C:/C_Workspace/WairForEvent/Inc" -I"C:/C_Workspace/WairForEvent/Drivers/STM32L4xx_HAL_Driver/Inc" -I"C:/C_Workspace/WairForEvent/Drivers/STM32L4xx_HAL_Driver/Inc/Legacy" -I"C:/C_Workspace/WairForEvent/Drivers/CMSIS/Device/ST/STM32L4xx/Include" -I"C:/C_Workspace/WairForEvent/Drivers/CMSIS/Include"  -Og -g3 -Wall -fmessage-length=0 -ffunction-sections -c -fmessage-length=0 -MMD -MP -MF"Src/main.d" -MT"Src/main.o" -o "Src/main.o" "../Src/main.c"
../Src/main.c: In function 'main':
../Src/main.c:45:2: warning: implicit declaration of function 'GPIO_AnalogConfig' [-Wimplicit-function-declaration]
  GPIO_AnalogConfig();
  ^~~~~~~~~~~~~~~~~
../Src/main.c: In function 'GPIO_Init':
../Src/main.c:169:19: warning: unused variable 'ledgpio' [-Wunused-variable]
  GPIO_InitTypeDef ledgpio , buttongpio;
                   ^~~~~~~
../Src/main.c: At top level:
../Src/main.c:201:6: warning: conflicting types for 'GPIO_AnalogConfig'
 void GPIO_AnalogConfig(void)
      ^~~~~~~~~~~~~~~~~
../Src/main.c:45:2: note: previous implicit declaration of 'GPIO_AnalogConfig' was here
  GPIO_AnalogConfig();
  ^~~~~~~~~~~~~~~~~
Finished building: ../Src/main.c
 
Building target: WairForEvent.elf
Invoking: MCU GCC Linker
arm-none-eabi-gcc -mcpu=cortex-m4 -mthumb -mfloat-abi=hard -mfpu=fpv4-sp-d16 -specs=nosys.specs -specs=nano.specs -T"../STM32L476RGTx_FLASH.ld" -Wl,-Map=output.map -Wl,--gc-sections -o "WairForEvent.elf" @"objects.list"   -lm
Finished building target: WairForEvent.elf
 
make --no-print-directory post-build
Generating hex and Printing size information:
arm-none-eabi-objcopy -O ihex "WairForEvent.elf" "WairForEvent.hex"
arm-none-eabi-size "WairForEvent.elf"
   text	   data	    bss	    dec	    hex	filename
  10288	    168	   1824	  12280	   2ff8	WairForEvent.elf
 

11:17:59 Build Finished (took 2s.104ms)

